date=2026-05-12T16:11:19-04:00
hostname=cn-c006.server.mila.quebec
git_commit=b5ea99e
Tue May 12 16:11:19 2026       
+-----------------------------------------------------------------------------------------+
| NVIDIA-SMI 580.95.05              Driver Version: 580.95.05      CUDA Version: 13.0     |
+-----------------------------------------+------------------------+----------------------+
| GPU  Name                 Persistence-M | Bus-Id          Disp.A | Volatile Uncorr. ECC |
| Fan  Temp   Perf          Pwr:Usage/Cap |           Memory-Usage | GPU-Util  Compute M. |
|                                         |                        |               MIG M. |
|=========================================+========================+======================|
|   0  Quadro RTX 8000                On  |   00000000:C3:00.0 Off |                    0 |
| 33%   25C    P8             30W /  260W |       1MiB /  46080MiB |      0%      Default |
|                                         |                        |                  N/A |
+-----------------------------------------+------------------------+----------------------+

+-----------------------------------------------------------------------------------------+
| Processes:                                                                              |
|  GPU   GI   CI              PID   Type   Process name                        GPU Memory |
|        ID   ID                                                               Usage      |
|=========================================================================================|
|  No running processes found                                                             |
+-----------------------------------------------------------------------------------------+
Skipping dataset generation; using DATASET_PATH=runs/spatialized_reaction_diffusion/cal_square_4_seed0_grid32_smoke/dataset.pt
{
  "dataset": "runs/spatialized_reaction_diffusion/cal_square_4_seed0_grid32_smoke/dataset.pt",
  "run_dir": "runs/spatialized_reaction_diffusion/tuning_alpha0p01_sp1em4_seed0/lista",
  "device": "cuda",
  "train_shape": [
    48,
    25,
    2048
  ],
  "val_shape": [
    12,
    25,
    2048
  ],
  "observation_size": 2048,
  "target_size": 512,
  "num_steps": 1000,
  "sequence_length": 4,
  "label_policy": "No basin labels, basin counts, or selected center indices are used by training."
}
Initialized LISTA encoder with computed Lipschitz constant L=1.0500
step=0 loss=0.494259 align=0.0421912 recon=0.300943 sparsity=0.5277 sr=1.0000
step=50 loss=0.466789 align=0.0133668 recon=0.302135 sparsity=0.8196 sr=1.0018
step=100 loss=0.457623 align=0.00920454 recon=0.29886 sparsity=0.9146 sr=1.0020
eval step=100 val_mse=1.32769 val_final_mse=1.45545 best_val_mse=1.32769
step=150 loss=0.447077 align=0.00384703 recon=0.295275 sparsity=0.9155 sr=1.0018
step=200 loss=0.436748 align=0.00755262 recon=0.285707 sparsity=0.9047 sr=1.0020
eval step=200 val_mse=1.12409 val_final_mse=1.24458 best_val_mse=1.12409
step=250 loss=0.365677 align=0.0123045 recon=0.234449 sparsity=0.8873 sr=1.0021
step=300 loss=0.370781 align=0.014934 recon=0.236074 sparsity=0.8983 sr=1.0029
eval step=300 val_mse=0.901192 val_final_mse=1.01359 best_val_mse=0.901192
step=350 loss=0.357474 align=0.00962796 recon=0.230752 sparsity=0.8943 sr=1.0037
step=400 loss=0.371227 align=0.019061 recon=0.233701 sparsity=0.8871 sr=1.0040
eval step=400 val_mse=0.898006 val_final_mse=1.0106 best_val_mse=0.898006
step=450 loss=0.383837 align=0.00688019 recon=0.250341 sparsity=0.8981 sr=1.0044
step=500 loss=0.33742 align=0.00868758 recon=0.217915 sparsity=0.8888 sr=1.0049
eval step=500 val_mse=0.901182 val_final_mse=1.01291 best_val_mse=0.898006
step=550 loss=0.354745 align=0.00602638 recon=0.231363 sparsity=0.8886 sr=1.0051
step=600 loss=0.363082 align=0.00534158 recon=0.237424 sparsity=0.8918 sr=1.0054
eval step=600 val_mse=0.895733 val_final_mse=1.00829 best_val_mse=0.895733
step=650 loss=0.354784 align=0.00978706 recon=0.228857 sparsity=0.8945 sr=1.0060
step=700 loss=0.373813 align=0.00731841 recon=0.24335 sparsity=0.8987 sr=1.0064
eval step=700 val_mse=0.893581 val_final_mse=1.00531 best_val_mse=0.893581
step=750 loss=0.375799 align=0.00746162 recon=0.244564 sparsity=0.8859 sr=1.0066
step=800 loss=0.333946 align=0.00602139 recon=0.21732 sparsity=0.8778 sr=1.0069
eval step=800 val_mse=0.893765 val_final_mse=1.00578 best_val_mse=0.893581
step=850 loss=0.351056 align=0.0112174 recon=0.225312 sparsity=0.8918 sr=1.0073
step=900 loss=0.306411 align=0.0172651 recon=0.191117 sparsity=0.8726 sr=1.0078
eval step=900 val_mse=0.891257 val_final_mse=1.00244 best_val_mse=0.891257
step=950 loss=0.313738 align=0.00711434 recon=0.202935 sparsity=0.8774 sr=1.0086
eval step=999 val_mse=0.895858 val_final_mse=1.00793 best_val_mse=0.891257
{
  "status": "completed",
  "best_val_mse": 0.8912574450174967,
  "last_metrics": {
    "loss": 0.2986032962799072,
    "alignment_loss": 0.008950144983828068,
    "residual_loss": 0.008950144983828068,
    "reconst_loss_raw": 8.664058685302734,
    "reconst_loss": 0.19145046174526215,
    "prediction_loss_raw": 8.664590835571289,
    "prediction_loss": 0.1914622187614441,
    "sparsity_loss": 24.656829833984375,
    "sequence_term_scale": 0.25,
    "obs_loss_dim_scale": 45.25483322143555,
    "obs_loss_dim_normalization": "sqrt_dim",
    "A_max_eigenvalue": 1.0087707042694092,
    "spectral_radius": 1.0087707042694092,
    "sparsity_ratio": 0.877777099609375
  },
  "checkpoint": "runs/spatialized_reaction_diffusion/tuning_alpha0p01_sp1em4_seed0/lista/checkpoint.pt",
  "last_checkpoint": "runs/spatialized_reaction_diffusion/tuning_alpha0p01_sp1em4_seed0/lista/last.pt"
}
Initialized LISTA encoder with computed Lipschitz constant L=1.0500
{
  "checkpoint": "runs/spatialized_reaction_diffusion/tuning_alpha0p01_sp1em4_seed0/lista/checkpoint.pt",
  "checkpoint_step": 900,
  "dataset": "runs/spatialized_reaction_diffusion/cal_square_4_seed0_grid32_smoke/dataset.pt",
  "device": "cuda",
  "diffusion": 0.01,
  "forecast": {
    "1": {
      "effective_horizon": 1,
      "field_mse": 0.7478410402933756,
      "final_basin_consistency": 0.9166666865348816,
      "final_field_mse": 0.7478410402933756,
      "gradient_mse": 0.11095273494720459,
      "predicted_final_majority_fraction_mean": 0.7696940302848816
    },
    "12": {
      "effective_horizon": 12,
      "field_mse": 1.0410069359673395,
      "final_basin_consistency": 0.9166666865348816,
      "final_field_mse": 1.1431665420532227,
      "gradient_mse": 0.2891516023212009,
      "predicted_final_majority_fraction_mean": 0.768798828125
    },
    "4": {
      "effective_horizon": 4,
      "field_mse": 0.8996864159901937,
      "final_basin_consistency": 0.9166666865348816,
      "final_field_mse": 1.0184810161590576,
      "gradient_mse": 0.17753905057907104,
      "predicted_final_majority_fraction_mean": 0.76953125
    },
    "8": {
      "effective_horizon": 8,
      "field_mse": 0.9943121274312338,
      "final_basin_consistency": 0.9166666865348816,
      "final_field_mse": 1.1143748760223389,
      "gradient_mse": 0.24668494860331217,
      "predicted_final_majority_fraction_mean": 0.7691243290901184
    }
  },
  "grid_size": 32,
  "label_policy": "No basin labels, basin counts, or selected center indices are used by training.",
  "model": {
    "config_env_name": "spatialized_reaction_diffusion:cal_square_4",
    "lista_num_loops": 2,
    "model_name": "LISTAKM",
    "target_size": 512
  },
  "source_system": "cal_square_4",
  "status": "completed",
  "stored_dt": 0.1,
  "support_family_alignment": {
    "all_test": {
      "ari": 0.0,
      "h_basin_given_family": 0.0,
      "h_family_given_basin": 1.3862943611198906,
      "mean_state_to_rep_jaccard": 0.8133234923395057,
      "nmi": 0.6131471927654583,
      "num_test_families": 12,
      "num_test_trajectories": 12,
      "purity": 1.0
    },
    "deep_test": {
      "ari": NaN,
      "h_basin_given_family": NaN,
      "h_family_given_basin": NaN,
      "mean_state_to_rep_jaccard": NaN,
      "nmi": NaN,
      "num_test_families": 0,
      "num_test_trajectories": 0,
      "purity": NaN
    },
    "deep_threshold": 0.9,
    "support_threshold": 0.0001,
    "validation_representative_count": 88,
    "validation_representative_count_cap": 256,
    "validation_representative_top_counts": [
      9,
      1,
      5,
      3,
      2,
      10,
      2,
      2,
      9,
      1
    ],
    "validation_state_count": 300,
    "validation_unique_supports_before_cap": 88
  }
}
dataset=runs/spatialized_reaction_diffusion/cal_square_4_seed0_grid32_smoke/dataset.pt
run_dir=runs/spatialized_reaction_diffusion/tuning_alpha0p01_sp1em4_seed0/lista
evaluation=runs/spatialized_reaction_diffusion/tuning_alpha0p01_sp1em4_seed0/evaluation.json
date=2026-05-12T16:12:26-04:00

======== GPU REPORT ========

==============NVSMI LOG==============

Timestamp                                 : Tue May 12 16:12:26 2026
Driver Version                            : 580.95.05
CUDA Version                              : 13.0

Attached GPUs                             : 1
GPU 00000000:C3:00.0
    Accounting Mode                       : Enabled
    Accounting Mode Buffer Size           : 4000
    Accounted Processes
        Process ID                        : 2333786
            GPU Utilization               : 3 %
            Memory Utilization            : 1 %
            Max memory usage              : 306 MiB
            Time                          : 58148 ms
            Is Running                    : 0
        Process ID                        : 2333899
            GPU Utilization               : 0 %
            Memory Utilization            : 0 %
            Max memory usage              : 248 MiB
            Time                          : 2410 ms
            Is Running                    : 0

Tue May 12 16:12:26 2026       
+-----------------------------------------------------------------------------------------+
| NVIDIA-SMI 580.95.05              Driver Version: 580.95.05      CUDA Version: 13.0     |
+-----------------------------------------+------------------------+----------------------+
| GPU  Name                 Persistence-M | Bus-Id          Disp.A | Volatile Uncorr. ECC |
| Fan  Temp   Perf          Pwr:Usage/Cap |           Memory-Usage | GPU-Util  Compute M. |
|                                         |                        |               MIG M. |
|=========================================+========================+======================|
|   0  Quadro RTX 8000                On  |   00000000:C3:00.0 Off |                    0 |
| 33%   33C    P2             71W /  260W |       1MiB /  46080MiB |      0%      Default |
|                                         |                        |                  N/A |
+-----------------------------------------+------------------------+----------------------+

+-----------------------------------------------------------------------------------------+
| Processes:                                                                              |
|  GPU   GI   CI              PID   Type   Process name                        GPU Memory |
|        ID   ID                                                               Usage      |
|=========================================================================================|
|  No running processes found                                                             |
+-----------------------------------------------------------------------------------------+
