date=2026-05-12T16:11:19-04:00
hostname=cn-b003.server.mila.quebec
git_commit=b5ea99e
Tue May 12 16:11:19 2026       
+-----------------------------------------------------------------------------------------+
| NVIDIA-SMI 580.95.05              Driver Version: 580.95.05      CUDA Version: 13.0     |
+-----------------------------------------+------------------------+----------------------+
| GPU  Name                 Persistence-M | Bus-Id          Disp.A | Volatile Uncorr. ECC |
| Fan  Temp   Perf          Pwr:Usage/Cap |           Memory-Usage | GPU-Util  Compute M. |
|                                         |                        |               MIG M. |
|=========================================+========================+======================|
|   0  Tesla V100-SXM2-32GB           On  |   00000000:15:00.0 Off |                    0 |
| N/A   28C    P0             41W /  300W |       0MiB /  32768MiB |      0%      Default |
|                                         |                        |                  N/A |
+-----------------------------------------+------------------------+----------------------+

+-----------------------------------------------------------------------------------------+
| Processes:                                                                              |
|  GPU   GI   CI              PID   Type   Process name                        GPU Memory |
|        ID   ID                                                               Usage      |
|=========================================================================================|
|  No running processes found                                                             |
+-----------------------------------------------------------------------------------------+
Skipping dataset generation; using DATASET_PATH=runs/spatialized_reaction_diffusion/cal_square_4_seed0_grid32_smoke/dataset.pt
{
  "dataset": "runs/spatialized_reaction_diffusion/cal_square_4_seed0_grid32_smoke/dataset.pt",
  "run_dir": "runs/spatialized_reaction_diffusion/tuning_alpha0p001_sp0_seed0/lista",
  "device": "cuda",
  "train_shape": [
    48,
    25,
    2048
  ],
  "val_shape": [
    12,
    25,
    2048
  ],
  "observation_size": 2048,
  "target_size": 512,
  "num_steps": 1000,
  "sequence_length": 4,
  "label_policy": "No basin labels, basin counts, or selected center indices are used by training."
}
Initialized LISTA encoder with computed Lipschitz constant L=1.0500
step=0 loss=0.494666 align=0.0432089 recon=0.300979 sparsity=0.5024 sr=1.0000
step=50 loss=0.467975 align=0.01517 recon=0.301858 sparsity=0.7924 sr=1.0022
step=100 loss=0.457237 align=0.0117619 recon=0.296961 sparsity=0.8636 sr=1.0020
eval step=100 val_mse=1.31866 val_final_mse=1.4464 best_val_mse=1.31866
step=150 loss=0.41056 align=0.00876992 recon=0.267825 sparsity=0.8253 sr=1.0022
step=200 loss=0.416597 align=0.0121397 recon=0.269588 sparsity=0.8119 sr=1.0023
eval step=200 val_mse=0.949107 val_final_mse=1.06848 best_val_mse=0.949107
step=250 loss=0.351559 align=0.0136385 recon=0.225268 sparsity=0.8075 sr=1.0028
step=300 loss=0.365744 align=0.0166125 recon=0.232797 sparsity=0.8259 sr=1.0027
eval step=300 val_mse=0.903055 val_final_mse=1.01702 best_val_mse=0.903055
step=350 loss=0.353871 align=0.011846 recon=0.228028 sparsity=0.8190 sr=1.0029
step=400 loss=0.360943 align=0.0187225 recon=0.228127 sparsity=0.8200 sr=1.0031
eval step=400 val_mse=0.904729 val_final_mse=1.01859 best_val_mse=0.903055
step=450 loss=0.374661 align=0.00877064 recon=0.24393 sparsity=0.8300 sr=1.0034
step=500 loss=0.328761 align=0.0121449 recon=0.211048 sparsity=0.8033 sr=1.0036
eval step=500 val_mse=0.903979 val_final_mse=1.01693 best_val_mse=0.903055
step=550 loss=0.340155 align=0.00771453 recon=0.221631 sparsity=0.8005 sr=1.0035
step=600 loss=0.345788 align=0.00818624 recon=0.225074 sparsity=0.8074 sr=1.0037
eval step=600 val_mse=0.891818 val_final_mse=1.00515 best_val_mse=0.891818
step=650 loss=0.319299 align=0.012309 recon=0.20467 sparsity=0.8023 sr=1.0053
step=700 loss=0.339992 align=0.00994645 recon=0.220038 sparsity=0.8086 sr=1.0063
eval step=700 val_mse=0.884205 val_final_mse=0.99705 best_val_mse=0.884205
step=750 loss=0.340773 align=0.00844015 recon=0.221558 sparsity=0.7981 sr=1.0069
step=800 loss=0.300248 align=0.00925494 recon=0.194004 sparsity=0.7859 sr=1.0075
eval step=800 val_mse=0.889963 val_final_mse=1.0022 best_val_mse=0.884205
step=850 loss=0.314791 align=0.018773 recon=0.197313 sparsity=0.8046 sr=1.0075
step=900 loss=0.261995 align=0.0322208 recon=0.153095 sparsity=0.7789 sr=1.0083
eval step=900 val_mse=0.889152 val_final_mse=1.00119 best_val_mse=0.884205
step=950 loss=0.254387 align=0.0113705 recon=0.162019 sparsity=0.8045 sr=1.0089
eval step=999 val_mse=0.894094 val_final_mse=1.00566 best_val_mse=0.884205
{
  "status": "completed",
  "best_val_mse": 0.8842047055562338,
  "last_metrics": {
    "loss": 0.2025008350610733,
    "alignment_loss": 0.01427024882286787,
    "residual_loss": 0.01427024882286787,
    "reconst_loss_raw": 5.678772926330566,
    "reconst_loss": 0.12548434734344482,
    "prediction_loss_raw": 5.678956985473633,
    "prediction_loss": 0.12548841536045074,
    "sparsity_loss": 42.64600372314453,
    "sequence_term_scale": 0.25,
    "obs_loss_dim_scale": 45.25483322143555,
    "obs_loss_dim_normalization": "sqrt_dim",
    "A_max_eigenvalue": 1.0087634325027466,
    "spectral_radius": 1.0087634325027466,
    "sparsity_ratio": 0.775146484375
  },
  "checkpoint": "runs/spatialized_reaction_diffusion/tuning_alpha0p001_sp0_seed0/lista/checkpoint.pt",
  "last_checkpoint": "runs/spatialized_reaction_diffusion/tuning_alpha0p001_sp0_seed0/lista/last.pt"
}
Initialized LISTA encoder with computed Lipschitz constant L=1.0500
{
  "checkpoint": "runs/spatialized_reaction_diffusion/tuning_alpha0p001_sp0_seed0/lista/checkpoint.pt",
  "checkpoint_step": 700,
  "dataset": "runs/spatialized_reaction_diffusion/cal_square_4_seed0_grid32_smoke/dataset.pt",
  "device": "cuda",
  "diffusion": 0.01,
  "forecast": {
    "1": {
      "effective_horizon": 1,
      "field_mse": 0.7400687535603842,
      "final_basin_consistency": 0.9166666865348816,
      "final_field_mse": 0.7400687535603842,
      "gradient_mse": 0.11010224123795827,
      "predicted_final_majority_fraction_mean": 0.774169921875
    },
    "12": {
      "effective_horizon": 12,
      "field_mse": 1.0316443973117404,
      "final_basin_consistency": 0.9166666865348816,
      "final_field_mse": 1.1327760219573975,
      "gradient_mse": 0.288627995385064,
      "predicted_final_majority_fraction_mean": 0.7724609375
    },
    "4": {
      "effective_horizon": 4,
      "field_mse": 0.8914448420206705,
      "final_basin_consistency": 0.9166666865348816,
      "final_field_mse": 1.0096583366394043,
      "gradient_mse": 0.17680636048316956,
      "predicted_final_majority_fraction_mean": 0.7738444209098816
    },
    "8": {
      "effective_horizon": 8,
      "field_mse": 0.9853897094726562,
      "final_basin_consistency": 0.9166666865348816,
      "final_field_mse": 1.104461669921875,
      "gradient_mse": 0.24604904651641846,
      "predicted_final_majority_fraction_mean": 0.7734375
    }
  },
  "grid_size": 32,
  "label_policy": "No basin labels, basin counts, or selected center indices are used by training.",
  "model": {
    "config_env_name": "spatialized_reaction_diffusion:cal_square_4",
    "lista_num_loops": 2,
    "model_name": "LISTAKM",
    "target_size": 512
  },
  "source_system": "cal_square_4",
  "status": "completed",
  "stored_dt": 0.1,
  "support_family_alignment": {
    "all_test": {
      "ari": 0.0,
      "h_basin_given_family": 0.0,
      "h_family_given_basin": 1.3862943611198906,
      "mean_state_to_rep_jaccard": 0.8115959153525184,
      "nmi": 0.6131471927654583,
      "num_test_families": 12,
      "num_test_trajectories": 12,
      "purity": 1.0
    },
    "deep_test": {
      "ari": NaN,
      "h_basin_given_family": NaN,
      "h_family_given_basin": NaN,
      "mean_state_to_rep_jaccard": NaN,
      "nmi": NaN,
      "num_test_families": 0,
      "num_test_trajectories": 0,
      "purity": NaN
    },
    "deep_threshold": 0.9,
    "support_threshold": 0.0001,
    "validation_representative_count": 116,
    "validation_representative_count_cap": 256,
    "validation_representative_top_counts": [
      1,
      1,
      1,
      2,
      3,
      4,
      1,
      4,
      3,
      1
    ],
    "validation_state_count": 300,
    "validation_unique_supports_before_cap": 116
  }
}
dataset=runs/spatialized_reaction_diffusion/cal_square_4_seed0_grid32_smoke/dataset.pt
run_dir=runs/spatialized_reaction_diffusion/tuning_alpha0p001_sp0_seed0/lista
evaluation=runs/spatialized_reaction_diffusion/tuning_alpha0p001_sp0_seed0/evaluation.json
date=2026-05-12T16:12:48-04:00

======== GPU REPORT ========

==============NVSMI LOG==============

Timestamp                                 : Tue May 12 16:12:48 2026
Driver Version                            : 580.95.05
CUDA Version                              : 13.0

Attached GPUs                             : 1
GPU 00000000:15:00.0
    Accounting Mode                       : Enabled
    Accounting Mode Buffer Size           : 4000
    Accounted Processes
        Process ID                        : 1433114
            GPU Utilization               : 3 %
            Memory Utilization            : 0 %
            Max memory usage              : 484 MiB
            Time                          : 65345 ms
            Is Running                    : 0
        Process ID                        : 1433226
            GPU Utilization               : 1 %
            Memory Utilization            : 0 %
            Max memory usage              : 424 MiB
            Time                          : 2047 ms
            Is Running                    : 0

Tue May 12 16:12:48 2026       
+-----------------------------------------------------------------------------------------+
| NVIDIA-SMI 580.95.05              Driver Version: 580.95.05      CUDA Version: 13.0     |
+-----------------------------------------+------------------------+----------------------+
| GPU  Name                 Persistence-M | Bus-Id          Disp.A | Volatile Uncorr. ECC |
| Fan  Temp   Perf          Pwr:Usage/Cap |           Memory-Usage | GPU-Util  Compute M. |
|                                         |                        |               MIG M. |
|=========================================+========================+======================|
|   0  Tesla V100-SXM2-32GB           On  |   00000000:15:00.0 Off |                    0 |
| N/A   29C    P0             56W /  300W |       0MiB /  32768MiB |      8%      Default |
|                                         |                        |                  N/A |
+-----------------------------------------+------------------------+----------------------+

+-----------------------------------------------------------------------------------------+
| Processes:                                                                              |
|  GPU   GI   CI              PID   Type   Process name                        GPU Memory |
|        ID   ID                                                               Usage      |
|=========================================================================================|
|  No running processes found                                                             |
+-----------------------------------------------------------------------------------------+
