date=2026-05-12T15:47:17-04:00
hostname=cn-c006.server.mila.quebec
git_commit=b5ea99e
Tue May 12 15:47:17 2026       
+-----------------------------------------------------------------------------------------+
| NVIDIA-SMI 580.95.05              Driver Version: 580.95.05      CUDA Version: 13.0     |
+-----------------------------------------+------------------------+----------------------+
| GPU  Name                 Persistence-M | Bus-Id          Disp.A | Volatile Uncorr. ECC |
| Fan  Temp   Perf          Pwr:Usage/Cap |           Memory-Usage | GPU-Util  Compute M. |
|                                         |                        |               MIG M. |
|=========================================+========================+======================|
|   0  Quadro RTX 8000                On  |   00000000:C3:00.0 Off |                    0 |
| 34%   27C    P8             30W /  260W |       1MiB /  46080MiB |      0%      Default |
|                                         |                        |                  N/A |
+-----------------------------------------+------------------------+----------------------+

+-----------------------------------------------------------------------------------------+
| Processes:                                                                              |
|  GPU   GI   CI              PID   Type   Process name                        GPU Memory |
|        ID   ID                                                               Usage      |
|=========================================================================================|
|  No running processes found                                                             |
+-----------------------------------------------------------------------------------------+
{
  "output": "runs/spatialized_reaction_diffusion/cal_square_4_seed0_grid32_smoke/dataset.pt",
  "fields_shape": [
    72,
    25,
    32,
    32,
    2
  ],
  "source_system": "cal_square_4",
  "stored_dt": 0.1,
  "split_counts": {
    "train": 48,
    "val": 12,
    "test": 12
  },
  "global_basin_label_counts": {
    "0": 14,
    "1": 18,
    "2": 19,
    "3": 21
  },
  "majority_fraction_mean": 0.5020209550857544,
  "majority_fraction_min": 0.3779296875,
  "label_policy": "No basin labels, basin counts, or selected center indices are used by training."
}
{
  "dataset": "runs/spatialized_reaction_diffusion/cal_square_4_seed0_grid32_smoke/dataset.pt",
  "run_dir": "runs/spatialized_reaction_diffusion/cal_square_4_seed0_grid32_smoke/lista",
  "device": "cuda",
  "train_shape": [
    48,
    25,
    2048
  ],
  "val_shape": [
    12,
    25,
    2048
  ],
  "observation_size": 2048,
  "target_size": 512,
  "num_steps": 500,
  "sequence_length": 4,
  "label_policy": "No basin labels, basin counts, or selected center indices are used by training."
}
Initialized LISTA encoder with computed Lipschitz constant L=1.0500
step=0 loss=0.508877 align=0.0317358 recon=0.300704 sparsity=0.7552 sr=1.0000
step=50 loss=0.463234 align=0.00707983 recon=0.303155 sparsity=0.9589 sr=1.0011
step=100 loss=0.450714 align=0 recon=0.300476 sparsity=1.0000 sr=1.0011

======== GPU REPORT ========

==============NVSMI LOG==============

Timestamp                                 : Tue May 12 15:48:17 2026
Driver Version                            : 580.95.05
CUDA Version                              : 13.0

Attached GPUs                             : 1
GPU 00000000:C3:00.0
    Accounting Mode                       : Enabled
    Accounting Mode Buffer Size           : 4000
    Accounted Processes
        Process ID                        : 2331018
            GPU Utilization               : 1 %
            Memory Utilization            : 0 %
            Max memory usage              : 306 MiB
            Time                          : 11445 ms
            Is Running                    : 0

Tue May 12 15:48:17 2026       
+-----------------------------------------------------------------------------------------+
| NVIDIA-SMI 580.95.05              Driver Version: 580.95.05      CUDA Version: 13.0     |
+-----------------------------------------+------------------------+----------------------+
| GPU  Name                 Persistence-M | Bus-Id          Disp.A | Volatile Uncorr. ECC |
| Fan  Temp   Perf          Pwr:Usage/Cap |           Memory-Usage | GPU-Util  Compute M. |
|                                         |                        |               MIG M. |
|=========================================+========================+======================|
|   0  Quadro RTX 8000                On  |   00000000:C3:00.0 Off |                    0 |
| 33%   31C    P2             72W /  260W |       1MiB /  46080MiB |      4%      Default |
|                                         |                        |                  N/A |
+-----------------------------------------+------------------------+----------------------+

+-----------------------------------------------------------------------------------------+
| Processes:                                                                              |
|  GPU   GI   CI              PID   Type   Process name                        GPU Memory |
|        ID   ID                                                               Usage      |
|=========================================================================================|
|  No running processes found                                                             |
+-----------------------------------------------------------------------------------------+
