date=2026-05-12T15:53:18-04:00
hostname=cn-a002.server.mila.quebec
git_commit=b5ea99e
Tue May 12 15:53:18 2026       
+-----------------------------------------------------------------------------------------+
| NVIDIA-SMI 580.95.05              Driver Version: 580.95.05      CUDA Version: 13.0     |
+-----------------------------------------+------------------------+----------------------+
| GPU  Name                 Persistence-M | Bus-Id          Disp.A | Volatile Uncorr. ECC |
| Fan  Temp   Perf          Pwr:Usage/Cap |           Memory-Usage | GPU-Util  Compute M. |
|                                         |                        |               MIG M. |
|=========================================+========================+======================|
|   0  Quadro RTX 8000                On  |   00000000:3A:00.0 Off |                    0 |
| 33%   27C    P8             21W /  260W |       1MiB /  46080MiB |      0%      Default |
|                                         |                        |                  N/A |
+-----------------------------------------+------------------------+----------------------+

+-----------------------------------------------------------------------------------------+
| Processes:                                                                              |
|  GPU   GI   CI              PID   Type   Process name                        GPU Memory |
|        ID   ID                                                               Usage      |
|=========================================================================================|
|  No running processes found                                                             |
+-----------------------------------------------------------------------------------------+
{
  "output": "runs/spatialized_reaction_diffusion/cal_square_4_seed0_grid32_smoke/dataset.pt",
  "fields_shape": [
    72,
    25,
    32,
    32,
    2
  ],
  "source_system": "cal_square_4",
  "stored_dt": 0.1,
  "split_counts": {
    "train": 48,
    "val": 12,
    "test": 12
  },
  "global_basin_label_counts": {
    "0": 14,
    "1": 18,
    "2": 19,
    "3": 21
  },
  "majority_fraction_mean": 0.5020209550857544,
  "majority_fraction_min": 0.3779296875,
  "label_policy": "No basin labels, basin counts, or selected center indices are used by training."
}
{
  "dataset": "runs/spatialized_reaction_diffusion/cal_square_4_seed0_grid32_smoke/dataset.pt",
  "run_dir": "runs/spatialized_reaction_diffusion/cal_square_4_seed0_grid32_smoke/lista",
  "device": "cuda",
  "train_shape": [
    48,
    25,
    2048
  ],
  "val_shape": [
    12,
    25,
    2048
  ],
  "observation_size": 2048,
  "target_size": 512,
  "num_steps": 500,
  "sequence_length": 4,
  "label_policy": "No basin labels, basin counts, or selected center indices are used by training."
}
Initialized LISTA encoder with computed Lipschitz constant L=1.0500
step=0 loss=0.508877 align=0.0317359 recon=0.300704 sparsity=0.7552 sr=1.0000
step=50 loss=0.463527 align=0.00732743 recon=0.303151 sparsity=0.9611 sr=1.0011
step=100 loss=0.450785 align=7.00035e-05 recon=0.300476 sparsity=0.9999 sr=1.0010
eval step=100 val_mse=1.33702 val_final_mse=1.46487 best_val_mse=1.33702
step=150 loss=0.460704 align=1.45668e-05 recon=0.307123 sparsity=0.9998 sr=1.0010
step=200 loss=0.453549 align=0 recon=0.302366 sparsity=1.0000 sr=1.0010
eval step=200 val_mse=1.33702 val_final_mse=1.46487 best_val_mse=1.33702
step=250 loss=0.459148 align=0 recon=0.306099 sparsity=1.0000 sr=1.0011
step=300 loss=0.461159 align=0 recon=0.30744 sparsity=1.0000 sr=1.0011
eval step=300 val_mse=1.33703 val_final_mse=1.46488 best_val_mse=1.33702
step=350 loss=0.457311 align=0 recon=0.304874 sparsity=1.0000 sr=1.0011
step=400 loss=0.452622 align=0 recon=0.301748 sparsity=1.0000 sr=1.0011
eval step=400 val_mse=1.33703 val_final_mse=1.46488 best_val_mse=1.33702
step=450 loss=0.457369 align=0 recon=0.304912 sparsity=1.0000 sr=1.0011
eval step=499 val_mse=1.33703 val_final_mse=1.46488 best_val_mse=1.33702
{
  "status": "completed",
  "best_val_mse": 1.3370189666748047,
  "last_metrics": {
    "loss": 0.4529114365577698,
    "alignment_loss": 0.0,
    "residual_loss": 0.0,
    "reconst_loss_raw": 13.664287567138672,
    "reconst_loss": 0.3019409477710724,
    "prediction_loss_raw": 13.664287567138672,
    "prediction_loss": 0.3019409477710724,
    "sparsity_loss": 0.0,
    "sequence_term_scale": 0.25,
    "obs_loss_dim_scale": 45.25483322143555,
    "obs_loss_dim_normalization": "sqrt_dim",
    "A_max_eigenvalue": 1.0010555982589722,
    "spectral_radius": 1.0010555982589722,
    "sparsity_ratio": 1.0
  },
  "checkpoint": "runs/spatialized_reaction_diffusion/cal_square_4_seed0_grid32_smoke/lista/checkpoint.pt",
  "last_checkpoint": "runs/spatialized_reaction_diffusion/cal_square_4_seed0_grid32_smoke/lista/last.pt"
}
Initialized LISTA encoder with computed Lipschitz constant L=1.0500
{
  "checkpoint": "runs/spatialized_reaction_diffusion/cal_square_4_seed0_grid32_smoke/lista/checkpoint.pt",
  "checkpoint_step": 100,
  "dataset": "runs/spatialized_reaction_diffusion/cal_square_4_seed0_grid32_smoke/dataset.pt",
  "device": "cuda",
  "diffusion": 0.01,
  "forecast": {
    "1": {
      "effective_horizon": 1,
      "field_mse": 1.0403045813242595,
      "final_basin_consistency": 0.0,
      "final_field_mse": 1.0403045813242595,
      "gradient_mse": 0.08864380915959676,
      "predicted_final_majority_fraction_mean": 0.739990234375
    },
    "12": {
      "effective_horizon": 12,
      "field_mse": 1.3726396560668945,
      "final_basin_consistency": 0.0,
      "final_field_mse": 1.4913647969563801,
      "gradient_mse": 0.2673764228820801,
      "predicted_final_majority_fraction_mean": 0.7399088740348816
    },
    "4": {
      "effective_horizon": 4,
      "field_mse": 1.210615873336792,
      "final_basin_consistency": 0.0,
      "final_field_mse": 1.3441913922627766,
      "gradient_mse": 0.15545213719209036,
      "predicted_final_majority_fraction_mean": 0.7400715947151184
    },
    "8": {
      "effective_horizon": 8,
      "field_mse": 1.3185002009073894,
      "final_basin_consistency": 0.0,
      "final_field_mse": 1.4567144711812336,
      "gradient_mse": 0.22481613357861838,
      "predicted_final_majority_fraction_mean": 0.7400715947151184
    }
  },
  "grid_size": 32,
  "label_policy": "No basin labels, basin counts, or selected center indices are used by training.",
  "model": {
    "config_env_name": "spatialized_reaction_diffusion:cal_square_4",
    "lista_num_loops": 2,
    "model_name": "LISTAKM",
    "target_size": 512
  },
  "source_system": "cal_square_4",
  "status": "completed",
  "stored_dt": 0.1,
  "support_family_alignment": {
    "all_test": {
      "ari": 0.010582010582010581,
      "h_basin_given_family": 0.795642710368516,
      "h_family_given_basin": 0.534018638486242,
      "mean_state_to_rep_jaccard": 0.34845767195767197,
      "nmi": 0.31304969950763667,
      "num_test_families": 4,
      "num_test_trajectories": 12,
      "purity": 0.5833333333333334
    },
    "deep_test": {
      "ari": NaN,
      "h_basin_given_family": NaN,
      "h_family_given_basin": NaN,
      "mean_state_to_rep_jaccard": NaN,
      "nmi": NaN,
      "num_test_families": 0,
      "num_test_trajectories": 0,
      "purity": NaN
    },
    "deep_threshold": 0.9,
    "support_threshold": 0.001,
    "validation_representative_count": 42,
    "validation_representative_count_cap": 256,
    "validation_representative_top_counts": [
      65,
      4,
      1,
      1,
      1,
      1,
      5,
      6,
      20,
      4
    ],
    "validation_state_count": 300,
    "validation_unique_supports_before_cap": 42
  }
}
dataset=runs/spatialized_reaction_diffusion/cal_square_4_seed0_grid32_smoke/dataset.pt
run_dir=runs/spatialized_reaction_diffusion/cal_square_4_seed0_grid32_smoke/lista
evaluation=runs/spatialized_reaction_diffusion/cal_square_4_seed0_grid32_smoke/evaluation.json
date=2026-05-12T15:54:35-04:00

======== GPU REPORT ========

==============NVSMI LOG==============

Timestamp                                 : Tue May 12 15:54:35 2026
Driver Version                            : 580.95.05
CUDA Version                              : 13.0

Attached GPUs                             : 1
GPU 00000000:3A:00.0
    Accounting Mode                       : Enabled
    Accounting Mode Buffer Size           : 4000
    Accounted Processes
        Process ID                        : 516272
            GPU Utilization               : 3 %
            Memory Utilization            : 1 %
            Max memory usage              : 306 MiB
            Time                          : 27546 ms
            Is Running                    : 0
        Process ID                        : 516429
            GPU Utilization               : 1 %
            Memory Utilization            : 0 %
            Max memory usage              : 248 MiB
            Time                          : 1717 ms
            Is Running                    : 0

Tue May 12 15:54:35 2026       
+-----------------------------------------------------------------------------------------+
| NVIDIA-SMI 580.95.05              Driver Version: 580.95.05      CUDA Version: 13.0     |
+-----------------------------------------+------------------------+----------------------+
| GPU  Name                 Persistence-M | Bus-Id          Disp.A | Volatile Uncorr. ECC |
| Fan  Temp   Perf          Pwr:Usage/Cap |           Memory-Usage | GPU-Util  Compute M. |
|                                         |                        |               MIG M. |
|=========================================+========================+======================|
|   0  Quadro RTX 8000                On  |   00000000:3A:00.0 Off |                    0 |
| 33%   35C    P2             61W /  260W |       1MiB /  46080MiB |      0%      Default |
|                                         |                        |                  N/A |
+-----------------------------------------+------------------------+----------------------+

+-----------------------------------------------------------------------------------------+
| Processes:                                                                              |
|  GPU   GI   CI              PID   Type   Process name                        GPU Memory |
|        ID   ID                                                               Usage      |
|=========================================================================================|
|  No running processes found                                                             |
+-----------------------------------------------------------------------------------------+
