date=Wed Jun  3 20:01:28 EDT 2026
host=cn-f001.server.mila.quebec
commit=b5ea99e
run_root=runs/maniskill_insertion/perturbation_e20_5k_lista_tuning_initial_seeds12_20260603_193357
output_dir=runs/maniskill_insertion/perturbation_e20_5k_lista_tuning_initial_seeds12_20260603_193357/summary
rollout_key=best_periodic_rollout
horizons=10,20,30,40,50,75,100,125
primary_horizons=10,20,30,40,50
baseline_setting=dense_tanh_sp0
{
  "aggregate_csv": "runs/maniskill_insertion/perturbation_e20_5k_lista_tuning_initial_seeds12_20260603_193357/summary/aggregate.csv",
  "baseline": {
    "activation": "tanh",
    "batch_size": 512,
    "encoder_kind": "dense",
    "h100_mean_ratio_to_baseline": 1.0,
    "h100_mean_state_mse": 0.0030478194492315155,
    "h100_sem_state_mse": 0.00027025349934895826,
    "h10_mean_ratio_to_baseline": 1.0,
    "h10_mean_state_mse": 0.0027296847923129215,
    "h10_sem_state_mse": 0.000299406986610562,
    "h125_mean_ratio_to_baseline": 1.0,
    "h125_mean_state_mse": 0.0036617519403594773,
    "h125_sem_state_mse": 9.097349877450981e-05,
    "h20_mean_ratio_to_baseline": 1.0,
    "h20_mean_state_mse": 0.0021519467098261016,
    "h20_sem_state_mse": 0.0001887739717570786,
    "h30_mean_ratio_to_baseline": 1.0,
    "h30_mean_state_mse": 0.002005548165514578,
    "h30_sem_state_mse": 0.00010370217117608763,
    "h40_mean_ratio_to_baseline": 1.0,
    "h40_mean_state_mse": 0.001958800359489092,
    "h40_sem_state_mse": 0.00010042795168808082,
    "h50_mean_ratio_to_baseline": 1.0,
    "h50_mean_state_mse": 0.002020695405847886,
    "h50_sem_state_mse": 0.0001011894076478249,
    "h75_mean_ratio_to_baseline": 1.0,
    "h75_mean_state_mse": 0.002467974627459491,
    "h75_sem_state_mse": 0.0001716368432138481,
    "hidden_dim": "256",
    "latent_weight": "0.1",
    "lista_alpha": "0.05",
    "lista_loops": "2",
    "lr": 0.0003,
    "num_hidden_layers": "2",
    "num_steps": 5000,
    "prediction_weight": "1.0",
    "primary_beats_baseline_count": 0,
    "primary_mean_ratio_to_baseline": 1.0,
    "primary_mean_state_mse": 0.002173335086598116,
    "primary_sem_state_mse": 0.0001587000977759268,
    "reconstruction_weight": "0.1",
    "seed_count": 2,
    "sequence_length": 10,
    "setting": "dense_tanh_sp0",
    "sparsity_weight": "0.0",
    "z_dim": "320"
  },
  "baseline_setting": "dense_tanh_sp0",
  "best_lista": {
    "activation": "relu",
    "batch_size": 512,
    "encoder_kind": "lista",
    "h100_mean_ratio_to_baseline": 0.7934553008467446,
    "h100_mean_state_mse": 0.0023923739763646347,
    "h100_sem_state_mse": 7.804591359655854e-05,
    "h10_mean_ratio_to_baseline": 1.0684657072451205,
    "h10_mean_state_mse": 0.0029255802179473677,
    "h10_sem_state_mse": 0.00040201012605155977,
    "h125_mean_ratio_to_baseline": 0.7109714755868777,
    "h125_mean_state_mse": 0.002600848428564134,
    "h125_sem_state_mse": 3.8070618872548985e-05,
    "h20_mean_ratio_to_baseline": 1.0882602076777137,
    "h20_mean_state_mse": 0.0023460161296370765,
    "h20_sem_state_mse": 0.0002526085049498314,
    "h30_mean_ratio_to_baseline": 1.0996956316537643,
    "h30_mean_state_mse": 0.0022099548539305045,
    "h30_sem_state_mse": 0.0002003394232855903,
    "h40_mean_ratio_to_baseline": 1.0917248854992239,
    "h40_mean_state_mse": 0.002141681496613945,
    "h40_sem_state_mse": 0.0001722570182451236,
    "h50_mean_ratio_to_baseline": 1.0568204095682079,
    "h50_mean_state_mse": 0.0021373916326784623,
    "h50_sem_state_mse": 0.00014447131188087222,
    "h75_mean_ratio_to_baseline": 0.9150291722798696,
    "h75_mean_state_mse": 0.002237494774114073,
    "h75_sem_state_mse": 0.0001416577440980732,
    "hidden_dim": "256",
    "latent_weight": "0.1",
    "lista_alpha": "0.001",
    "lista_loops": "2",
    "lr": 0.0003,
    "num_hidden_layers": "2",
    "num_steps": 5000,
    "prediction_weight": "1.0",
    "primary_beats_baseline_count": 0,
    "primary_mean_ratio_to_baseline": 1.080151227953443,
    "primary_mean_state_mse": 0.0023521248661614712,
    "primary_sem_state_mse": 0.00023433727688259545,
    "reconstruction_weight": "0.1",
    "seed_count": 2,
    "sequence_length": 10,
    "setting": "lista_relu_a0p001_sp1em4",
    "sparsity_weight": "0.0001",
    "z_dim": "320"
  },
  "best_lista_beats_baseline": false,
  "gpu_telemetry": {
    "active_fraction_ge_10_percent": 0.8577777777777778,
    "log_count": 9,
    "memory_used_max_mib": 2754.0,
    "sample_count": 225,
    "status": "ok",
    "utilization_max_percent": 100.0,
    "utilization_mean_percent": 84.45333333333333,
    "utilization_median_percent": 100.0,
    "utilization_p90_percent": 100.0
  },
  "horizons": [
    10,
    20,
    30,
    40,
    50,
    75,
    100,
    125
  ],
  "output_dir": "runs/maniskill_insertion/perturbation_e20_5k_lista_tuning_initial_seeds12_20260603_193357/summary",
  "per_run_csv": "runs/maniskill_insertion/perturbation_e20_5k_lista_tuning_initial_seeds12_20260603_193357/summary/per_run.csv",
  "primary_horizons": [
    10,
    20,
    30,
    40,
    50
  ],
  "rollout_key": "best_periodic_rollout",
  "run_count": 36,
  "run_root": "runs/maniskill_insertion/perturbation_e20_5k_lista_tuning_initial_seeds12_20260603_193357",
  "setting_count": 18
}
