date=Thu Jun  4 15:42:58 EDT 2026
host=cn-f004.server.mila.quebec
commit=b5ea99e
run_root=runs/maniskill_insertion/perturbation_e20_5k_lista_refine_20260604_143125
output_dir=runs/maniskill_insertion/perturbation_e20_5k_lista_refine_20260604_143125/summary_checkpoint
rollout_key=best_periodic_rollout
eval_dir_name=eval_test_periodic
horizons=10,20,30,40,50,75,100,125
primary_horizons=10,20,30,40,50
baseline_setting=dense_tanh_sp0
{
  "aggregate_csv": "runs/maniskill_insertion/perturbation_e20_5k_lista_refine_20260604_143125/summary_checkpoint/aggregate.csv",
  "baseline": {
    "activation": "tanh",
    "batch_size": 512,
    "encoder_kind": "dense",
    "h100_mean_ratio_to_baseline": 1.0,
    "h100_mean_state_mse": 0.0030319165996476713,
    "h100_sem_state_mse": 0.0001568403939420566,
    "h10_mean_ratio_to_baseline": 1.0,
    "h10_mean_state_mse": 0.002816220701130387,
    "h10_sem_state_mse": 0.00019331314348316675,
    "h125_mean_ratio_to_baseline": 1.0,
    "h125_mean_state_mse": 0.0037289150794866557,
    "h125_sem_state_mse": 8.527567372681572e-05,
    "h20_mean_ratio_to_baseline": 1.0,
    "h20_mean_state_mse": 0.002321326976767812,
    "h20_sem_state_mse": 0.0002014151740467467,
    "h30_mean_ratio_to_baseline": 1.0,
    "h30_mean_state_mse": 0.002183391706789414,
    "h30_sem_state_mse": 0.00018765080630264459,
    "h40_mean_ratio_to_baseline": 1.0,
    "h40_mean_state_mse": 0.002116363043359162,
    "h40_sem_state_mse": 0.00016789248280106562,
    "h50_mean_ratio_to_baseline": 1.0,
    "h50_mean_state_mse": 0.002163081017454725,
    "h50_sem_state_mse": 0.00015390533799004876,
    "h75_mean_ratio_to_baseline": 1.0,
    "h75_mean_state_mse": 0.0025280548960035405,
    "h75_sem_state_mse": 0.00011588697822499384,
    "hidden_dim": "256",
    "latent_weight": "0.1",
    "lista_alpha": "0.05",
    "lista_loops": "2",
    "lr": 0.0003,
    "num_hidden_layers": "2",
    "num_steps": 5000,
    "prediction_weight": "1.0",
    "primary_beats_baseline_count": 0,
    "primary_mean_ratio_to_baseline": 1.0,
    "primary_mean_state_mse": 0.0023200766891003,
    "primary_sem_state_mse": 0.00017299799598858296,
    "reconstruction_weight": "0.1",
    "seed_count": 3,
    "sequence_length": 10,
    "setting": "dense_tanh_sp0",
    "sparsity_weight": "0.0",
    "z_dim": "320"
  },
  "baseline_setting": "dense_tanh_sp0",
  "best_lista": {
    "activation": "relu",
    "batch_size": 512,
    "encoder_kind": "lista",
    "h100_mean_ratio_to_baseline": 0.7929857731373868,
    "h100_mean_state_mse": 0.002377151854936853,
    "h100_sem_state_mse": 0.00014163314160277172,
    "h10_mean_ratio_to_baseline": 1.0565646374837425,
    "h10_mean_state_mse": 0.002970788494434232,
    "h10_sem_state_mse": 0.0002141740808194076,
    "h125_mean_ratio_to_baseline": 0.7397419531736082,
    "h125_mean_state_mse": 0.0027598758340141613,
    "h125_sem_state_mse": 0.0002489275675125576,
    "h20_mean_ratio_to_baseline": 0.9996131682809298,
    "h20_mean_state_mse": 0.002300281150668275,
    "h20_sem_state_mse": 0.0002209098786068892,
    "h30_mean_ratio_to_baseline": 0.9680191072067386,
    "h30_mean_state_mse": 0.002083664882330247,
    "h30_sem_state_mse": 0.00021254191074637248,
    "h40_mean_ratio_to_baseline": 0.9629707640266226,
    "h40_mean_state_mse": 0.0020145023985885585,
    "h40_sem_state_mse": 0.00019684253359612163,
    "h50_mean_ratio_to_baseline": 0.9547924663339605,
    "h50_mean_state_mse": 0.0020487603081597223,
    "h50_sem_state_mse": 0.00017518042261159772,
    "h75_mean_ratio_to_baseline": 0.8890998080322768,
    "h75_mean_state_mse": 0.0022203546439553833,
    "h75_sem_state_mse": 0.00018534676406172515,
    "hidden_dim": "256",
    "latent_weight": "0.1",
    "lista_alpha": "0.01",
    "lista_loops": "2",
    "lr": 0.0003,
    "num_hidden_layers": "2",
    "num_steps": 5000,
    "prediction_weight": "1.0",
    "primary_beats_baseline_count": 2,
    "primary_mean_ratio_to_baseline": 0.9910727436099612,
    "primary_mean_state_mse": 0.002283599446836207,
    "primary_sem_state_mse": 0.00020313567892423244,
    "reconstruction_weight": "0.1",
    "seed_count": 3,
    "sequence_length": 10,
    "setting": "lista_relu_a0p01_sp1em4_loops2",
    "sparsity_weight": "0.0001",
    "z_dim": "320"
  },
  "best_lista_beats_baseline": true,
  "eval_dir_name": "eval_test_periodic",
  "gpu_telemetry": {
    "active_fraction_ge_10_percent": 0.8199300699300699,
    "log_count": 58,
    "memory_used_max_mib": 2789.0,
    "sample_count": 1144,
    "status": "ok",
    "utilization_max_percent": 100.0,
    "utilization_mean_percent": 79.1486013986014,
    "utilization_median_percent": 100.0,
    "utilization_p90_percent": 100.0
  },
  "horizons": [
    10,
    20,
    30,
    40,
    50,
    75,
    100,
    125
  ],
  "output_dir": "runs/maniskill_insertion/perturbation_e20_5k_lista_refine_20260604_143125/summary_checkpoint",
  "per_run_csv": "runs/maniskill_insertion/perturbation_e20_5k_lista_refine_20260604_143125/summary_checkpoint/per_run.csv",
  "primary_horizons": [
    10,
    20,
    30,
    40,
    50
  ],
  "rollout_key": "best_periodic_rollout",
  "run_count": 231,
  "run_root": "runs/maniskill_insertion/perturbation_e20_5k_lista_refine_20260604_143125",
  "setting_count": 77
}
