date=Tue May 19 13:45:15 EDT 2026
host=cn-h004.server.mila.quebec
commit=b5ea99e
step=0 loss=1.307742 pred=0.914793 val_mse=0.772014
step=100 loss=0.373997 pred=0.296087 val_mse=0.253461
step=200 loss=0.161303 pred=0.122882 val_mse=0.282044
step=300 loss=0.110893 pred=0.082455 val_mse=0.252901
step=400 loss=0.078829 pred=0.055093 val_mse=0.225478
step=500 loss=0.084341 pred=0.062029 val_mse=0.127681
step=600 loss=0.074931 pred=0.054693 val_mse=0.143487
step=700 loss=0.072551 pred=0.053577 val_mse=0.132956
step=800 loss=0.054139 pred=0.037750 val_mse=0.182458
step=900 loss=0.058099 pred=0.042240 val_mse=0.191320
step=1000 loss=0.060970 pred=0.045399 val_mse=0.182905
step=1100 loss=0.094467 pred=0.077330 val_mse=0.131945
step=1200 loss=0.058024 pred=0.044025 val_mse=0.139080
step=1300 loss=0.058264 pred=0.044145 val_mse=0.122907
step=1400 loss=0.056578 pred=0.043020 val_mse=0.218511
step=1500 loss=0.042543 pred=0.030124 val_mse=0.086775
step=1600 loss=0.054012 pred=0.041747 val_mse=0.165093
step=1700 loss=0.043922 pred=0.032578 val_mse=0.235305
step=1800 loss=0.039669 pred=0.028960 val_mse=0.185413
step=1900 loss=0.030558 pred=0.020727 val_mse=0.356970
step=1999 loss=0.068688 pred=0.057159 val_mse=0.128660
run_dir=runs/maniskill_insertion/perturbation_seed0_e20_cpu/sparse_mlp
{
  "checkpoint": "runs/maniskill_insertion/perturbation_seed0_e20_cpu/sparse_mlp/checkpoint.pt",
  "checkpoint_step": 1500,
  "dataset": "data/maniskill/perturbation_assessment_seed0_e20/all_setups.npz",
  "device": "cpu",
  "family_jaccard": 0.4,
  "horizons": [
    10,
    25,
    50,
    100
  ],
  "labels_used_for_training": false,
  "rollout": {
    "episode_count": 15,
    "h10/episode_count": 15,
    "h10/final_state_mse": 0.0025310952679004546,
    "h10/outcome_drop_episode_count": 3,
    "h10/outcome_drop_final_state_mse": 0.002153322295425764,
    "h10/outcome_drop_state_mse": 0.0017067330725052778,
    "h10/outcome_jam_episode_count": 3,
    "h10/outcome_jam_final_state_mse": 0.0032710963068834317,
    "h10/outcome_jam_state_mse": 0.0022417127306944406,
    "h10/outcome_miss_episode_count": 3,
    "h10/outcome_miss_final_state_mse": 0.002841539193991742,
    "h10/outcome_miss_state_mse": 0.010398844020818573,
    "h10/outcome_partial_episode_count": 3,
    "h10/outcome_partial_final_state_mse": 0.0021993880908863215,
    "h10/outcome_partial_state_mse": 0.0016178421335282668,
    "h10/outcome_success_episode_count": 3,
    "h10/outcome_success_final_state_mse": 0.0021901300870904735,
    "h10/outcome_success_state_mse": 0.0016183987552044437,
    "h10/state_mse": 0.003516706080218546,
    "h100/episode_count": 15,
    "h100/final_state_mse": 2563.329411764706,
    "h100/outcome_drop_episode_count": 3,
    "h100/outcome_drop_final_state_mse": 694.0467984068628,
    "h100/outcome_drop_state_mse": 46.63106209150327,
    "h100/outcome_jam_episode_count": 3,
    "h100/outcome_jam_final_state_mse": 753.2327920751634,
    "h100/outcome_jam_state_mse": 52.86840992647059,
    "h100/outcome_miss_episode_count": 3,
    "h100/outcome_miss_final_state_mse": 9960.449754901962,
    "h100/outcome_miss_state_mse": 518.0193137254902,
    "h100/outcome_partial_episode_count": 3,
    "h100/outcome_partial_final_state_mse": 704.1825214460785,
    "h100/outcome_partial_state_mse": 49.934514910130716,
    "h100/outcome_success_episode_count": 3,
    "h100/outcome_success_final_state_mse": 704.7357281454248,
    "h100/outcome_success_state_mse": 49.71968341503268,
    "h100/state_mse": 143.43460130718955,
    "h25/episode_count": 15,
    "h25/final_state_mse": 0.010542473138547412,
    "h25/outcome_drop_episode_count": 3,
    "h25/outcome_drop_final_state_mse": 0.009652349294400682,
    "h25/outcome_drop_state_mse": 0.0033557367013170828,
    "h25/outcome_jam_episode_count": 3,
    "h25/outcome_jam_final_state_mse": 0.010775016413794624,
    "h25/outcome_jam_state_mse": 0.0038657069985383475,
    "h25/outcome_miss_episode_count": 3,
    "h25/outcome_miss_final_state_mse": 0.013959177568847058,
    "h25/outcome_miss_state_mse": 0.008105790630664701,
    "h25/outcome_partial_episode_count": 3,
    "h25/outcome_partial_final_state_mse": 0.009179241127438016,
    "h25/outcome_partial_state_mse": 0.0032401750601974188,
    "h25/outcome_success_episode_count": 3,
    "h25/outcome_success_final_state_mse": 0.009146583041334463,
    "h25/outcome_success_state_mse": 0.003260129729127572,
    "h25/state_mse": 0.00436550803589665,
    "h50/episode_count": 15,
    "h50/final_state_mse": 0.4149488262101716,
    "h50/outcome_drop_episode_count": 3,
    "h50/outcome_drop_final_state_mse": 0.44005416421329274,
    "h50/outcome_drop_state_mse": 0.0721034450157016,
    "h50/outcome_jam_episode_count": 3,
    "h50/outcome_jam_final_state_mse": 0.39898330713409225,
    "h50/outcome_jam_state_mse": 0.061786641638263376,
    "h50/outcome_miss_episode_count": 3,
    "h50/outcome_miss_final_state_mse": 0.49650414161432804,
    "h50/outcome_miss_state_mse": 0.07782688913781659,
    "h50/outcome_partial_episode_count": 3,
    "h50/outcome_partial_final_state_mse": 0.3702753603068832,
    "h50/outcome_partial_state_mse": 0.05698156518873826,
    "h50/outcome_success_episode_count": 3,
    "h50/outcome_success_final_state_mse": 0.36892736036013934,
    "h50/outcome_success_state_mse": 0.057032479180230036,
    "h50/state_mse": 0.06514620353349673,
    "max_requested_horizon": 100
  },
  "split": "test",
  "support_alignment": {
    "contact_phase": {
      "contact_phase_family_ari": -0.0005449642989827905,
      "contact_phase_family_nmi": 0.0017107635271103102,
      "contact_phase_family_purity": 0.9996668887408394,
      "contact_phase_sample_count": 3002.0,
      "h_contact_phase_given_family": 0.0029097983974639614,
      "h_family_given_contact_phase": 0.9324409094931561,
      "unique_contact_phase_count": 2.0,
      "unique_family_count": 11.0
    },
    "contact_phase_alignment_available": true,
    "evaluated_state_count": 3017,
    "family_count": 15,
    "mean_family_similarity": 0.47357431054115295,
    "mean_support_size": 67.55551872721246,
    "outcome_alignment_available": true,
    "outcome_state": {
      "h_family_given_outcome": 0.12730283365896256,
      "h_outcome_given_family": 1.1090354888959124,
      "outcome_family_ari": 0.10909090909090909,
      "outcome_family_nmi": 0.4978567590890106,
      "outcome_family_purity": 0.4,
      "outcome_sample_count": 15.0,
      "unique_family_count": 3.0,
      "unique_outcome_count": 5.0
    },
    "status": "ok",
    "unassigned_state_fraction": 0.0,
    "validation_state_count": 2346
  },
  "support_threshold": 0.2
}
run_dir=runs/maniskill_insertion/perturbation_seed0_e20_cpu/sparse_mlp
summary=runs/maniskill_insertion/perturbation_seed0_e20_cpu/sparse_mlp/eval_test/metrics_summary.json
