date=Wed Jun  3 20:59:17 EDT 2026
host=cn-f001.server.mila.quebec
commit=b5ea99e
run_root=runs/maniskill_insertion/perturbation_e20_5k_lista_tuning_weights_seeds12_20260603_200326
output_dir=runs/maniskill_insertion/perturbation_e20_5k_lista_tuning_weights_seeds12_20260603_200326/summary_wide_periodic_last
rollout_key=best_periodic_rollout
eval_dir_name=eval_test_periodic_wide_last
horizons=10,20,30,40,50,75,100,125
primary_horizons=10,20,30,40,50
baseline_setting=dense_tanh_sp0
{
  "aggregate_csv": "runs/maniskill_insertion/perturbation_e20_5k_lista_tuning_weights_seeds12_20260603_200326/summary_wide_periodic_last/aggregate.csv",
  "baseline": {
    "activation": "tanh",
    "batch_size": 512,
    "encoder_kind": "dense",
    "h100_mean_ratio_to_baseline": 1.0,
    "h100_mean_state_mse": 0.0028027625987732336,
    "h100_sem_state_mse": 0.00018174843382991212,
    "h10_mean_ratio_to_baseline": 1.0,
    "h10_mean_state_mse": 0.002685109556110856,
    "h10_sem_state_mse": 0.0002984374800538705,
    "h125_mean_ratio_to_baseline": 1.0,
    "h125_mean_state_mse": 0.003264559397977941,
    "h125_sem_state_mse": 4.063744638480374e-05,
    "h20_mean_ratio_to_baseline": 1.0,
    "h20_mean_state_mse": 0.0020430950713313484,
    "h20_sem_state_mse": 0.0001680226419486252,
    "h30_mean_ratio_to_baseline": 1.0,
    "h30_mean_state_mse": 0.0018637427369493805,
    "h30_sem_state_mse": 2.9097413705065278e-05,
    "h40_mean_ratio_to_baseline": 1.0,
    "h40_mean_state_mse": 0.0018120498283236634,
    "h40_sem_state_mse": 7.051580092486305e-07,
    "h50_mean_ratio_to_baseline": 1.0,
    "h50_mean_state_mse": 0.0018728095160590278,
    "h50_sem_state_mse": 5.1776162939133445e-06,
    "h75_mean_ratio_to_baseline": 1.0,
    "h75_mean_state_mse": 0.0023046084468401075,
    "h75_sem_state_mse": 0.00018652882295496333,
    "hidden_dim": "256",
    "latent_weight": "0.1",
    "lista_alpha": "0.05",
    "lista_loops": "2",
    "lr": 0.0003,
    "num_hidden_layers": "2",
    "num_steps": 5000,
    "prediction_weight": "1.0",
    "primary_beats_baseline_count": 0,
    "primary_mean_ratio_to_baseline": 1.0,
    "primary_mean_state_mse": 0.002055361341754855,
    "primary_sem_state_mse": 0.00010028806200214455,
    "reconstruction_weight": "0.1",
    "seed_count": 2,
    "sequence_length": 10,
    "setting": "dense_tanh_sp0",
    "sparsity_weight": "0.0",
    "z_dim": "320"
  },
  "baseline_setting": "dense_tanh_sp0",
  "best_lista": {
    "activation": "relu",
    "batch_size": 512,
    "encoder_kind": "lista",
    "h100_mean_ratio_to_baseline": 0.8124451390153511,
    "h100_mean_state_mse": 0.0022673065584469464,
    "h100_sem_state_mse": 3.2239926406759344e-06,
    "h10_mean_ratio_to_baseline": 1.0601949212081998,
    "h10_mean_state_mse": 0.002870396508110894,
    "h10_sem_state_mse": 0.0005292492286831725,
    "h125_mean_ratio_to_baseline": 0.7897709913245083,
    "h125_mean_state_mse": 0.0025770792643229163,
    "h125_sem_state_mse": 6.230173547283504e-05,
    "h20_mean_ratio_to_baseline": 1.105286103124897,
    "h20_mean_state_mse": 0.0022678918776169324,
    "h20_sem_state_mse": 0.00030350703819125306,
    "h30_mean_ratio_to_baseline": 1.143664995765972,
    "h30_mean_state_mse": 0.00213327794293173,
    "h30_sem_state_mse": 0.0001473292598017941,
    "h40_mean_ratio_to_baseline": 1.1426906336226836,
    "h40_mean_state_mse": 0.002070632448383406,
    "h40_sem_state_mse": 5.24103875253713e-05,
    "h50_mean_ratio_to_baseline": 1.0945418513311727,
    "h50_mean_state_mse": 0.0020498304180070464,
    "h50_sem_state_mse": 8.069605609170756e-06,
    "h75_mean_ratio_to_baseline": 0.9074217871354378,
    "h75_mean_state_mse": 0.0020798617759820942,
    "h75_sem_state_mse": 2.8532406343613655e-05,
    "hidden_dim": "256",
    "latent_weight": "0.03",
    "lista_alpha": "0.003",
    "lista_loops": "2",
    "lr": 0.0003,
    "num_hidden_layers": "2",
    "num_steps": 5000,
    "prediction_weight": "2.0",
    "primary_beats_baseline_count": 0,
    "primary_mean_ratio_to_baseline": 1.1062883450236525,
    "primary_mean_state_mse": 0.002278405839010002,
    "primary_sem_state_mse": 0.00020488526171848404,
    "reconstruction_weight": "0.03",
    "seed_count": 2,
    "sequence_length": 10,
    "setting": "lista_relu_a0p003_sp0_pred2_rec0p03_lat0p03",
    "sparsity_weight": "0.0",
    "z_dim": "320"
  },
  "best_lista_beats_baseline": false,
  "eval_dir_name": "eval_test_periodic_wide_last",
  "gpu_telemetry": {
    "active_fraction_ge_10_percent": 0.8846153846153846,
    "log_count": 4,
    "memory_used_max_mib": 1524.0,
    "sample_count": 104,
    "status": "ok",
    "utilization_max_percent": 100.0,
    "utilization_mean_percent": 87.76923076923077,
    "utilization_median_percent": 100.0,
    "utilization_p90_percent": 100.0
  },
  "horizons": [
    10,
    20,
    30,
    40,
    50,
    75,
    100,
    125
  ],
  "output_dir": "runs/maniskill_insertion/perturbation_e20_5k_lista_tuning_weights_seeds12_20260603_200326/summary_wide_periodic_last",
  "per_run_csv": "runs/maniskill_insertion/perturbation_e20_5k_lista_tuning_weights_seeds12_20260603_200326/summary_wide_periodic_last/per_run.csv",
  "primary_horizons": [
    10,
    20,
    30,
    40,
    50
  ],
  "rollout_key": "best_periodic_rollout",
  "run_count": 16,
  "run_root": "runs/maniskill_insertion/perturbation_e20_5k_lista_tuning_weights_seeds12_20260603_200326",
  "setting_count": 8
}
