date=Tue Jun  9 13:31:20 EDT 2026
host=cn-h003.server.mila.quebec
commit=b5ea99e
run_root=runs/maniskill_insertion/perturbation_e20_5k_optimizer_fairness_20260609_132517
output_dir=runs/maniskill_insertion/perturbation_e20_5k_optimizer_fairness_20260609_132517/summary_checkpoint
rollout_key=best_periodic_rollout
eval_dir_name=eval_test_periodic
horizons=10,20,30,40,50,75,100,125
primary_horizons=10,20,30,40,50
baseline_setting=dense_tanh_sp0_lr5em4_wd0
{
  "aggregate_csv": "runs/maniskill_insertion/perturbation_e20_5k_optimizer_fairness_20260609_132517/summary_checkpoint/aggregate.csv",
  "baseline": {
    "activation": "tanh",
    "batch_size": 512,
    "encoder_kind": "dense",
    "h100_mean_ratio_to_baseline": 1.0,
    "h100_mean_state_mse": 0.003529321009816687,
    "h100_sem_state_mse": 0.00045799826315295075,
    "h10_mean_ratio_to_baseline": 1.0,
    "h10_mean_state_mse": 0.0030226318093426606,
    "h10_sem_state_mse": 0.0004002141392437707,
    "h125_mean_ratio_to_baseline": 1.0,
    "h125_mean_state_mse": 0.004442800351477397,
    "h125_sem_state_mse": 0.0007414434921775038,
    "h20_mean_ratio_to_baseline": 1.0,
    "h20_mean_state_mse": 0.002432499222765821,
    "h20_sem_state_mse": 0.00037347372404402323,
    "h30_mean_ratio_to_baseline": 1.0,
    "h30_mean_state_mse": 0.0023118758080398682,
    "h30_sem_state_mse": 0.0003815634350486507,
    "h40_mean_ratio_to_baseline": 1.0,
    "h40_mean_state_mse": 0.002333445039969384,
    "h40_sem_state_mse": 0.0004226790651922271,
    "h50_mean_ratio_to_baseline": 1.0,
    "h50_mean_state_mse": 0.0024780893429691754,
    "h50_sem_state_mse": 0.0005127532096283356,
    "h75_mean_ratio_to_baseline": 1.0,
    "h75_mean_state_mse": 0.0029692826946316722,
    "h75_sem_state_mse": 0.0004874023748732613,
    "hidden_dim": "256",
    "latent_weight": "0.1",
    "lista_alpha": "0.05",
    "lista_loops": "2",
    "lr": 0.0005,
    "num_hidden_layers": "2",
    "num_steps": 5000,
    "prediction_weight": "1.0",
    "primary_beats_baseline_count": 0,
    "primary_mean_ratio_to_baseline": 1.0,
    "primary_mean_state_mse": 0.002515708244617382,
    "primary_sem_state_mse": 0.0004172923837184314,
    "reconstruction_weight": "0.1",
    "seed_count": 3,
    "sequence_length": 10,
    "setting": "dense_tanh_sp0_lr5em4_wd0",
    "sparsity_weight": "0.0",
    "z_dim": "320"
  },
  "baseline_setting": "dense_tanh_sp0_lr5em4_wd0",
  "best_lista": {
    "activation": "relu",
    "batch_size": 512,
    "encoder_kind": "lista",
    "h100_mean_ratio_to_baseline": 0.6297273807419393,
    "h100_mean_state_mse": 0.0021556409116923678,
    "h100_sem_state_mse": 0.0001296304270269772,
    "h10_mean_ratio_to_baseline": 0.9746900758125011,
    "h10_mean_state_mse": 0.0028849923792487915,
    "h10_sem_state_mse": 0.00021491003293334178,
    "h125_mean_ratio_to_baseline": 0.5621347663870033,
    "h125_mean_state_mse": 0.0023892389833537584,
    "h125_sem_state_mse": 0.00014405177810858705,
    "h20_mean_ratio_to_baseline": 0.9564501810697558,
    "h20_mean_state_mse": 0.002239095359586163,
    "h20_sem_state_mse": 0.00014222032755729734,
    "h30_mean_ratio_to_baseline": 0.9457113578916836,
    "h30_mean_state_mse": 0.0020810029051315983,
    "h30_sem_state_mse": 0.00014751765548345785,
    "h40_mean_ratio_to_baseline": 0.9292275001748286,
    "h40_mean_state_mse": 0.0020381793684949023,
    "h40_sem_state_mse": 0.0001486995199839302,
    "h50_mean_ratio_to_baseline": 0.8922211770764896,
    "h50_mean_state_mse": 0.002037166819852941,
    "h50_sem_state_mse": 0.00015145613735806945,
    "h75_mean_ratio_to_baseline": 0.7254787870375388,
    "h75_mean_state_mse": 0.0020465116701700935,
    "h75_sem_state_mse": 0.00014044666201616112,
    "hidden_dim": "256",
    "latent_weight": "0.1",
    "lista_alpha": "0.01",
    "lista_loops": "2",
    "lr": 0.0005,
    "num_hidden_layers": "2",
    "num_steps": 5000,
    "prediction_weight": "1.0",
    "primary_beats_baseline_count": 1,
    "primary_mean_ratio_to_baseline": 0.9397660125497896,
    "primary_mean_state_mse": 0.002256087366462879,
    "primary_sem_state_mse": 0.00015540445609620675,
    "reconstruction_weight": "0.1",
    "seed_count": 3,
    "sequence_length": 10,
    "setting": "lista_relu_a0p01_sp1em4_loops2_lr5em4_wd0",
    "sparsity_weight": "0.0001",
    "z_dim": "320"
  },
  "best_lista_beats_baseline": true,
  "eval_dir_name": "eval_test_periodic",
  "gpu_telemetry": {
    "active_fraction_ge_10_percent": 0.7806451612903226,
    "log_count": 6,
    "memory_used_max_mib": 1460.0,
    "sample_count": 155,
    "status": "ok",
    "utilization_max_percent": 100.0,
    "utilization_mean_percent": 77.69032258064516,
    "utilization_median_percent": 100.0,
    "utilization_p90_percent": 100.0
  },
  "horizons": [
    10,
    20,
    30,
    40,
    50,
    75,
    100,
    125
  ],
  "output_dir": "runs/maniskill_insertion/perturbation_e20_5k_optimizer_fairness_20260609_132517/summary_checkpoint",
  "per_run_csv": "runs/maniskill_insertion/perturbation_e20_5k_optimizer_fairness_20260609_132517/summary_checkpoint/per_run.csv",
  "primary_horizons": [
    10,
    20,
    30,
    40,
    50
  ],
  "rollout_key": "best_periodic_rollout",
  "run_count": 24,
  "run_root": "runs/maniskill_insertion/perturbation_e20_5k_optimizer_fairness_20260609_132517",
  "setting_count": 8
}
