date=Tue May 19 13:30:08 EDT 2026
host=cn-b005.server.mila.quebec
commit=b5ea99e
Tue May 19 13:30:08 2026       
+-----------------------------------------------------------------------------------------+
| NVIDIA-SMI 580.95.05              Driver Version: 580.95.05      CUDA Version: 13.0     |
+-----------------------------------------+------------------------+----------------------+
| GPU  Name                 Persistence-M | Bus-Id          Disp.A | Volatile Uncorr. ECC |
| Fan  Temp   Perf          Pwr:Usage/Cap |           Memory-Usage | GPU-Util  Compute M. |
|                                         |                        |               MIG M. |
|=========================================+========================+======================|
|   0  Tesla V100-SXM2-32GB           On  |   00000000:3B:00.0 Off |                    0 |
| N/A   29C    P0             41W /  300W |       0MiB /  32768MiB |      0%      Default |
|                                         |                        |                  N/A |
+-----------------------------------------+------------------------+----------------------+

+-----------------------------------------------------------------------------------------+
| Processes:                                                                              |
|  GPU   GI   CI              PID   Type   Process name                        GPU Memory |
|        ID   ID                                                               Usage      |
|=========================================================================================|
|  No running processes found                                                             |
+-----------------------------------------------------------------------------------------+
{
  "combined_output": "data/maniskill/perturbation_assessment_seed0_long/all_setups.npz",
  "demo_h5": "/home/mila/l/lia/.maniskill/demos/PegInsertionSide-v1/motionplanning/trajectory.h5",
  "demo_json": "/home/mila/l/lia/.maniskill/demos/PegInsertionSide-v1/motionplanning/trajectory.json",
  "episode_id": 0,
  "episode_index": 0,
  "labels_used_for_training": false,
  "seed": 0,
  "setups": [
    {
      "action_dim": 8,
      "actual_success_any": true,
      "actual_success_final": true,
      "obs_dim": 51,
      "output": "data/maniskill/perturbation_assessment_seed0_long/success.npz",
      "setup": "success",
      "steps": 166,
      "target_outcome_label": 1
    },
    {
      "action_dim": 8,
      "actual_success_any": false,
      "actual_success_final": false,
      "obs_dim": 51,
      "output": "data/maniskill/perturbation_assessment_seed0_long/jam.npz",
      "setup": "jam",
      "steps": 198,
      "target_outcome_label": 2
    },
    {
      "action_dim": 8,
      "actual_success_any": false,
      "actual_success_final": false,
      "obs_dim": 51,
      "output": "data/maniskill/perturbation_assessment_seed0_long/miss.npz",
      "setup": "miss",
      "steps": 198,
      "target_outcome_label": 3
    },
    {
      "action_dim": 8,
      "actual_success_any": false,
      "actual_success_final": false,
      "obs_dim": 51,
      "output": "data/maniskill/perturbation_assessment_seed0_long/drop.npz",
      "setup": "drop",
      "steps": 198,
      "target_outcome_label": 4
    },
    {
      "action_dim": 8,
      "actual_success_any": false,
      "actual_success_final": false,
      "obs_dim": 51,
      "output": "data/maniskill/perturbation_assessment_seed0_long/partial.npz",
      "setup": "partial",
      "steps": 198,
      "target_outcome_label": 5
    }
  ]
}
Skipping checkpoint evaluation because EVALUATE=0
data_root=data/maniskill/perturbation_assessment_seed0_long

======== GPU REPORT ========

==============NVSMI LOG==============

Timestamp                                 : Tue May 19 13:31:19 2026
Driver Version                            : 580.95.05
CUDA Version                              : 13.0

Attached GPUs                             : 1
GPU 00000000:3B:00.0
    Accounting Mode                       : Enabled
    Accounting Mode Buffer Size           : 4000
    Accounted Processes
        Process ID                        : 2401317
            GPU Utilization               : 0 %
            Memory Utilization            : 0 %
            Max memory usage              : 35 MiB
            Time                          : 16647 ms
            Is Running                    : 0

Tue May 19 13:31:19 2026       
+-----------------------------------------------------------------------------------------+
| NVIDIA-SMI 580.95.05              Driver Version: 580.95.05      CUDA Version: 13.0     |
+-----------------------------------------+------------------------+----------------------+
| GPU  Name                 Persistence-M | Bus-Id          Disp.A | Volatile Uncorr. ECC |
| Fan  Temp   Perf          Pwr:Usage/Cap |           Memory-Usage | GPU-Util  Compute M. |
|                                         |                        |               MIG M. |
|=========================================+========================+======================|
|   0  Tesla V100-SXM2-32GB           On  |   00000000:3B:00.0 Off |                    0 |
| N/A   28C    P0             41W /  300W |       0MiB /  32768MiB |      0%      Default |
|                                         |                        |                  N/A |
+-----------------------------------------+------------------------+----------------------+

+-----------------------------------------------------------------------------------------+
| Processes:                                                                              |
|  GPU   GI   CI              PID   Type   Process name                        GPU Memory |
|        ID   ID                                                               Usage      |
|=========================================================================================|
|  No running processes found                                                             |
+-----------------------------------------------------------------------------------------+
