date=Tue May 12 16:14:19 EDT 2026
host=cn-a009.server.mila.quebec
commit=b5ea99e
Tue May 12 16:14:19 2026       
+-----------------------------------------------------------------------------------------+
| NVIDIA-SMI 580.95.05              Driver Version: 580.95.05      CUDA Version: 13.0     |
+-----------------------------------------+------------------------+----------------------+
| GPU  Name                 Persistence-M | Bus-Id          Disp.A | Volatile Uncorr. ECC |
| Fan  Temp   Perf          Pwr:Usage/Cap |           Memory-Usage | GPU-Util  Compute M. |
|                                         |                        |               MIG M. |
|=========================================+========================+======================|
|   0  Quadro RTX 8000                On  |   00000000:B2:00.0 Off |                    0 |
| 33%   28C    P8             28W /  260W |       1MiB /  46080MiB |      0%      Default |
|                                         |                        |                  N/A |
+-----------------------------------------+------------------------+----------------------+

+-----------------------------------------------------------------------------------------+
| Processes:                                                                              |
|  GPU   GI   CI              PID   Type   Process name                        GPU Memory |
|        ID   ID                                                               Usage      |
|=========================================================================================|
|  No running processes found                                                             |
+-----------------------------------------------------------------------------------------+
step=0 loss=1.003409 pred=0.667411 val_mse=0.622547
step=100 loss=0.212977 pred=0.171064 val_mse=0.151517
step=200 loss=0.108687 pred=0.084285 val_mse=0.097467
step=300 loss=0.079826 pred=0.061364 val_mse=0.094818
step=400 loss=0.070134 pred=0.053807 val_mse=0.052752
step=500 loss=0.067124 pred=0.053413 val_mse=0.053891
step=600 loss=0.071119 pred=0.056443 val_mse=0.042285
step=700 loss=0.054070 pred=0.042149 val_mse=0.032640
step=800 loss=0.044621 pred=0.034511 val_mse=0.047814
step=900 loss=0.065557 pred=0.053616 val_mse=0.047281
step=1000 loss=0.036745 pred=0.028312 val_mse=0.031477
step=1100 loss=0.055531 pred=0.045855 val_mse=0.041060
step=1200 loss=0.042022 pred=0.033257 val_mse=0.038049
step=1300 loss=0.039127 pred=0.031149 val_mse=0.032329
step=1400 loss=0.036752 pred=0.028905 val_mse=0.030899
step=1500 loss=0.045570 pred=0.037841 val_mse=0.030244
step=1600 loss=0.037713 pred=0.030076 val_mse=0.034633
step=1700 loss=0.036902 pred=0.029848 val_mse=0.035282
step=1800 loss=0.044266 pred=0.036793 val_mse=0.026734
step=1900 loss=0.034394 pred=0.027537 val_mse=0.042106
step=1999 loss=0.037692 pred=0.030795 val_mse=0.022121
run_dir=runs/maniskill_insertion/tuning_alpha0p1_sp0p01_thr0p05_j0p7
{
  "checkpoint": "runs/maniskill_insertion/tuning_alpha0p1_sp0p01_thr0p05_j0p7/checkpoint.pt",
  "checkpoint_step": 1999,
  "dataset": "data/maniskill/PegInsertionSide-v1_state_compact_seed0.npz",
  "device": "cuda",
  "family_jaccard": 0.7,
  "horizons": [
    10,
    25,
    50,
    100
  ],
  "labels_used_for_training": false,
  "rollout": {
    "episode_count": 150,
    "h10/episode_count": 150,
    "h10/final_state_mse": 0.00034690410662920046,
    "h10/state_mse": 0.00039613375704512636,
    "h100/episode_count": 150,
    "h100/final_state_mse": 4.0946576188568375,
    "h100/state_mse": 0.4405603966346154,
    "h25/episode_count": 150,
    "h25/final_state_mse": 0.0015927079600146694,
    "h25/state_mse": 0.0006593361096504407,
    "h50/episode_count": 150,
    "h50/final_state_mse": 0.02977487058721037,
    "h50/state_mse": 0.005911730539696848,
    "max_requested_horizon": 100
  },
  "split": "test",
  "support_alignment": {
    "contact_phase": {
      "contact_phase_family_ari": 0.0004231623095632098,
      "contact_phase_family_nmi": 0.1300101158955485,
      "contact_phase_family_purity": 0.9802974511022906,
      "contact_phase_sample_count": 20911.0,
      "h_contact_phase_given_family": 0.05455429048289443,
      "h_family_given_contact_phase": 5.83879790989969,
      "unique_contact_phase_count": 2.0,
      "unique_family_count": 668.0
    },
    "contact_phase_alignment_available": true,
    "evaluated_state_count": 20911,
    "family_count": 704,
    "mean_family_similarity": 0.7457090020179749,
    "mean_support_size": 92.84960068863278,
    "outcome_alignment_available": true,
    "outcome_state": {
      "h_family_given_outcome": 3.7007169214131888,
      "h_outcome_given_family": 0.12289934498847985,
      "outcome_family_ari": 0.007988440139877222,
      "outcome_family_nmi": 0.31646984117955657,
      "outcome_family_purity": 0.9333333333333333,
      "outcome_sample_count": 150.0,
      "unique_family_count": 85.0,
      "unique_outcome_count": 2.0
    },
    "status": "ok",
    "unassigned_state_fraction": 0.0,
    "validation_state_count": 20967
  },
  "support_threshold": 0.05
}
run_dir=runs/maniskill_insertion/tuning_alpha0p1_sp0p01_thr0p05_j0p7
summary=runs/maniskill_insertion/tuning_alpha0p1_sp0p01_thr0p05_j0p7/eval_test/metrics_summary.json

======== GPU REPORT ========

==============NVSMI LOG==============

Timestamp                                 : Tue May 12 16:16:49 2026
Driver Version                            : 580.95.05
CUDA Version                              : 13.0

Attached GPUs                             : 1
GPU 00000000:B2:00.0
    Accounting Mode                       : Enabled
    Accounting Mode Buffer Size           : 4000
    Accounted Processes
        Process ID                        : 3223595
            GPU Utilization               : 21 %
            Memory Utilization            : 2 %
            Max memory usage              : 264 MiB
            Time                          : 22463 ms
            Is Running                    : 0
        Process ID                        : 3223651
            GPU Utilization               : 0 %
            Memory Utilization            : 0 %
            Max memory usage              : 268 MiB
            Time                          : 119671 ms
            Is Running                    : 0

Tue May 12 16:16:49 2026       
+-----------------------------------------------------------------------------------------+
| NVIDIA-SMI 580.95.05              Driver Version: 580.95.05      CUDA Version: 13.0     |
+-----------------------------------------+------------------------+----------------------+
| GPU  Name                 Persistence-M | Bus-Id          Disp.A | Volatile Uncorr. ECC |
| Fan  Temp   Perf          Pwr:Usage/Cap |           Memory-Usage | GPU-Util  Compute M. |
|                                         |                        |               MIG M. |
|=========================================+========================+======================|
|   0  Quadro RTX 8000                On  |   00000000:B2:00.0 Off |                    0 |
| 33%   28C    P8             29W /  260W |       1MiB /  46080MiB |      9%      Default |
|                                         |                        |                  N/A |
+-----------------------------------------+------------------------+----------------------+

+-----------------------------------------------------------------------------------------+
| Processes:                                                                              |
|  GPU   GI   CI              PID   Type   Process name                        GPU Memory |
|        ID   ID                                                               Usage      |
|=========================================================================================|
|  No running processes found                                                             |
+-----------------------------------------------------------------------------------------+
