date=Thu Jun  4 15:48:25 EDT 2026
host=cn-f003.server.mila.quebec
commit=b5ea99e
run_root=runs/maniskill_insertion/perturbation_e20_5k_lista_refine_20260604_143125
output_dir=runs/maniskill_insertion/perturbation_e20_5k_lista_refine_20260604_143125/summary_last
rollout_key=best_periodic_rollout
eval_dir_name=eval_test_periodic_last
horizons=10,20,30,40,50,75,100,125
primary_horizons=10,20,30,40,50
baseline_setting=dense_tanh_sp0
{
  "aggregate_csv": "runs/maniskill_insertion/perturbation_e20_5k_lista_refine_20260604_143125/summary_last/aggregate.csv",
  "baseline": {
    "activation": "tanh",
    "batch_size": 512,
    "encoder_kind": "dense",
    "h100_mean_ratio_to_baseline": 1.0,
    "h100_mean_state_mse": 0.002719379300385519,
    "h100_sem_state_mse": 0.0001340182953748654,
    "h10_mean_ratio_to_baseline": 1.0,
    "h10_mean_state_mse": 0.002676233860921756,
    "h10_sem_state_mse": 0.00017252979879460627,
    "h125_mean_ratio_to_baseline": 1.0,
    "h125_mean_state_mse": 0.003233798423883442,
    "h125_sem_state_mse": 3.8678984929490666e-05,
    "h20_mean_ratio_to_baseline": 1.0,
    "h20_mean_state_mse": 0.0020715266375240416,
    "h20_sem_state_mse": 0.0001010838197501399,
    "h30_mean_ratio_to_baseline": 1.0,
    "h30_mean_state_mse": 0.001884263259566341,
    "h30_sem_state_mse": 2.6512501643321114e-05,
    "h40_mean_ratio_to_baseline": 1.0,
    "h40_mean_state_mse": 0.0018478672800500409,
    "h40_sem_state_mse": 3.58134251801509e-05,
    "h50_mean_ratio_to_baseline": 1.0,
    "h50_mean_state_mse": 0.001915951597924326,
    "h50_sem_state_mse": 4.324297455311913e-05,
    "h75_mean_ratio_to_baseline": 1.0,
    "h75_mean_state_mse": 0.0022789721963365787,
    "h75_sem_state_mse": 0.00011069575246172934,
    "hidden_dim": "256",
    "latent_weight": "0.1",
    "lista_alpha": "0.05",
    "lista_loops": "2",
    "lr": 0.0003,
    "num_hidden_layers": "2",
    "num_steps": 5000,
    "prediction_weight": "1.0",
    "primary_beats_baseline_count": 0,
    "primary_mean_ratio_to_baseline": 1.0,
    "primary_mean_state_mse": 0.002079168527197301,
    "primary_sem_state_mse": 6.259991916638198e-05,
    "reconstruction_weight": "0.1",
    "seed_count": 3,
    "sequence_length": 10,
    "setting": "dense_tanh_sp0",
    "sparsity_weight": "0.0",
    "z_dim": "320"
  },
  "baseline_setting": "dense_tanh_sp0",
  "best_lista": {
    "activation": "relu",
    "batch_size": 512,
    "encoder_kind": "lista",
    "h100_mean_ratio_to_baseline": 0.733033883345169,
    "h100_mean_state_mse": 0.0019883485349434914,
    "h100_sem_state_mse": 8.916767113922489e-05,
    "h10_mean_ratio_to_baseline": 0.9304190866961322,
    "h10_mean_state_mse": 0.002470568737952538,
    "h10_sem_state_mse": 5.454483318502342e-05,
    "h125_mean_ratio_to_baseline": 0.693149638870995,
    "h125_mean_state_mse": 0.0022402231519778053,
    "h125_sem_state_mse": 0.00012764392620453758,
    "h20_mean_ratio_to_baseline": 0.9125277355377707,
    "h20_mean_state_mse": 0.0018854681443025343,
    "h20_sem_state_mse": 6.89610661351856e-05,
    "h30_mean_ratio_to_baseline": 0.9117653202305591,
    "h30_mean_state_mse": 0.0017180842979281556,
    "h30_sem_state_mse": 2.7495070124161842e-05,
    "h40_mean_ratio_to_baseline": 0.9118910969785402,
    "h40_mean_state_mse": 0.0016846854182889519,
    "h40_sem_state_mse": 2.3260657921213062e-05,
    "h50_mean_ratio_to_baseline": 0.898291432882545,
    "h50_mean_state_mse": 0.001720439370680998,
    "h50_sem_state_mse": 3.2923186032205756e-05,
    "h75_mean_ratio_to_baseline": 0.7982006915716781,
    "h75_mean_state_mse": 0.0018153888644216367,
    "h75_sem_state_mse": 5.1118232697859904e-05,
    "hidden_dim": "256",
    "latent_weight": "0.1",
    "lista_alpha": "0.01",
    "lista_loops": "2",
    "lr": 0.0003,
    "num_hidden_layers": "2",
    "num_steps": 5000,
    "prediction_weight": "1.0",
    "primary_beats_baseline_count": 3,
    "primary_mean_ratio_to_baseline": 0.9129614682836669,
    "primary_mean_state_mse": 0.0018958491938306356,
    "primary_sem_state_mse": 3.8471372896232804e-05,
    "reconstruction_weight": "0.1",
    "seed_count": 3,
    "sequence_length": 10,
    "setting": "lista_relu_a0p01_sp1em4_loops2",
    "sparsity_weight": "0.0001",
    "z_dim": "320"
  },
  "best_lista_beats_baseline": true,
  "eval_dir_name": "eval_test_periodic_last",
  "gpu_telemetry": {
    "active_fraction_ge_10_percent": 0.8199300699300699,
    "log_count": 58,
    "memory_used_max_mib": 2789.0,
    "sample_count": 1144,
    "status": "ok",
    "utilization_max_percent": 100.0,
    "utilization_mean_percent": 79.1486013986014,
    "utilization_median_percent": 100.0,
    "utilization_p90_percent": 100.0
  },
  "horizons": [
    10,
    20,
    30,
    40,
    50,
    75,
    100,
    125
  ],
  "output_dir": "runs/maniskill_insertion/perturbation_e20_5k_lista_refine_20260604_143125/summary_last",
  "per_run_csv": "runs/maniskill_insertion/perturbation_e20_5k_lista_refine_20260604_143125/summary_last/per_run.csv",
  "primary_horizons": [
    10,
    20,
    30,
    40,
    50
  ],
  "rollout_key": "best_periodic_rollout",
  "run_count": 231,
  "run_root": "runs/maniskill_insertion/perturbation_e20_5k_lista_refine_20260604_143125",
  "setting_count": 77
}
