date=Wed Jun  3 20:59:17 EDT 2026
host=cn-f003.server.mila.quebec
commit=b5ea99e
run_root=runs/maniskill_insertion/perturbation_e20_5k_lista_tuning_ultralow_seeds12_20260603_201831
output_dir=runs/maniskill_insertion/perturbation_e20_5k_lista_tuning_ultralow_seeds12_20260603_201831/summary_wide_periodic_last
rollout_key=best_periodic_rollout
eval_dir_name=eval_test_periodic_wide_last
horizons=10,20,30,40,50,75,100,125
primary_horizons=10,20,30,40,50
baseline_setting=dense_tanh_sp0
{
  "aggregate_csv": "runs/maniskill_insertion/perturbation_e20_5k_lista_tuning_ultralow_seeds12_20260603_201831/summary_wide_periodic_last/aggregate.csv",
  "baseline": {
    "activation": "tanh",
    "batch_size": 512,
    "encoder_kind": "dense",
    "h100_mean_ratio_to_baseline": 1.0,
    "h100_mean_state_mse": 0.0028025772992302392,
    "h100_sem_state_mse": 0.00018156313428691778,
    "h10_mean_ratio_to_baseline": 1.0,
    "h10_mean_state_mse": 0.0026851964464374616,
    "h10_sem_state_mse": 0.0002983505897272646,
    "h125_mean_ratio_to_baseline": 1.0,
    "h125_mean_state_mse": 0.0032643912122140525,
    "h125_sem_state_mse": 4.046926062091505e-05,
    "h20_mean_ratio_to_baseline": 1.0,
    "h20_mean_state_mse": 0.0020432275884291707,
    "h20_sem_state_mse": 0.00016789012485080306,
    "h30_mean_ratio_to_baseline": 1.0,
    "h30_mean_state_mse": 0.0018638908369608695,
    "h30_sem_state_mse": 2.8949313693576333e-05,
    "h40_mean_ratio_to_baseline": 1.0,
    "h40_mean_state_mse": 0.0018122001722747205,
    "h40_sem_state_mse": 5.548140581915651e-07,
    "h50_mean_ratio_to_baseline": 1.0,
    "h50_mean_state_mse": 0.0018728893005770016,
    "h50_sem_state_mse": 5.097831775939489e-06,
    "h75_mean_ratio_to_baseline": 1.0,
    "h75_mean_state_mse": 0.0023044714834175857,
    "h75_sem_state_mse": 0.00018639185953244148,
    "hidden_dim": "256",
    "latent_weight": "0.1",
    "lista_alpha": "0.05",
    "lista_loops": "2",
    "lr": 0.0003,
    "num_hidden_layers": "2",
    "num_steps": 5000,
    "prediction_weight": "1.0",
    "primary_beats_baseline_count": 0,
    "primary_mean_ratio_to_baseline": 1.0,
    "primary_mean_state_mse": 0.0020554808689358444,
    "primary_sem_state_mse": 0.0001001685348211549,
    "reconstruction_weight": "0.1",
    "seed_count": 2,
    "sequence_length": 10,
    "setting": "dense_tanh_sp0",
    "sparsity_weight": "0.0",
    "z_dim": "320"
  },
  "baseline_setting": "dense_tanh_sp0",
  "best_lista": {
    "activation": "relu",
    "batch_size": 512,
    "encoder_kind": "lista",
    "h100_mean_ratio_to_baseline": 0.7295571341288878,
    "h100_mean_state_mse": 0.002042429705850439,
    "h100_sem_state_mse": 9.833890628191378e-05,
    "h10_mean_ratio_to_baseline": 0.9561223883476562,
    "h10_mean_state_mse": 0.0025462625540939032,
    "h10_sem_state_mse": 9.523179796006942e-05,
    "h125_mean_ratio_to_baseline": 0.6971256325552293,
    "h125_mean_state_mse": 0.0022772801617391746,
    "h125_sem_state_mse": 0.00015641651028901128,
    "h20_mean_ratio_to_baseline": 0.9362645803461476,
    "h20_mean_state_mse": 0.001905354144526463,
    "h20_sem_state_mse": 6.411957584954563e-05,
    "h30_mean_ratio_to_baseline": 0.9472482011133041,
    "h30_mean_state_mse": 0.0017653656836948105,
    "h30_sem_state_mse": 1.4444903870293783e-05,
    "h40_mean_ratio_to_baseline": 0.9671261087550247,
    "h40_mean_state_mse": 0.001752623763738894,
    "h40_sem_state_mse": 7.097331527011752e-06,
    "h50_mean_ratio_to_baseline": 0.9530220219835497,
    "h50_mean_state_mse": 0.0017848137749565973,
    "h50_sem_state_mse": 2.8564253663705078e-05,
    "h75_mean_ratio_to_baseline": 0.8173112053096827,
    "h75_mean_state_mse": 0.0018747066589222495,
    "h75_sem_state_mse": 4.398932695908223e-05,
    "hidden_dim": "256",
    "latent_weight": "0.1",
    "lista_alpha": "0.0001",
    "lista_loops": "2",
    "lr": 0.0003,
    "num_hidden_layers": "2",
    "num_steps": 5000,
    "prediction_weight": "1.0",
    "primary_beats_baseline_count": 2,
    "primary_mean_ratio_to_baseline": 0.9507159919960494,
    "primary_mean_state_mse": 0.0019508839842021337,
    "primary_sem_state_mse": 2.7626938497838467e-05,
    "reconstruction_weight": "0.1",
    "seed_count": 2,
    "sequence_length": 10,
    "setting": "lista_relu_a1em4_sp1em6",
    "sparsity_weight": "1e-06",
    "z_dim": "320"
  },
  "best_lista_beats_baseline": true,
  "eval_dir_name": "eval_test_periodic_wide_last",
  "gpu_telemetry": {
    "active_fraction_ge_10_percent": 0.8342857142857143,
    "log_count": 7,
    "memory_used_max_mib": 2722.0,
    "sample_count": 175,
    "status": "ok",
    "utilization_max_percent": 100.0,
    "utilization_mean_percent": 82.69714285714285,
    "utilization_median_percent": 100.0,
    "utilization_p90_percent": 100.0
  },
  "horizons": [
    10,
    20,
    30,
    40,
    50,
    75,
    100,
    125
  ],
  "output_dir": "runs/maniskill_insertion/perturbation_e20_5k_lista_tuning_ultralow_seeds12_20260603_201831/summary_wide_periodic_last",
  "per_run_csv": "runs/maniskill_insertion/perturbation_e20_5k_lista_tuning_ultralow_seeds12_20260603_201831/summary_wide_periodic_last/per_run.csv",
  "primary_horizons": [
    10,
    20,
    30,
    40,
    50
  ],
  "rollout_key": "best_periodic_rollout",
  "run_count": 28,
  "run_root": "runs/maniskill_insertion/perturbation_e20_5k_lista_tuning_ultralow_seeds12_20260603_201831",
  "setting_count": 14
}
