Downloading transforms3d (1.3MiB)
Downloading kiwisolver (1.6MiB)
Downloading sympy (6.0MiB)
Downloading lxml (5.0MiB)
Downloading jedi (1.5MiB)
Downloading opencv-python (69.5MiB)
Downloading nvidia-cusparse-cu12 (274.9MiB)
Downloading nvidia-cufile-cu12 (1.1MiB)
Downloading nvidia-cusolver-cu12 (255.1MiB)
Downloading nvidia-cublas-cu12 (566.8MiB)
Downloading nvidia-cudnn-cu12 (674.0MiB)
Downloading nvidia-nccl-cu12 (307.4MiB)
Downloading nvidia-cuda-nvrtc-cu12 (84.0MiB)
Downloading pillow (6.3MiB)
Downloading hf-xet (4.3MiB)
Downloading nvidia-curand-cu12 (60.7MiB)
Downloading pygments (1.2MiB)
Downloading imageio-ffmpeg (28.1MiB)
Downloading nvidia-cuda-cupti-cu12 (9.8MiB)
Downloading scipy (35.9MiB)
Downloading numpy (15.6MiB)
Downloading triton (162.4MiB)
Downloading matplotlib (8.3MiB)
Downloading torch (858.1MiB)
Downloading nvidia-nvjitlink-cu12 (37.4MiB)
Downloading nvidia-cusparselt-cu12 (273.9MiB)
Downloading networkx (1.6MiB)
Downloading nvidia-nvshmem-cu12 (118.9MiB)
Downloading h5py (4.8MiB)
Downloading nvidia-cufft-cu12 (184.2MiB)
Downloading fonttools (4.6MiB)
Downloading sapien (48.9MiB)
Downloading mani-skill (97.0MiB)
Downloading mplib (11.5MiB)
 Downloaded nvidia-cufile-cu12
 Downloaded transforms3d
 Downloaded kiwisolver
 Downloaded pygments
 Downloaded networkx
 Downloaded hf-xet
 Downloaded fonttools
 Downloaded h5py
 Downloaded lxml
 Downloaded sympy
 Downloaded pillow
 Downloaded jedi
 Downloaded matplotlib
 Downloaded nvidia-cuda-cupti-cu12
 Downloaded mplib
 Downloaded numpy
 Downloaded imageio-ffmpeg
 Downloaded scipy
 Downloaded nvidia-nvjitlink-cu12
 Downloaded sapien
 Downloaded nvidia-curand-cu12
 Downloaded opencv-python
 Downloaded nvidia-cuda-nvrtc-cu12
 Downloaded mani-skill
 Downloaded nvidia-nvshmem-cu12
 Downloaded triton
 Downloaded nvidia-cufft-cu12
 Downloaded nvidia-cusolver-cu12
 Downloaded nvidia-cusparse-cu12
 Downloaded nvidia-cusparselt-cu12
 Downloaded nvidia-nccl-cu12
 Downloaded nvidia-cublas-cu12
 Downloaded nvidia-cudnn-cu12
 Downloaded torch
Installed 105 packages in 211ms
/tmp/uv-cache/archive-v0/D6NFh2Wf4WxOcUSqrnVJA/lib/python3.10/site-packages/sapien/_vulkan_tricks.py:42: UserWarning: Failed to find system libvulkan. Fallback to SAPIEN builtin libvulkan.
  warn("Failed to find system libvulkan. Fallback to SAPIEN builtin libvulkan.")
0.00it [00:00, ?it/s]  0%|          | 0.00/36.6M [00:00<?, ?it/s]  0%|          | 8.19k/36.6M [00:00<33:24, 18.3kit/s] 23%|██▎       | 8.40M/36.6M [00:00<00:01, 20.0Mit/s] 38%|███▊      | 13.9M/36.6M [00:00<00:00, 29.0Mit/s] 50%|█████     | 18.3M/36.6M [00:01<00:00, 31.1Mit/s] 71%|███████▏  | 26.1M/36.6M [00:01<00:00, 43.5Mit/s] 86%|████████▌ | 31.5M/36.6M [00:01<00:00, 32.2Mit/s]36.6Mit [00:01, 25.2Mit/s]                           
