date=Wed Jun  3 20:54:28 EDT 2026
host=cn-f001.server.mila.quebec
commit=b5ea99e
run_root=runs/maniskill_insertion/perturbation_e20_5k_lista_tuning_weights_seeds12_20260603_200326
output_dir=runs/maniskill_insertion/perturbation_e20_5k_lista_tuning_weights_seeds12_20260603_200326/summary_wide_periodic
rollout_key=best_periodic_rollout
eval_dir_name=eval_test_periodic_wide
horizons=10,20,30,40,50,75,100,125
primary_horizons=10,20,30,40,50
baseline_setting=dense_tanh_sp0
{
  "aggregate_csv": "runs/maniskill_insertion/perturbation_e20_5k_lista_tuning_weights_seeds12_20260603_200326/summary_wide_periodic/aggregate.csv",
  "baseline": {
    "activation": "tanh",
    "batch_size": 512,
    "encoder_kind": "dense",
    "h100_mean_ratio_to_baseline": 1.0,
    "h100_mean_state_mse": 0.0030478179532718035,
    "h100_sem_state_mse": 0.0002702532001570158,
    "h10_mean_ratio_to_baseline": 1.0,
    "h10_mean_state_mse": 0.002729684667649612,
    "h10_sem_state_mse": 0.0002994063632940154,
    "h125_mean_ratio_to_baseline": 1.0,
    "h125_mean_state_mse": 0.0036617503446691175,
    "h125_sem_state_mse": 9.097381791258168e-05,
    "h20_mean_ratio_to_baseline": 1.0,
    "h20_mean_state_mse": 0.0021519468968210654,
    "h20_sem_state_mse": 0.0001887737847621146,
    "h30_mean_ratio_to_baseline": 1.0,
    "h30_mean_state_mse": 0.002005548331732324,
    "h30_sem_state_mse": 0.00010370200495834179,
    "h40_mean_ratio_to_baseline": 1.0,
    "h40_mean_state_mse": 0.0019588004218207464,
    "h40_sem_state_mse": 0.00010042788935642622,
    "h50_mean_ratio_to_baseline": 1.0,
    "h50_mean_state_mse": 0.002020695405847886,
    "h50_sem_state_mse": 0.00010118920818652987,
    "h75_mean_ratio_to_baseline": 1.0,
    "h75_mean_state_mse": 0.002467973563665918,
    "h75_sem_state_mse": 0.0001716365772654548,
    "hidden_dim": "256",
    "latent_weight": "0.1",
    "lista_alpha": "0.05",
    "lista_loops": "2",
    "lr": 0.0003,
    "num_hidden_layers": "2",
    "num_steps": 5000,
    "prediction_weight": "1.0",
    "primary_beats_baseline_count": 0,
    "primary_mean_ratio_to_baseline": 1.0,
    "primary_mean_state_mse": 0.002173335144774327,
    "primary_sem_state_mse": 0.00015869985011148554,
    "reconstruction_weight": "0.1",
    "seed_count": 2,
    "sequence_length": 10,
    "setting": "dense_tanh_sp0",
    "sparsity_weight": "0.0",
    "z_dim": "320"
  },
  "baseline_setting": "dense_tanh_sp0",
  "best_lista": {
    "activation": "relu",
    "batch_size": 512,
    "encoder_kind": "lista",
    "h100_mean_ratio_to_baseline": 0.8281723135432537,
    "h100_mean_state_mse": 0.0024788641836128982,
    "h100_sem_state_mse": 0.0002865449992659826,
    "h10_mean_ratio_to_baseline": 1.037927191103905,
    "h10_mean_state_mse": 0.0028524214302013125,
    "h10_sem_state_mse": 0.00048587649476294426,
    "h125_mean_ratio_to_baseline": 0.7354028501351937,
    "h125_mean_state_mse": 0.002685261485779207,
    "h125_sem_state_mse": 0.00023900832631229573,
    "h20_mean_ratio_to_baseline": 1.0461828957009358,
    "h20_mean_state_mse": 0.0022640355428059896,
    "h20_sem_state_mse": 0.00034232968598409423,
    "h30_mean_ratio_to_baseline": 1.0854946539131607,
    "h30_mean_state_mse": 0.0021864132683780974,
    "h30_sem_state_mse": 0.0002943842603230528,
    "h40_mean_ratio_to_baseline": 1.0951211452189828,
    "h40_mean_state_mse": 0.0021532925749136733,
    "h40_sem_state_mse": 0.00026930971083298223,
    "h50_mean_ratio_to_baseline": 1.0759913185985288,
    "h50_mean_state_mse": 0.002181391497842627,
    "h50_sem_state_mse": 0.0002514764125051063,
    "h75_mean_ratio_to_baseline": 0.9511439114536677,
    "h75_mean_state_mse": 0.002317205491408803,
    "h75_sem_state_mse": 0.00027088938195721007,
    "hidden_dim": "256",
    "latent_weight": "0.03",
    "lista_alpha": "0.001",
    "lista_loops": "2",
    "lr": 0.0003,
    "num_hidden_layers": "2",
    "num_steps": 5000,
    "prediction_weight": "2.0",
    "primary_beats_baseline_count": 1,
    "primary_mean_ratio_to_baseline": 1.0655783971430584,
    "primary_mean_state_mse": 0.0023275108628283397,
    "primary_sem_state_mse": 0.0003286753128816358,
    "reconstruction_weight": "0.03",
    "seed_count": 2,
    "sequence_length": 10,
    "setting": "lista_relu_a0p001_sp0_pred2_rec0p03_lat0p03",
    "sparsity_weight": "0.0",
    "z_dim": "320"
  },
  "best_lista_beats_baseline": false,
  "eval_dir_name": "eval_test_periodic_wide",
  "gpu_telemetry": {
    "active_fraction_ge_10_percent": 0.8846153846153846,
    "log_count": 4,
    "memory_used_max_mib": 1524.0,
    "sample_count": 104,
    "status": "ok",
    "utilization_max_percent": 100.0,
    "utilization_mean_percent": 87.76923076923077,
    "utilization_median_percent": 100.0,
    "utilization_p90_percent": 100.0
  },
  "horizons": [
    10,
    20,
    30,
    40,
    50,
    75,
    100,
    125
  ],
  "output_dir": "runs/maniskill_insertion/perturbation_e20_5k_lista_tuning_weights_seeds12_20260603_200326/summary_wide_periodic",
  "per_run_csv": "runs/maniskill_insertion/perturbation_e20_5k_lista_tuning_weights_seeds12_20260603_200326/summary_wide_periodic/per_run.csv",
  "primary_horizons": [
    10,
    20,
    30,
    40,
    50
  ],
  "rollout_key": "best_periodic_rollout",
  "run_count": 16,
  "run_root": "runs/maniskill_insertion/perturbation_e20_5k_lista_tuning_weights_seeds12_20260603_200326",
  "setting_count": 8
}
