date=Wed Jun  3 21:08:23 EDT 2026
host=cn-f001.server.mila.quebec
commit=b5ea99e
run_root=runs/maniskill_insertion/perturbation_e20_5k_lista_tuning_confirm_ultralow_seed0_20260603_210301
output_dir=runs/maniskill_insertion/perturbation_e20_5k_lista_tuning_confirm_ultralow_seed0_20260603_210301/summary_wide_periodic_last
rollout_key=best_periodic_rollout
eval_dir_name=eval_test_periodic_wide_last
horizons=10,20,30,40,50,75,100,125
primary_horizons=10,20,30,40,50
baseline_setting=dense_tanh_sp0
{
  "aggregate_csv": "runs/maniskill_insertion/perturbation_e20_5k_lista_tuning_confirm_ultralow_seed0_20260603_210301/summary_wide_periodic_last/aggregate.csv",
  "baseline": {
    "activation": "tanh",
    "batch_size": 512,
    "encoder_kind": "dense",
    "h100_mean_ratio_to_baseline": 1.0,
    "h100_mean_state_mse": 0.002552633846507353,
    "h100_sem_state_mse": 0.0,
    "h10_mean_ratio_to_baseline": 1.0,
    "h10_mean_state_mse": 0.0026584739934385213,
    "h10_sem_state_mse": 0.0,
    "h125_mean_ratio_to_baseline": 1.0,
    "h125_mean_state_mse": 0.0031722937091503266,
    "h125_sem_state_mse": 0.0,
    "h20_mean_ratio_to_baseline": 1.0,
    "h20_mean_state_mse": 0.002128377926895042,
    "h20_sem_state_mse": 0.0,
    "h30_mean_ratio_to_baseline": 1.0,
    "h30_mean_state_mse": 0.0019252918384693287,
    "h30_sem_state_mse": 0.0,
    "h40_mean_ratio_to_baseline": 1.0,
    "h40_mean_state_mse": 0.001919489592508553,
    "h40_sem_state_mse": 0.0,
    "h50_mean_ratio_to_baseline": 1.0,
    "h50_mean_state_mse": 0.0020022321713516135,
    "h50_sem_state_mse": 0.0,
    "h75_mean_ratio_to_baseline": 1.0,
    "h75_mean_state_mse": 0.0022277160511557054,
    "h75_sem_state_mse": 0.0,
    "hidden_dim": "256",
    "latent_weight": "0.1",
    "lista_alpha": "0.05",
    "lista_loops": "2",
    "lr": 0.0003,
    "num_hidden_layers": "2",
    "num_steps": 5000,
    "prediction_weight": "1.0",
    "primary_beats_baseline_count": 0,
    "primary_mean_ratio_to_baseline": 1.0,
    "primary_mean_state_mse": 0.0021267731045326115,
    "primary_sem_state_mse": 0.0,
    "reconstruction_weight": "0.1",
    "seed_count": 1,
    "sequence_length": 10,
    "setting": "dense_tanh_sp0",
    "sparsity_weight": "0.0",
    "z_dim": "320"
  },
  "baseline_setting": "dense_tanh_sp0",
  "best_lista": {
    "activation": "relu",
    "batch_size": 512,
    "encoder_kind": "lista",
    "h100_mean_ratio_to_baseline": 0.7857752679400264,
    "h100_mean_state_mse": 0.0020057965446920955,
    "h100_sem_state_mse": 0.0,
    "h10_mean_ratio_to_baseline": 0.9591974427288763,
    "h10_mean_state_mse": 0.002550001456067453,
    "h10_sem_state_mse": 0.0,
    "h125_mean_ratio_to_baseline": 0.787676737028822,
    "h125_mean_state_mse": 0.0024987419577205882,
    "h125_sem_state_mse": 0.0,
    "h20_mean_ratio_to_baseline": 0.925600055291949,
    "h20_mean_state_mse": 0.0019700267268162146,
    "h20_sem_state_mse": 0.0,
    "h30_mean_ratio_to_baseline": 0.9047127890563285,
    "h30_mean_state_mse": 0.0017418361489289725,
    "h30_sem_state_mse": 0.0,
    "h40_mean_ratio_to_baseline": 0.8985161770923513,
    "h40_mean_state_mse": 0.0017246924506293404,
    "h40_sem_state_mse": 0.0,
    "h50_mean_ratio_to_baseline": 0.8829136581173576,
    "h50_mean_state_mse": 0.0017677981308083129,
    "h50_sem_state_mse": 0.0,
    "h75_mean_ratio_to_baseline": 0.8018537580892252,
    "h75_mean_state_mse": 0.001786302487574891,
    "h75_sem_state_mse": 0.0,
    "hidden_dim": "256",
    "latent_weight": "0.1",
    "lista_alpha": "0.01",
    "lista_loops": "2",
    "lr": 0.0003,
    "num_hidden_layers": "2",
    "num_steps": 5000,
    "prediction_weight": "1.0",
    "primary_beats_baseline_count": 1,
    "primary_mean_ratio_to_baseline": 0.917291542991743,
    "primary_mean_state_mse": 0.0019508709826500587,
    "primary_sem_state_mse": 0.0,
    "reconstruction_weight": "0.1",
    "seed_count": 1,
    "sequence_length": 10,
    "setting": "lista_relu_a0p01_sp1em4",
    "sparsity_weight": "0.0001",
    "z_dim": "320"
  },
  "best_lista_beats_baseline": true,
  "eval_dir_name": "eval_test_periodic_wide_last",
  "gpu_telemetry": {
    "active_fraction_ge_10_percent": 0.88,
    "log_count": 1,
    "memory_used_max_mib": 2196.0,
    "sample_count": 25,
    "status": "ok",
    "utilization_max_percent": 100.0,
    "utilization_mean_percent": 85.36,
    "utilization_median_percent": 100.0,
    "utilization_p90_percent": 100.0
  },
  "horizons": [
    10,
    20,
    30,
    40,
    50,
    75,
    100,
    125
  ],
  "output_dir": "runs/maniskill_insertion/perturbation_e20_5k_lista_tuning_confirm_ultralow_seed0_20260603_210301/summary_wide_periodic_last",
  "per_run_csv": "runs/maniskill_insertion/perturbation_e20_5k_lista_tuning_confirm_ultralow_seed0_20260603_210301/summary_wide_periodic_last/per_run.csv",
  "primary_horizons": [
    10,
    20,
    30,
    40,
    50
  ],
  "rollout_key": "best_periodic_rollout",
  "run_count": 4,
  "run_root": "runs/maniskill_insertion/perturbation_e20_5k_lista_tuning_confirm_ultralow_seed0_20260603_210301",
  "setting_count": 4
}
