date=Wed Jun  3 23:47:50 EDT 2026
host=cn-f001.server.mila.quebec
commit=b5ea99e
run_root=runs/maniskill_insertion/perturbation_e20_5k_forecast_compare_20260603_233342
output_dir=runs/maniskill_insertion/perturbation_e20_5k_forecast_compare_20260603_233342/summary_last
rollout_key=best_periodic_rollout
eval_dir_name=eval_test_periodic_wide_last
horizons=10,20,30,40,50,75,100,125
primary_horizons=10,20,30,40,50
baseline_setting=dense_tanh_sp0
{
  "aggregate_csv": "runs/maniskill_insertion/perturbation_e20_5k_forecast_compare_20260603_233342/summary_last/aggregate.csv",
  "baseline": {
    "activation": "tanh",
    "batch_size": 512,
    "encoder_kind": "dense",
    "h100_mean_ratio_to_baseline": 1.0,
    "h100_mean_state_mse": 0.002719384951788875,
    "h100_sem_state_mse": 0.00013402485994467672,
    "h10_mean_ratio_to_baseline": 1.0,
    "h10_mean_state_mse": 0.0026762302041313485,
    "h10_sem_state_mse": 0.00017253159920782848,
    "h125_mean_ratio_to_baseline": 1.0,
    "h125_mean_state_mse": 0.0032338036364719497,
    "h125_sem_state_mse": 3.8683125718750835e-05,
    "h20_mean_ratio_to_baseline": 1.0,
    "h20_mean_state_mse": 0.002071521609437232,
    "h20_sem_state_mse": 0.00010108711163059919,
    "h30_mean_ratio_to_baseline": 1.0,
    "h30_mean_state_mse": 0.0018842581622221372,
    "h30_sem_state_mse": 2.651608006908202e-05,
    "h40_mean_ratio_to_baseline": 1.0,
    "h40_mean_state_mse": 0.0018478621272999217,
    "h40_sem_state_mse": 3.5814613040455666e-05,
    "h50_mean_ratio_to_baseline": 1.0,
    "h50_mean_state_mse": 0.0019159495368242783,
    "h50_sem_state_mse": 4.324346534589835e-05,
    "h75_mean_ratio_to_baseline": 1.0,
    "h75_mean_state_mse": 0.0022789768947581927,
    "h75_sem_state_mse": 0.00011070069433589507,
    "hidden_dim": "256",
    "latent_weight": "0.1",
    "lista_alpha": "0.05",
    "lista_loops": "2",
    "lr": 0.0003,
    "num_hidden_layers": "2",
    "num_steps": 5000,
    "prediction_weight": "1.0",
    "primary_beats_baseline_count": 0,
    "primary_mean_ratio_to_baseline": 1.0,
    "primary_mean_state_mse": 0.0020791643279829833,
    "primary_sem_state_mse": 6.26030932150465e-05,
    "reconstruction_weight": "0.1",
    "seed_count": 3,
    "sequence_length": 10,
    "setting": "dense_tanh_sp0",
    "sparsity_weight": "0.0",
    "z_dim": "320"
  },
  "baseline_setting": "dense_tanh_sp0",
  "best_lista": {
    "activation": "relu",
    "batch_size": 512,
    "encoder_kind": "lista",
    "h100_mean_ratio_to_baseline": 0.7619480093346856,
    "h100_mean_state_mse": 0.00207169622949006,
    "h100_sem_state_mse": 0.00011338778248243581,
    "h10_mean_ratio_to_baseline": 0.9556498840728421,
    "h10_mean_state_mse": 0.0025258333127223327,
    "h10_sem_state_mse": 9.78110084101707e-05,
    "h125_mean_ratio_to_baseline": 0.7571868489616372,
    "h125_mean_state_mse": 0.002448085224758306,
    "h125_sem_state_mse": 0.00017127926366239632,
    "h20_mean_ratio_to_baseline": 0.9386722318581255,
    "h20_mean_state_mse": 0.0019309614842234093,
    "h20_sem_state_mse": 9.826009030380974e-05,
    "h30_mean_ratio_to_baseline": 0.9325698822631042,
    "h30_mean_state_mse": 0.0017559792290758897,
    "h30_sem_state_mse": 6.943862113399139e-05,
    "h40_mean_ratio_to_baseline": 0.9355020329563665,
    "h40_mean_state_mse": 0.0017281611241026901,
    "h40_sem_state_mse": 7.394771247753621e-05,
    "h50_mean_ratio_to_baseline": 0.9218878362073315,
    "h50_mean_state_mse": 0.0017649475297117545,
    "h50_sem_state_mse": 8.56220613481909e-05,
    "h75_mean_ratio_to_baseline": 0.8221196255806269,
    "h75_mean_state_mse": 0.0018743369020061728,
    "h75_sem_state_mse": 9.888218159019678e-05,
    "hidden_dim": "256",
    "latent_weight": "0.1",
    "lista_alpha": "0.01",
    "lista_loops": "2",
    "lr": 0.0003,
    "num_hidden_layers": "2",
    "num_steps": 5000,
    "prediction_weight": "1.0",
    "primary_beats_baseline_count": 2,
    "primary_mean_ratio_to_baseline": 0.9369416518909894,
    "primary_mean_state_mse": 0.0019411765359672155,
    "primary_sem_state_mse": 8.255810746753345e-05,
    "reconstruction_weight": "0.1",
    "seed_count": 3,
    "sequence_length": 10,
    "setting": "lista_relu_a0p01_sp1em4",
    "sparsity_weight": "0.0001",
    "z_dim": "320"
  },
  "best_lista_beats_baseline": true,
  "eval_dir_name": "eval_test_periodic_wide_last",
  "gpu_telemetry": {
    "active_fraction_ge_10_percent": 0.8034188034188035,
    "log_count": 5,
    "memory_used_max_mib": 2693.0,
    "sample_count": 117,
    "status": "ok",
    "utilization_max_percent": 100.0,
    "utilization_mean_percent": 76.55555555555556,
    "utilization_median_percent": 100.0,
    "utilization_p90_percent": 100.0
  },
  "horizons": [
    10,
    20,
    30,
    40,
    50,
    75,
    100,
    125
  ],
  "output_dir": "runs/maniskill_insertion/perturbation_e20_5k_forecast_compare_20260603_233342/summary_last",
  "per_run_csv": "runs/maniskill_insertion/perturbation_e20_5k_forecast_compare_20260603_233342/summary_last/per_run.csv",
  "primary_horizons": [
    10,
    20,
    30,
    40,
    50
  ],
  "rollout_key": "best_periodic_rollout",
  "run_count": 18,
  "run_root": "runs/maniskill_insertion/perturbation_e20_5k_forecast_compare_20260603_233342",
  "setting_count": 6
}
