date=Wed Jun 10 12:20:28 EDT 2026
host=cn-m002.server.mila.quebec
commit=b5ea99e
slurm_job_id=9801740
slurm_array_task_id=7
task_index=7
task_id=PushT-v1
max_steps=100
primary_horizons=10,20,50,75,100
obs_key=env_states
output=data/maniskill/default_tasks/PushT-v1/PushT-v1_state_compact_seed0.npz
cuda_visible_devices=
Downloading demonstrations to /home/mila/l/lia/.maniskill/demos - 1/1, PushT-v1
raw_traj=/home/mila/l/lia/.maniskill/demos/PushT-v1/rl/trajectory.none.pd_ee_delta_pos.physx_cuda.h5
{
  "action_dim": 3,
  "contact_phase_available": true,
  "max_transitions": 100,
  "metadata": {
    "action_dim": 3,
    "append_prev_action": true,
    "contact_phase_available": true,
    "contact_phase_names": [
      "free_space_or_no_contact",
      "contact_or_near",
      "inserted_or_success"
    ],
    "env_id": "PushT-v1",
    "env_kwargs": {
      "control_mode": "pd_ee_delta_pos",
      "human_render_camera_configs": {
        "shader_pack": "default"
      },
      "num_envs": 1024,
      "obs_mode": "state",
      "reconfiguration_freq": 1,
      "render_mode": "rgb_array",
      "sim_backend": "physx_cuda"
    },
    "labels_are_evaluation_only": true,
    "max_steps": 100,
    "max_transitions": 100,
    "min_steps": 2,
    "num_episodes": 888,
    "obs_dim": 82,
    "obs_key": "env_states",
    "outcome_available": true,
    "outcome_names": [
      "unknown",
      "success",
      "failure_flag",
      "timeout_or_partial"
    ],
    "source": "maniskill_insertion_compact_v1",
    "source_json_path": "/home/mila/l/lia/.maniskill/demos/PushT-v1/rl/trajectory.none.pd_ee_delta_pos.physx_cuda.json",
    "source_traj_path": "/home/mila/l/lia/.maniskill/demos/PushT-v1/rl/trajectory.none.pd_ee_delta_pos.physx_cuda.h5",
    "split_seed": 0,
    "train_fraction": 0.7,
    "val_fraction": 0.15
  },
  "num_episodes": 888,
  "obs_dim": 82,
  "outcome_available": true,
  "output": "data/maniskill/default_tasks/PushT-v1/PushT-v1_state_compact_seed0.npz",
  "source_traj_path": "/home/mila/l/lia/.maniskill/demos/PushT-v1/rl/trajectory.none.pd_ee_delta_pos.physx_cuda.h5",
  "split_counts": {
    "test": 133,
    "train": 622,
    "val": 133
  }
}
compact_dataset=data/maniskill/default_tasks/PushT-v1/PushT-v1_state_compact_seed0.npz
summary=data/maniskill/default_tasks/PushT-v1/PushT-v1_state_compact_seed0.npz.summary.json
