date=Wed Jun  3 20:59:27 EDT 2026
host=cn-f001.server.mila.quebec
commit=b5ea99e
run_root=runs/maniskill_insertion/perturbation_e20_5k_lista_tuning_initial_seeds12_20260603_193357
output_dir=runs/maniskill_insertion/perturbation_e20_5k_lista_tuning_initial_seeds12_20260603_193357/summary_wide_periodic_last
rollout_key=best_periodic_rollout
eval_dir_name=eval_test_periodic_wide_last
horizons=10,20,30,40,50,75,100,125
primary_horizons=10,20,30,40,50
baseline_setting=dense_tanh_sp0
{
  "aggregate_csv": "runs/maniskill_insertion/perturbation_e20_5k_lista_tuning_initial_seeds12_20260603_193357/summary_wide_periodic_last/aggregate.csv",
  "baseline": {
    "activation": "tanh",
    "batch_size": 512,
    "encoder_kind": "dense",
    "h100_mean_ratio_to_baseline": 1.0,
    "h100_mean_state_mse": 0.0028027625987732336,
    "h100_sem_state_mse": 0.00018174843382991212,
    "h10_mean_ratio_to_baseline": 1.0,
    "h10_mean_state_mse": 0.002685109556110856,
    "h10_sem_state_mse": 0.0002984374800538705,
    "h125_mean_ratio_to_baseline": 1.0,
    "h125_mean_state_mse": 0.003264559397977941,
    "h125_sem_state_mse": 4.063744638480374e-05,
    "h20_mean_ratio_to_baseline": 1.0,
    "h20_mean_state_mse": 0.0020430950713313484,
    "h20_sem_state_mse": 0.0001680226419486252,
    "h30_mean_ratio_to_baseline": 1.0,
    "h30_mean_state_mse": 0.0018637427369493805,
    "h30_sem_state_mse": 2.9097413705065278e-05,
    "h40_mean_ratio_to_baseline": 1.0,
    "h40_mean_state_mse": 0.0018120498283236634,
    "h40_sem_state_mse": 7.051580092486305e-07,
    "h50_mean_ratio_to_baseline": 1.0,
    "h50_mean_state_mse": 0.0018728095160590278,
    "h50_sem_state_mse": 5.1776162939133445e-06,
    "h75_mean_ratio_to_baseline": 1.0,
    "h75_mean_state_mse": 0.0023046084468401075,
    "h75_sem_state_mse": 0.00018652882295496333,
    "hidden_dim": "256",
    "latent_weight": "0.1",
    "lista_alpha": "0.05",
    "lista_loops": "2",
    "lr": 0.0003,
    "num_hidden_layers": "2",
    "num_steps": 5000,
    "prediction_weight": "1.0",
    "primary_beats_baseline_count": 0,
    "primary_mean_ratio_to_baseline": 1.0,
    "primary_mean_state_mse": 0.002055361341754855,
    "primary_sem_state_mse": 0.00010028806200214455,
    "reconstruction_weight": "0.1",
    "seed_count": 2,
    "sequence_length": 10,
    "setting": "dense_tanh_sp0",
    "sparsity_weight": "0.0",
    "z_dim": "320"
  },
  "baseline_setting": "dense_tanh_sp0",
  "best_lista": {
    "activation": "relu",
    "batch_size": 512,
    "encoder_kind": "lista",
    "h100_mean_ratio_to_baseline": 0.7229299361442154,
    "h100_mean_state_mse": 0.0020259622810712826,
    "h100_sem_state_mse": 0.00012771028007557185,
    "h10_mean_ratio_to_baseline": 0.9103848188844963,
    "h10_mean_state_mse": 0.0024058876785577514,
    "h10_sem_state_mse": 7.555768380757238e-05,
    "h125_mean_ratio_to_baseline": 0.687154805920592,
    "h125_mean_state_mse": 0.0022446310604319853,
    "h125_sem_state_mse": 0.00013825308606515508,
    "h20_mean_ratio_to_baseline": 0.9155976728341492,
    "h20_mean_state_mse": 0.0018494184032764312,
    "h20_sem_state_mse": 0.00010436506832347192,
    "h30_mean_ratio_to_baseline": 0.9323430607502972,
    "h30_mean_state_mse": 0.0017353869003927528,
    "h30_sem_state_mse": 0.00011767368690640317,
    "h40_mean_ratio_to_baseline": 0.9430195304070492,
    "h40_mean_state_mse": 0.001708749758651833,
    "h40_sem_state_mse": 0.0001242729885126251,
    "h50_mean_ratio_to_baseline": 0.9309718806296887,
    "h50_mean_state_mse": 0.0017431334950565513,
    "h50_sem_state_mse": 0.00013968478932100184,
    "h75_mean_ratio_to_baseline": 0.8055944205916465,
    "h75_mean_state_mse": 0.0018545373987268517,
    "h75_sem_state_mse": 0.0001250333765233524,
    "hidden_dim": "256",
    "latent_weight": "0.1",
    "lista_alpha": "0.01",
    "lista_loops": "2",
    "lr": 0.0003,
    "num_hidden_layers": "2",
    "num_steps": 5000,
    "prediction_weight": "1.0",
    "primary_beats_baseline_count": 1,
    "primary_mean_ratio_to_baseline": 0.9236892866171458,
    "primary_mean_state_mse": 0.001888515247187064,
    "primary_sem_state_mse": 0.00011231084337421488,
    "reconstruction_weight": "0.1",
    "seed_count": 2,
    "sequence_length": 10,
    "setting": "lista_relu_a0p01_sp1em4",
    "sparsity_weight": "0.0001",
    "z_dim": "320"
  },
  "best_lista_beats_baseline": true,
  "eval_dir_name": "eval_test_periodic_wide_last",
  "gpu_telemetry": {
    "active_fraction_ge_10_percent": 0.8577777777777778,
    "log_count": 9,
    "memory_used_max_mib": 2754.0,
    "sample_count": 225,
    "status": "ok",
    "utilization_max_percent": 100.0,
    "utilization_mean_percent": 84.45333333333333,
    "utilization_median_percent": 100.0,
    "utilization_p90_percent": 100.0
  },
  "horizons": [
    10,
    20,
    30,
    40,
    50,
    75,
    100,
    125
  ],
  "output_dir": "runs/maniskill_insertion/perturbation_e20_5k_lista_tuning_initial_seeds12_20260603_193357/summary_wide_periodic_last",
  "per_run_csv": "runs/maniskill_insertion/perturbation_e20_5k_lista_tuning_initial_seeds12_20260603_193357/summary_wide_periodic_last/per_run.csv",
  "primary_horizons": [
    10,
    20,
    30,
    40,
    50
  ],
  "rollout_key": "best_periodic_rollout",
  "run_count": 36,
  "run_root": "runs/maniskill_insertion/perturbation_e20_5k_lista_tuning_initial_seeds12_20260603_193357",
  "setting_count": 18
}
