date=Tue Jun  9 13:32:14 EDT 2026
host=cn-h001.server.mila.quebec
commit=b5ea99e
run_root=runs/maniskill_insertion/perturbation_e20_5k_optimizer_fairness_20260609_132517
output_dir=runs/maniskill_insertion/perturbation_e20_5k_optimizer_fairness_20260609_132517/summary_last
rollout_key=best_periodic_rollout
eval_dir_name=eval_test_periodic_last
horizons=10,20,30,40,50,75,100,125
primary_horizons=10,20,30,40,50
baseline_setting=dense_tanh_sp0_lr5em4_wd0
{
  "aggregate_csv": "runs/maniskill_insertion/perturbation_e20_5k_optimizer_fairness_20260609_132517/summary_last/aggregate.csv",
  "baseline": {
    "activation": "tanh",
    "batch_size": 512,
    "encoder_kind": "dense",
    "h100_mean_ratio_to_baseline": 1.0,
    "h100_mean_state_mse": 0.0024177125087231073,
    "h100_sem_state_mse": 0.00013904493102348623,
    "h10_mean_ratio_to_baseline": 1.0,
    "h10_mean_state_mse": 0.00269986079928662,
    "h10_sem_state_mse": 0.000100554536211276,
    "h125_mean_ratio_to_baseline": 1.0,
    "h125_mean_state_mse": 0.0028433341630923203,
    "h125_sem_state_mse": 0.00012452253385292355,
    "h20_mean_ratio_to_baseline": 1.0,
    "h20_mean_state_mse": 0.002017659704669628,
    "h20_sem_state_mse": 6.88509418796722e-05,
    "h30_mean_ratio_to_baseline": 1.0,
    "h30_mean_state_mse": 0.001807998568577098,
    "h30_sem_state_mse": 0.00010020993721206521,
    "h40_mean_ratio_to_baseline": 1.0,
    "h40_mean_state_mse": 0.001779695731102771,
    "h40_sem_state_mse": 0.00012355120629493988,
    "h50_mean_ratio_to_baseline": 1.0,
    "h50_mean_state_mse": 0.0018094293930951287,
    "h50_sem_state_mse": 0.00013269952511893977,
    "h75_mean_ratio_to_baseline": 1.0,
    "h75_mean_state_mse": 0.0020598730504209784,
    "h75_sem_state_mse": 0.0001404802146071196,
    "hidden_dim": "256",
    "latent_weight": "0.1",
    "lista_alpha": "0.05",
    "lista_loops": "2",
    "lr": 0.0005,
    "num_hidden_layers": "2",
    "num_steps": 5000,
    "prediction_weight": "1.0",
    "primary_beats_baseline_count": 0,
    "primary_mean_ratio_to_baseline": 1.0,
    "primary_mean_state_mse": 0.002022928839346249,
    "primary_sem_state_mse": 9.688189545238302e-05,
    "reconstruction_weight": "0.1",
    "seed_count": 3,
    "sequence_length": 10,
    "setting": "dense_tanh_sp0_lr5em4_wd0",
    "sparsity_weight": "0.0",
    "z_dim": "320"
  },
  "baseline_setting": "dense_tanh_sp0_lr5em4_wd0",
  "best_lista": {
    "activation": "relu",
    "batch_size": 512,
    "encoder_kind": "lista",
    "h100_mean_ratio_to_baseline": 0.8344431946245614,
    "h100_mean_state_mse": 0.002010933736830235,
    "h100_sem_state_mse": 5.992942139715481e-05,
    "h10_mean_ratio_to_baseline": 0.9105746408937854,
    "h10_mean_state_mse": 0.002454144928709874,
    "h10_sem_state_mse": 9.011980390367367e-05,
    "h125_mean_ratio_to_baseline": 0.827886595312456,
    "h125_mean_state_mse": 0.002345149845962691,
    "h125_sem_state_mse": 0.000156514870264888,
    "h20_mean_ratio_to_baseline": 0.9239940590712116,
    "h20_mean_state_mse": 0.0018670220884102883,
    "h20_sem_state_mse": 0.00010643033647294912,
    "h30_mean_ratio_to_baseline": 0.9428890151513377,
    "h30_mean_state_mse": 0.001700922426488318,
    "h30_sem_state_mse": 5.853336930628397e-05,
    "h40_mean_ratio_to_baseline": 0.9453588960748899,
    "h40_mean_state_mse": 0.001673885046267042,
    "h40_sem_state_mse": 5.3551541322550054e-05,
    "h50_mean_ratio_to_baseline": 0.9510834278486016,
    "h50_mean_state_mse": 0.0017099124351617817,
    "h50_sem_state_mse": 5.6585062552235406e-05,
    "h75_mean_ratio_to_baseline": 0.8891547937470747,
    "h75_mean_state_mse": 0.0018197683252626862,
    "h75_sem_state_mse": 4.939503836628245e-05,
    "hidden_dim": "256",
    "latent_weight": "0.1",
    "lista_alpha": "0.01",
    "lista_loops": "2",
    "lr": 0.0003,
    "num_hidden_layers": "2",
    "num_steps": 5000,
    "prediction_weight": "1.0",
    "primary_beats_baseline_count": 3,
    "primary_mean_ratio_to_baseline": 0.9310207826699819,
    "primary_mean_state_mse": 0.0018811773850074607,
    "primary_sem_state_mse": 7.147240017384763e-05,
    "reconstruction_weight": "0.1",
    "seed_count": 3,
    "sequence_length": 10,
    "setting": "lista_relu_a0p01_sp1em4_loops2_std",
    "sparsity_weight": "0.0001",
    "z_dim": "320"
  },
  "best_lista_beats_baseline": true,
  "eval_dir_name": "eval_test_periodic_last",
  "gpu_telemetry": {
    "active_fraction_ge_10_percent": 0.7806451612903226,
    "log_count": 6,
    "memory_used_max_mib": 1460.0,
    "sample_count": 155,
    "status": "ok",
    "utilization_max_percent": 100.0,
    "utilization_mean_percent": 77.69032258064516,
    "utilization_median_percent": 100.0,
    "utilization_p90_percent": 100.0
  },
  "horizons": [
    10,
    20,
    30,
    40,
    50,
    75,
    100,
    125
  ],
  "output_dir": "runs/maniskill_insertion/perturbation_e20_5k_optimizer_fairness_20260609_132517/summary_last",
  "per_run_csv": "runs/maniskill_insertion/perturbation_e20_5k_optimizer_fairness_20260609_132517/summary_last/per_run.csv",
  "primary_horizons": [
    10,
    20,
    30,
    40,
    50
  ],
  "rollout_key": "best_periodic_rollout",
  "run_count": 24,
  "run_root": "runs/maniskill_insertion/perturbation_e20_5k_optimizer_fairness_20260609_132517",
  "setting_count": 8
}
