date=Wed Jun  3 20:54:28 EDT 2026
host=cn-f003.server.mila.quebec
commit=b5ea99e
run_root=runs/maniskill_insertion/perturbation_e20_5k_lista_tuning_ultralow_seeds12_20260603_201831
output_dir=runs/maniskill_insertion/perturbation_e20_5k_lista_tuning_ultralow_seeds12_20260603_201831/summary_wide_periodic
rollout_key=best_periodic_rollout
eval_dir_name=eval_test_periodic_wide
horizons=10,20,30,40,50,75,100,125
primary_horizons=10,20,30,40,50
baseline_setting=dense_tanh_sp0
{
  "aggregate_csv": "runs/maniskill_insertion/perturbation_e20_5k_lista_tuning_ultralow_seeds12_20260603_201831/summary_wide_periodic/aggregate.csv",
  "baseline": {
    "activation": "tanh",
    "batch_size": 512,
    "encoder_kind": "dense",
    "h100_mean_ratio_to_baseline": 1.0,
    "h100_mean_state_mse": 0.0030478132659313723,
    "h100_sem_state_mse": 0.00027024851281658483,
    "h10_mean_ratio_to_baseline": 1.0,
    "h10_mean_state_mse": 0.002729684542986302,
    "h10_sem_state_mse": 0.00029940648795732483,
    "h125_mean_ratio_to_baseline": 1.0,
    "h125_mean_state_mse": 0.003661745238459967,
    "h125_sem_state_mse": 9.096871170343151e-05,
    "h20_mean_ratio_to_baseline": 1.0,
    "h20_mean_state_mse": 0.0021519467098261016,
    "h20_sem_state_mse": 0.0001887739717570786,
    "h30_mean_ratio_to_baseline": 1.0,
    "h30_mean_state_mse": 0.0020055479161879596,
    "h30_sem_state_mse": 0.00010370242050270623,
    "h40_mean_ratio_to_baseline": 1.0,
    "h40_mean_state_mse": 0.0019588000478308184,
    "h40_sem_state_mse": 0.00010042826334635423,
    "h50_mean_ratio_to_baseline": 1.0,
    "h50_mean_state_mse": 0.002020694508272059,
    "h50_sem_state_mse": 0.00010119010576235701,
    "h75_mean_ratio_to_baseline": 1.0,
    "h75_mean_state_mse": 0.0024679701063368056,
    "h75_sem_state_mse": 0.00017163311993634257,
    "hidden_dim": "256",
    "latent_weight": "0.1",
    "lista_alpha": "0.05",
    "lista_loops": "2",
    "lr": 0.0003,
    "num_hidden_layers": "2",
    "num_steps": 5000,
    "prediction_weight": "1.0",
    "primary_beats_baseline_count": 0,
    "primary_mean_ratio_to_baseline": 1.0,
    "primary_mean_state_mse": 0.0021733347450206483,
    "primary_sem_state_mse": 0.00015870024986516427,
    "reconstruction_weight": "0.1",
    "seed_count": 2,
    "sequence_length": 10,
    "setting": "dense_tanh_sp0",
    "sparsity_weight": "0.0",
    "z_dim": "320"
  },
  "baseline_setting": "dense_tanh_sp0",
  "best_lista": {
    "activation": "relu",
    "batch_size": 512,
    "encoder_kind": "lista",
    "h100_mean_ratio_to_baseline": 0.8147147458131023,
    "h100_mean_state_mse": 0.002438297346526501,
    "h100_sem_state_mse": 0.0002850827485128165,
    "h10_mean_ratio_to_baseline": 1.0193511746625665,
    "h10_mean_state_mse": 0.0028028149074978297,
    "h10_sem_state_mse": 0.0004903459237291922,
    "h125_mean_ratio_to_baseline": 0.7226910834047492,
    "h125_mean_state_mse": 0.0026386154673457927,
    "h125_sem_state_mse": 0.00024400969860600475,
    "h20_mean_ratio_to_baseline": 1.0422808544867763,
    "h20_mean_state_mse": 0.0022543957030851077,
    "h20_sem_state_mse": 0.00032742730932298035,
    "h30_mean_ratio_to_baseline": 1.0785613080465686,
    "h30_mean_state_mse": 0.002171854837787437,
    "h30_sem_state_mse": 0.0002810397179298153,
    "h40_mean_ratio_to_baseline": 1.0891001666623081,
    "h40_mean_state_mse": 0.002140863767636368,
    "h40_sem_state_mse": 0.00025632914374856396,
    "h50_mean_ratio_to_baseline": 1.0690100255522959,
    "h50_mean_state_mse": 0.0021666591868681065,
    "h50_sem_state_mse": 0.00023830309101179525,
    "h75_mean_ratio_to_baseline": 0.9378788464197952,
    "h75_mean_state_mse": 0.002285424924364277,
    "h75_sem_state_mse": 0.000259366104026246,
    "hidden_dim": "256",
    "latent_weight": "0.03",
    "lista_alpha": "0.0001",
    "lista_loops": "2",
    "lr": 0.0003,
    "num_hidden_layers": "2",
    "num_steps": 5000,
    "prediction_weight": "2.0",
    "primary_beats_baseline_count": 1,
    "primary_mean_ratio_to_baseline": 1.0565747761974895,
    "primary_mean_state_mse": 0.0023073176805749698,
    "primary_sem_state_mse": 0.00031868903714846923,
    "reconstruction_weight": "0.03",
    "seed_count": 2,
    "sequence_length": 10,
    "setting": "lista_relu_a1em4_sp0_pred2_rec0p03_lat0p03",
    "sparsity_weight": "0.0",
    "z_dim": "320"
  },
  "best_lista_beats_baseline": false,
  "eval_dir_name": "eval_test_periodic_wide",
  "gpu_telemetry": {
    "active_fraction_ge_10_percent": 0.8342857142857143,
    "log_count": 7,
    "memory_used_max_mib": 2722.0,
    "sample_count": 175,
    "status": "ok",
    "utilization_max_percent": 100.0,
    "utilization_mean_percent": 82.69714285714285,
    "utilization_median_percent": 100.0,
    "utilization_p90_percent": 100.0
  },
  "horizons": [
    10,
    20,
    30,
    40,
    50,
    75,
    100,
    125
  ],
  "output_dir": "runs/maniskill_insertion/perturbation_e20_5k_lista_tuning_ultralow_seeds12_20260603_201831/summary_wide_periodic",
  "per_run_csv": "runs/maniskill_insertion/perturbation_e20_5k_lista_tuning_ultralow_seeds12_20260603_201831/summary_wide_periodic/per_run.csv",
  "primary_horizons": [
    10,
    20,
    30,
    40,
    50
  ],
  "rollout_key": "best_periodic_rollout",
  "run_count": 28,
  "run_root": "runs/maniskill_insertion/perturbation_e20_5k_lista_tuning_ultralow_seeds12_20260603_201831",
  "setting_count": 14
}
