date=Thu Jun  4 16:25:30 EDT 2026
host=cn-h003.server.mila.quebec
commit=b5ea99e
run_root=runs/maniskill_insertion/perturbation_e20_5k_lista_optimizer_refine_20260604_155050
output_dir=runs/maniskill_insertion/perturbation_e20_5k_lista_optimizer_refine_20260604_155050/summary_checkpoint
rollout_key=best_periodic_rollout
eval_dir_name=eval_test_periodic
horizons=10,20,30,40,50,75,100,125
primary_horizons=10,20,30,40,50
baseline_setting=dense_tanh_sp0
{
  "aggregate_csv": "runs/maniskill_insertion/perturbation_e20_5k_lista_optimizer_refine_20260604_155050/summary_checkpoint/aggregate.csv",
  "baseline": {
    "activation": "tanh",
    "batch_size": 512,
    "encoder_kind": "dense",
    "h100_mean_ratio_to_baseline": 1.0,
    "h100_mean_state_mse": 0.0030319193921058006,
    "h100_sem_state_mse": 0.00015684156652827908,
    "h10_mean_ratio_to_baseline": 1.0,
    "h10_mean_state_mse": 0.0028162209504570056,
    "h10_sem_state_mse": 0.00019331328075873963,
    "h125_mean_ratio_to_baseline": 1.0,
    "h125_mean_state_mse": 0.00372891688793573,
    "h125_sem_state_mse": 8.527603965933399e-05,
    "h20_mean_ratio_to_baseline": 1.0,
    "h20_mean_state_mse": 0.0023213270183222484,
    "h20_sem_state_mse": 0.00020141529288674175,
    "h30_mean_ratio_to_baseline": 1.0,
    "h30_mean_state_mse": 0.002183391651383499,
    "h30_sem_state_mse": 0.0001876508784866137,
    "h40_mean_ratio_to_baseline": 1.0,
    "h40_mean_state_mse": 0.0021163632511313445,
    "h40_sem_state_mse": 0.00016789242259180253,
    "h50_mean_ratio_to_baseline": 1.0,
    "h50_mean_state_mse": 0.002163081416377315,
    "h50_sem_state_mse": 0.0001539051971718998,
    "h75_mean_ratio_to_baseline": 1.0,
    "h75_mean_state_mse": 0.002528056934941222,
    "h75_sem_state_mse": 0.00011588704049703121,
    "hidden_dim": "256",
    "latent_weight": "0.1",
    "lista_alpha": "0.05",
    "lista_loops": "2",
    "lr": 0.0003,
    "num_hidden_layers": "2",
    "num_steps": 5000,
    "prediction_weight": "1.0",
    "primary_beats_baseline_count": 0,
    "primary_mean_ratio_to_baseline": 1.0,
    "primary_mean_state_mse": 0.0023200768575342826,
    "primary_sem_state_mse": 0.00017299801299220394,
    "reconstruction_weight": "0.1",
    "seed_count": 3,
    "sequence_length": 10,
    "setting": "dense_tanh_sp0",
    "sparsity_weight": "0.0",
    "z_dim": "320"
  },
  "baseline_setting": "dense_tanh_sp0",
  "best_lista": {
    "activation": "relu",
    "batch_size": 512,
    "encoder_kind": "lista",
    "h100_mean_ratio_to_baseline": 0.676104509255373,
    "h100_mean_state_mse": 0.0020374434726690154,
    "h100_sem_state_mse": 1.5974268762216024e-05,
    "h10_mean_ratio_to_baseline": 0.9971943050109295,
    "h10_mean_state_mse": 0.002798124658256315,
    "h10_sem_state_mse": 0.00012646505376832907,
    "h125_mean_ratio_to_baseline": 0.6125166638298828,
    "h125_mean_state_mse": 0.00228232028271378,
    "h125_sem_state_mse": 8.400300683717226e-05,
    "h20_mean_ratio_to_baseline": 0.9406577485983144,
    "h20_mean_state_mse": 0.0021619347133927354,
    "h20_sem_state_mse": 8.416388612382777e-05,
    "h30_mean_ratio_to_baseline": 0.9276155783800957,
    "h30_mean_state_mse": 0.002000446638164091,
    "h30_sem_state_mse": 7.915275544459995e-05,
    "h40_mean_ratio_to_baseline": 0.9154394048621578,
    "h40_mean_state_mse": 0.0019139629771247149,
    "h40_sem_state_mse": 4.336627466865532e-05,
    "h50_mean_ratio_to_baseline": 0.8851629501448116,
    "h50_mean_state_mse": 0.0018932562934027778,
    "h50_sem_state_mse": 2.1935921690153242e-05,
    "h75_mean_ratio_to_baseline": 0.7621940813555993,
    "h75_mean_state_mse": 0.0019182934286634213,
    "h75_sem_state_mse": 2.3619805446889495e-05,
    "hidden_dim": "256",
    "latent_weight": "0.1",
    "lista_alpha": "0.01",
    "lista_loops": "2",
    "lr": 0.0007,
    "num_hidden_layers": "2",
    "num_steps": 5000,
    "prediction_weight": "1.0",
    "primary_beats_baseline_count": 2,
    "primary_mean_ratio_to_baseline": 0.9361797545710011,
    "primary_mean_state_mse": 0.0021535450560681265,
    "primary_sem_state_mse": 6.51608676999569e-05,
    "reconstruction_weight": "0.1",
    "seed_count": 3,
    "sequence_length": 10,
    "setting": "lista_relu_a0p01_sp1em4_loops2_lr7em4_wd0_k1em4",
    "sparsity_weight": "0.0001",
    "z_dim": "320"
  },
  "best_lista_beats_baseline": true,
  "eval_dir_name": "eval_test_periodic",
  "gpu_telemetry": {
    "active_fraction_ge_10_percent": 0.8353080568720379,
    "log_count": 36,
    "memory_used_max_mib": 2757.0,
    "sample_count": 844,
    "status": "ok",
    "utilization_max_percent": 100.0,
    "utilization_mean_percent": 82.14454976303317,
    "utilization_median_percent": 100.0,
    "utilization_p90_percent": 100.0
  },
  "horizons": [
    10,
    20,
    30,
    40,
    50,
    75,
    100,
    125
  ],
  "output_dir": "runs/maniskill_insertion/perturbation_e20_5k_lista_optimizer_refine_20260604_155050/summary_checkpoint",
  "per_run_csv": "runs/maniskill_insertion/perturbation_e20_5k_lista_optimizer_refine_20260604_155050/summary_checkpoint/per_run.csv",
  "primary_horizons": [
    10,
    20,
    30,
    40,
    50
  ],
  "rollout_key": "best_periodic_rollout",
  "run_count": 141,
  "run_root": "runs/maniskill_insertion/perturbation_e20_5k_lista_optimizer_refine_20260604_155050",
  "setting_count": 47
}
