date=Wed Jun  3 20:55:27 EDT 2026
host=cn-f001.server.mila.quebec
commit=b5ea99e
run_root=runs/maniskill_insertion/perturbation_e20_5k_lista_tuning_initial_seeds12_20260603_193357
output_dir=runs/maniskill_insertion/perturbation_e20_5k_lista_tuning_initial_seeds12_20260603_193357/summary_wide_periodic
rollout_key=best_periodic_rollout
eval_dir_name=eval_test_periodic_wide
horizons=10,20,30,40,50,75,100,125
primary_horizons=10,20,30,40,50
baseline_setting=dense_tanh_sp0
{
  "aggregate_csv": "runs/maniskill_insertion/perturbation_e20_5k_lista_tuning_initial_seeds12_20260603_193357/summary_wide_periodic/aggregate.csv",
  "baseline": {
    "activation": "tanh",
    "batch_size": 512,
    "encoder_kind": "dense",
    "h100_mean_ratio_to_baseline": 1.0,
    "h100_mean_state_mse": 0.0030478179532718035,
    "h100_sem_state_mse": 0.0002702532001570158,
    "h10_mean_ratio_to_baseline": 1.0,
    "h10_mean_state_mse": 0.002729684667649612,
    "h10_sem_state_mse": 0.0002994063632940154,
    "h125_mean_ratio_to_baseline": 1.0,
    "h125_mean_state_mse": 0.0036617503446691175,
    "h125_sem_state_mse": 9.097381791258168e-05,
    "h20_mean_ratio_to_baseline": 1.0,
    "h20_mean_state_mse": 0.0021519468968210654,
    "h20_sem_state_mse": 0.0001887737847621146,
    "h30_mean_ratio_to_baseline": 1.0,
    "h30_mean_state_mse": 0.002005548331732324,
    "h30_sem_state_mse": 0.00010370200495834179,
    "h40_mean_ratio_to_baseline": 1.0,
    "h40_mean_state_mse": 0.0019588004218207464,
    "h40_sem_state_mse": 0.00010042788935642622,
    "h50_mean_ratio_to_baseline": 1.0,
    "h50_mean_state_mse": 0.002020695405847886,
    "h50_sem_state_mse": 0.00010118920818652987,
    "h75_mean_ratio_to_baseline": 1.0,
    "h75_mean_state_mse": 0.002467973563665918,
    "h75_sem_state_mse": 0.0001716365772654548,
    "hidden_dim": "256",
    "latent_weight": "0.1",
    "lista_alpha": "0.05",
    "lista_loops": "2",
    "lr": 0.0003,
    "num_hidden_layers": "2",
    "num_steps": 5000,
    "prediction_weight": "1.0",
    "primary_beats_baseline_count": 0,
    "primary_mean_ratio_to_baseline": 1.0,
    "primary_mean_state_mse": 0.002173335144774327,
    "primary_sem_state_mse": 0.00015869985011148554,
    "reconstruction_weight": "0.1",
    "seed_count": 2,
    "sequence_length": 10,
    "setting": "dense_tanh_sp0",
    "sparsity_weight": "0.0",
    "z_dim": "320"
  },
  "baseline_setting": "dense_tanh_sp0",
  "best_lista": {
    "activation": "tanh",
    "batch_size": 512,
    "encoder_kind": "lista",
    "h100_mean_ratio_to_baseline": 0.8641113186950735,
    "h100_mean_state_mse": 0.0025885006773705577,
    "h100_sem_state_mse": 0.0002756939058989481,
    "h10_mean_ratio_to_baseline": 1.0560491299131405,
    "h10_mean_state_mse": 0.0028700660256778493,
    "h10_sem_state_mse": 0.00020117616341784128,
    "h125_mean_ratio_to_baseline": 0.8548847038053679,
    "h125_mean_state_mse": 0.0031194570503982845,
    "h125_sem_state_mse": 0.00036165603936887266,
    "h20_mean_ratio_to_baseline": 1.081563561944681,
    "h20_mean_state_mse": 0.002321129717858009,
    "h20_sem_state_mse": 0.0001319243237863179,
    "h30_mean_ratio_to_baseline": 1.066434792043531,
    "h30_mean_state_mse": 0.0021326828002929685,
    "h30_sem_state_mse": 7.451624652139591e-06,
    "h40_mean_ratio_to_baseline": 1.0405111234192361,
    "h40_mean_state_mse": 0.0020314033982021355,
    "h40_sem_state_mse": 2.7163823445638035e-05,
    "h50_mean_ratio_to_baseline": 1.009171937349544,
    "h50_mean_state_mse": 0.0020359931895935456,
    "h50_sem_state_mse": 3.749792560253282e-05,
    "h75_mean_ratio_to_baseline": 0.9268156184508786,
    "h75_mean_state_mse": 0.002259877522786458,
    "h75_sem_state_mse": 0.00023604575429347083,
    "hidden_dim": "256",
    "latent_weight": "0.1",
    "lista_alpha": "0.01",
    "lista_loops": "2",
    "lr": 0.0003,
    "num_hidden_layers": "2",
    "num_steps": 5000,
    "prediction_weight": "1.0",
    "primary_beats_baseline_count": 0,
    "primary_mean_ratio_to_baseline": 1.051625647841281,
    "primary_mean_state_mse": 0.0022782550263249018,
    "primary_sem_state_mse": 6.719659294178275e-05,
    "reconstruction_weight": "0.1",
    "seed_count": 2,
    "sequence_length": 10,
    "setting": "lista_tanh_a0p01_sp0",
    "sparsity_weight": "0.0",
    "z_dim": "320"
  },
  "best_lista_beats_baseline": false,
  "eval_dir_name": "eval_test_periodic_wide",
  "gpu_telemetry": {
    "active_fraction_ge_10_percent": 0.8577777777777778,
    "log_count": 9,
    "memory_used_max_mib": 2754.0,
    "sample_count": 225,
    "status": "ok",
    "utilization_max_percent": 100.0,
    "utilization_mean_percent": 84.45333333333333,
    "utilization_median_percent": 100.0,
    "utilization_p90_percent": 100.0
  },
  "horizons": [
    10,
    20,
    30,
    40,
    50,
    75,
    100,
    125
  ],
  "output_dir": "runs/maniskill_insertion/perturbation_e20_5k_lista_tuning_initial_seeds12_20260603_193357/summary_wide_periodic",
  "per_run_csv": "runs/maniskill_insertion/perturbation_e20_5k_lista_tuning_initial_seeds12_20260603_193357/summary_wide_periodic/per_run.csv",
  "primary_horizons": [
    10,
    20,
    30,
    40,
    50
  ],
  "rollout_key": "best_periodic_rollout",
  "run_count": 36,
  "run_root": "runs/maniskill_insertion/perturbation_e20_5k_lista_tuning_initial_seeds12_20260603_193357",
  "setting_count": 18
}
