Downloading sympy (6.0MiB)
Downloading hf-xet (4.3MiB)
Downloading networkx (1.6MiB)
Downloading triton (162.4MiB)
Downloading sapien (48.9MiB)
Downloading matplotlib (8.3MiB)
Downloading nvidia-cufile-cu12 (1.1MiB)
Downloading nvidia-cublas-cu12 (566.8MiB)
Downloading transforms3d (1.3MiB)
Downloading pygments (1.2MiB)
Downloading fonttools (4.6MiB)
Downloading mani-skill (97.0MiB)
Downloading nvidia-cuda-nvrtc-cu12 (84.0MiB)
Downloading pillow (6.3MiB)
Downloading jedi (1.5MiB)
Downloading imageio-ffmpeg (28.1MiB)
Downloading torch (858.1MiB)
Downloading opencv-python (69.5MiB)
Downloading numpy (15.6MiB)
Downloading nvidia-cusparselt-cu12 (273.9MiB)
Downloading nvidia-nvshmem-cu12 (118.9MiB)
Downloading nvidia-curand-cu12 (60.7MiB)
Downloading nvidia-cusparse-cu12 (274.9MiB)
Downloading nvidia-cufft-cu12 (184.2MiB)
Downloading scipy (35.9MiB)
Downloading nvidia-nccl-cu12 (307.4MiB)
Downloading nvidia-cusolver-cu12 (255.1MiB)
Downloading nvidia-nvjitlink-cu12 (37.4MiB)
Downloading mplib (11.5MiB)
Downloading nvidia-cuda-cupti-cu12 (9.8MiB)
Downloading h5py (4.8MiB)
Downloading kiwisolver (1.6MiB)
Downloading lxml (5.0MiB)
Downloading nvidia-cudnn-cu12 (674.0MiB)
 Downloaded nvidia-cufile-cu12
 Downloaded transforms3d
 Downloaded kiwisolver
 Downloaded pygments
 Downloaded networkx
 Downloaded hf-xet
 Downloaded fonttools
 Downloaded h5py
 Downloaded lxml
 Downloaded pillow
 Downloaded sympy
 Downloaded jedi
 Downloaded matplotlib
 Downloaded nvidia-cuda-cupti-cu12
 Downloaded mplib
 Downloaded numpy
 Downloaded imageio-ffmpeg
 Downloaded nvidia-nvjitlink-cu12
 Downloaded scipy
 Downloaded sapien
 Downloaded nvidia-curand-cu12
 Downloaded opencv-python
 Downloaded nvidia-cuda-nvrtc-cu12
 Downloaded mani-skill
 Downloaded nvidia-nvshmem-cu12
 Downloaded triton
 Downloaded nvidia-cufft-cu12
 Downloaded nvidia-cusolver-cu12
 Downloaded nvidia-cusparselt-cu12
 Downloaded nvidia-cusparse-cu12
 Downloaded nvidia-nccl-cu12
 Downloaded nvidia-cublas-cu12
 Downloaded nvidia-cudnn-cu12
 Downloaded torch
Installed 105 packages in 174ms
/tmp/uv-cache/archive-v0/fe3xIknttaWVVNzSYGAX4/lib/python3.10/site-packages/sapien/_vulkan_tricks.py:42: UserWarning: Failed to find system libvulkan. Fallback to SAPIEN builtin libvulkan.
  warn("Failed to find system libvulkan. Fallback to SAPIEN builtin libvulkan.")
0.00it [00:00, ?it/s]  1%|          | 279k/24.3M [00:00<00:08, 2.75Mit/s] 37%|███▋      | 9.00M/24.3M [00:00<00:00, 52.2Mit/s] 85%|████████▌ | 20.8M/24.3M [00:00<00:00, 81.9Mit/s]24.3Mit [00:00, 72.7Mit/s]                           
