date=Wed Jun  3 19:24:28 EDT 2026
host=cn-f001.server.mila.quebec
commit=b5ea99e
run_root=runs/maniskill_insertion/perturbation_e20_5k_lista_tuning_initial_20260603_185857_fullperiodic
output_dir=runs/maniskill_insertion/perturbation_e20_5k_lista_tuning_initial_20260603_185857_fullperiodic/summary
rollout_key=best_periodic_rollout
horizons=10,20,30,40,50,75,100,125
primary_horizons=10,20,30,40,50
baseline_setting=dense_tanh_sp0
{
  "aggregate_csv": "runs/maniskill_insertion/perturbation_e20_5k_lista_tuning_initial_20260603_185857_fullperiodic/summary/aggregate.csv",
  "baseline": {
    "activation": "tanh",
    "batch_size": 512,
    "encoder_kind": "dense",
    "h100_mean_ratio_to_baseline": 1.0,
    "h100_mean_state_mse": 0.0030001350352966707,
    "h100_sem_state_mse": 0.0,
    "h10_mean_ratio_to_baseline": 1.0,
    "h10_mean_state_mse": 0.0029892942640516494,
    "h10_sem_state_mse": 0.0,
    "h125_mean_ratio_to_baseline": 1.0,
    "h125_mean_state_mse": 0.003863280930861928,
    "h125_sem_state_mse": 0.0,
    "h20_mean_ratio_to_baseline": 1.0,
    "h20_mean_state_mse": 0.0026600876353145425,
    "h20_sem_state_mse": 0.0,
    "h30_mean_ratio_to_baseline": 1.0,
    "h30_mean_state_mse": 0.0025471139213877826,
    "h30_sem_state_mse": 0.0,
    "h40_mean_ratio_to_baseline": 1.0,
    "h40_mean_state_mse": 0.002554340985865375,
    "h40_sem_state_mse": 0.0,
    "h50_mean_ratio_to_baseline": 1.0,
    "h50_mean_state_mse": 0.0025667951995251227,
    "h50_sem_state_mse": 0.0,
    "h75_mean_ratio_to_baseline": 1.0,
    "h75_mean_state_mse": 0.0026482242093886165,
    "h75_sem_state_mse": 0.0,
    "hidden_dim": "256",
    "latent_weight": "0.1",
    "lista_alpha": "0.05",
    "lista_loops": "2",
    "lr": 0.0003,
    "num_hidden_layers": "2",
    "num_steps": 5000,
    "prediction_weight": "1.0",
    "primary_beats_baseline_count": 0,
    "primary_mean_ratio_to_baseline": 1.0,
    "primary_mean_state_mse": 0.0026635264012288946,
    "primary_sem_state_mse": 0.0,
    "reconstruction_weight": "0.1",
    "seed_count": 1,
    "sequence_length": 10,
    "setting": "dense_tanh_sp0",
    "sparsity_weight": "0.0",
    "z_dim": "320"
  },
  "baseline_setting": "dense_tanh_sp0",
  "best_lista": {
    "activation": "relu",
    "batch_size": 512,
    "encoder_kind": "lista",
    "h100_mean_ratio_to_baseline": 0.7828849833613554,
    "h100_mean_state_mse": 0.0023487606671900533,
    "h100_sem_state_mse": 0.0,
    "h10_mean_ratio_to_baseline": 0.9733260958719528,
    "h10_mean_state_mse": 0.0029095581154418146,
    "h10_sem_state_mse": 0.0,
    "h125_mean_ratio_to_baseline": 0.8374604999323028,
    "h125_mean_state_mse": 0.0032353451797385623,
    "h125_sem_state_mse": 0.0,
    "h20_mean_ratio_to_baseline": 0.8723346362875627,
    "h20_mean_state_mse": 0.002320486579845154,
    "h20_sem_state_mse": 0.0,
    "h30_mean_ratio_to_baseline": 0.7932016784957463,
    "h30_mean_state_mse": 0.0020203750377646716,
    "h30_sem_state_mse": 0.0,
    "h40_mean_ratio_to_baseline": 0.765903211520905,
    "h40_mean_state_mse": 0.0019563779643937654,
    "h40_sem_state_mse": 0.0,
    "h50_mean_ratio_to_baseline": 0.783219560609289,
    "h50_mean_state_mse": 0.0020103642083460988,
    "h50_sem_state_mse": 0.0,
    "h75_mean_ratio_to_baseline": 0.7866207951223892,
    "h75_mean_state_mse": 0.002083148233251634,
    "h75_sem_state_mse": 0.0,
    "hidden_dim": "256",
    "latent_weight": "0.1",
    "lista_alpha": "0.01",
    "lista_loops": "2",
    "lr": 0.0003,
    "num_hidden_layers": "2",
    "num_steps": 5000,
    "prediction_weight": "1.0",
    "primary_beats_baseline_count": 1,
    "primary_mean_ratio_to_baseline": 0.8422790103087503,
    "primary_mean_state_mse": 0.0022434323811583007,
    "primary_sem_state_mse": 0.0,
    "reconstruction_weight": "0.1",
    "seed_count": 1,
    "sequence_length": 10,
    "setting": "lista_relu_a0p01_sp1em4",
    "sparsity_weight": "0.0001",
    "z_dim": "320"
  },
  "best_lista_beats_baseline": true,
  "gpu_telemetry": {
    "active_fraction_ge_10_percent": 0.7985074626865671,
    "log_count": 5,
    "memory_used_max_mib": 2228.0,
    "sample_count": 134,
    "status": "ok",
    "utilization_max_percent": 100.0,
    "utilization_mean_percent": 75.82835820895522,
    "utilization_median_percent": 100.0,
    "utilization_p90_percent": 100.0
  },
  "horizons": [
    10,
    20,
    30,
    40,
    50,
    75,
    100,
    125
  ],
  "output_dir": "runs/maniskill_insertion/perturbation_e20_5k_lista_tuning_initial_20260603_185857_fullperiodic/summary",
  "per_run_csv": "runs/maniskill_insertion/perturbation_e20_5k_lista_tuning_initial_20260603_185857_fullperiodic/summary/per_run.csv",
  "primary_horizons": [
    10,
    20,
    30,
    40,
    50
  ],
  "rollout_key": "best_periodic_rollout",
  "run_count": 18,
  "run_root": "runs/maniskill_insertion/perturbation_e20_5k_lista_tuning_initial_20260603_185857_fullperiodic",
  "setting_count": 18
}
