/network/scratch/l/lia/cache_storage/uv/archive-v0/rbpGCdzJtIFU6UWIHBfJN/lib/python3.10/site-packages/sapien/_vulkan_tricks.py:42: UserWarning: Failed to find system libvulkan. Fallback to SAPIEN builtin libvulkan.
  warn("Failed to find system libvulkan. Fallback to SAPIEN builtin libvulkan.")
0.00it [00:00, ?it/s]  0%|          | 0.00/29.5M [00:00<?, ?it/s] 21%|██        | 6.12M/29.5M [00:00<00:00, 55.2Mit/s] 64%|██████▍   | 19.0M/29.5M [00:00<00:00, 94.4Mit/s]29.5Mit [00:00, 72.3Mit/s]                           
/network/scratch/l/lia/cache_storage/uv/archive-v0/rbpGCdzJtIFU6UWIHBfJN/lib/python3.10/site-packages/sapien/_vulkan_tricks.py:42: UserWarning: Failed to find system libvulkan. Fallback to SAPIEN builtin libvulkan.
  warn("Failed to find system libvulkan. Fallback to SAPIEN builtin libvulkan.")
[33;1m2026-05-12 15:52:56,895 - mani_skill  - WARNING - Warning: Using different backend (None) than the original used to collect the trajectory data (auto). This may cause replay failures due to differences in simulation/physics engine backend. Use the same backend by passing -b auto or replay by environment states by passing --use-env-states instead.[0m
  0%|          | 0/64 [00:00<?, ?step/s]0step [00:00, ?step/s][33;1m2026-05-12 15:52:56,920 - mani_skill  - WARNING - Requested to use render device "sapien_cuda", but CUDA device was not found. Falling back to "cpu" device. Rendering might be disabled.[0m
[2026-05-12 15:52:57.072] [svulkan2] [error] Extension VK_KHR_external_memory_capabilities is not available. Interop with external library is disabled.
[2026-05-12 15:52:57.073] [svulkan2] [error] Extension VK_KHR_external_semaphore_capabilities is not available. Interop with external library is disabled.
[2026-05-12 15:52:57.074] [svulkan2] [error] Your GPU driver does not support Vulkan. You may not use the renderer for rendering.
Traceback (most recent call last):
  File "/usr/lib/python3.10/runpy.py", line 196, in _run_module_as_main
    return _run_code(code, main_globals, None,
  File "/usr/lib/python3.10/runpy.py", line 86, in _run_code
    exec(code, run_globals)
  File "/network/scratch/l/lia/cache_storage/uv/archive-v0/rbpGCdzJtIFU6UWIHBfJN/lib/python3.10/site-packages/mani_skill/trajectory/replay_trajectory.py", line 626, in <module>
    main(parse_args())
  File "/network/scratch/l/lia/cache_storage/uv/archive-v0/rbpGCdzJtIFU6UWIHBfJN/lib/python3.10/site-packages/mani_skill/trajectory/replay_trajectory.py", line 605, in main
    _, replay_result = _main(
  File "/network/scratch/l/lia/cache_storage/uv/archive-v0/rbpGCdzJtIFU6UWIHBfJN/lib/python3.10/site-packages/mani_skill/trajectory/replay_trajectory.py", line 402, in _main
    env = gym.make(env_id, **env_kwargs)
  File "/network/scratch/l/lia/cache_storage/uv/archive-v0/rbpGCdzJtIFU6UWIHBfJN/lib/python3.10/site-packages/gymnasium/envs/registration.py", line 735, in make
    env = env_creator(**env_spec_kwargs)
  File "/network/scratch/l/lia/cache_storage/uv/archive-v0/rbpGCdzJtIFU6UWIHBfJN/lib/python3.10/site-packages/mani_skill/utils/registration.py", line 182, in make
    env = env_spec.make(**kwargs)
  File "/network/scratch/l/lia/cache_storage/uv/archive-v0/rbpGCdzJtIFU6UWIHBfJN/lib/python3.10/site-packages/mani_skill/utils/registration.py", line 79, in make
    return self.cls(**_kwargs)
  File "/network/scratch/l/lia/cache_storage/uv/archive-v0/rbpGCdzJtIFU6UWIHBfJN/lib/python3.10/site-packages/mani_skill/envs/tasks/tabletop/peg_insertion_side.py", line 84, in __init__
    super().__init__(
  File "/network/scratch/l/lia/cache_storage/uv/archive-v0/rbpGCdzJtIFU6UWIHBfJN/lib/python3.10/site-packages/mani_skill/envs/sapien_env.py", line 327, in __init__
    obs, _ = self.reset(seed=[2022 + i for i in range(self.num_envs)], options=dict(reconfigure=True))
  File "/network/scratch/l/lia/cache_storage/uv/archive-v0/rbpGCdzJtIFU6UWIHBfJN/lib/python3.10/site-packages/mani_skill/envs/sapien_env.py", line 913, in reset
    self._reconfigure(options)
  File "/network/scratch/l/lia/cache_storage/uv/archive-v0/rbpGCdzJtIFU6UWIHBfJN/lib/python3.10/site-packages/mani_skill/envs/sapien_env.py", line 739, in _reconfigure
    self._setup_scene()
  File "/network/scratch/l/lia/cache_storage/uv/archive-v0/rbpGCdzJtIFU6UWIHBfJN/lib/python3.10/site-packages/mani_skill/envs/sapien_env.py", line 1215, in _setup_scene
    systems.append(sapien.render.RenderSystem(self._render_device))
RuntimeError: vk::createInstanceUnique: ErrorIncompatibleDriver
0step [00:00, ?step/s]
  0%|          | 0/64 [00:00<?, ?step/s]
