date=Tue May 19 13:21:03 EDT 2026
host=cn-b004.server.mila.quebec
commit=b5ea99e
Tue May 19 13:21:03 2026       
+-----------------------------------------------------------------------------------------+
| NVIDIA-SMI 580.95.05              Driver Version: 580.95.05      CUDA Version: 13.0     |
+-----------------------------------------+------------------------+----------------------+
| GPU  Name                 Persistence-M | Bus-Id          Disp.A | Volatile Uncorr. ECC |
| Fan  Temp   Perf          Pwr:Usage/Cap |           Memory-Usage | GPU-Util  Compute M. |
|                                         |                        |               MIG M. |
|=========================================+========================+======================|
|   0  Tesla V100-SXM2-32GB           On  |   00000000:B2:00.0 Off |                    0 |
| N/A   27C    P0             40W /  300W |       0MiB /  32768MiB |      0%      Default |
|                                         |                        |                  N/A |
+-----------------------------------------+------------------------+----------------------+

+-----------------------------------------------------------------------------------------+
| Processes:                                                                              |
|  GPU   GI   CI              PID   Type   Process name                        GPU Memory |
|        ID   ID                                                               Usage      |
|=========================================================================================|
|  No running processes found                                                             |
+-----------------------------------------------------------------------------------------+
{
  "action_shape": [
    7
  ],
  "env_id": "PegInsertionSide-v1",
  "info_keys": [
    "elapsed_steps",
    "peg_head_pos_at_hole",
    "reconfigure",
    "success"
  ],
  "kwargs": {
    "control_mode": "pd_ee_delta_pose",
    "num_envs": 1,
    "obs_mode": "state",
    "render_mode": null
  },
  "obs_type": "<class 'torch.Tensor'>",
  "reward": 0.029155397787690163,
  "step_info_keys": [
    "elapsed_steps",
    "peg_head_pos_at_hole",
    "success"
  ],
  "terminated": "tensor([False])",
  "truncated": "tensor([False])"
}

======== GPU REPORT ========

==============NVSMI LOG==============

Timestamp                                 : Tue May 19 13:21:50 2026
Driver Version                            : 580.95.05
CUDA Version                              : 13.0

Attached GPUs                             : 1
GPU 00000000:B2:00.0
    Accounting Mode                       : Enabled
    Accounting Mode Buffer Size           : 4000
    Accounted Processes
        Process ID                        : 1712699
            GPU Utilization               : 0 %
            Memory Utilization            : 0 %
            Max memory usage              : 35 MiB
            Time                          : 2564 ms
            Is Running                    : 0

Tue May 19 13:21:50 2026       
+-----------------------------------------------------------------------------------------+
| NVIDIA-SMI 580.95.05              Driver Version: 580.95.05      CUDA Version: 13.0     |
+-----------------------------------------+------------------------+----------------------+
| GPU  Name                 Persistence-M | Bus-Id          Disp.A | Volatile Uncorr. ECC |
| Fan  Temp   Perf          Pwr:Usage/Cap |           Memory-Usage | GPU-Util  Compute M. |
|                                         |                        |               MIG M. |
|=========================================+========================+======================|
|   0  Tesla V100-SXM2-32GB           On  |   00000000:B2:00.0 Off |                    0 |
| N/A   27C    P0             40W /  300W |       0MiB /  32768MiB |      1%      Default |
|                                         |                        |                  N/A |
+-----------------------------------------+------------------------+----------------------+

+-----------------------------------------------------------------------------------------+
| Processes:                                                                              |
|  GPU   GI   CI              PID   Type   Process name                        GPU Memory |
|        ID   ID                                                               Usage      |
|=========================================================================================|
|  No running processes found                                                             |
+-----------------------------------------------------------------------------------------+
