date=Wed Jun  3 23:47:20 EDT 2026
host=cn-f001.server.mila.quebec
commit=b5ea99e
run_root=runs/maniskill_insertion/perturbation_e20_5k_forecast_compare_20260603_233342
output_dir=runs/maniskill_insertion/perturbation_e20_5k_forecast_compare_20260603_233342/summary_checkpoint
rollout_key=best_periodic_rollout
eval_dir_name=eval_test_periodic
horizons=10,20,30,40,50,75,100,125
primary_horizons=10,20,30,40,50
baseline_setting=dense_tanh_sp0
{
  "aggregate_csv": "runs/maniskill_insertion/perturbation_e20_5k_forecast_compare_20260603_233342/summary_checkpoint/aggregate.csv",
  "baseline": {
    "activation": "tanh",
    "batch_size": 512,
    "encoder_kind": "dense",
    "h100_mean_ratio_to_baseline": 1.0,
    "h100_mean_state_mse": 0.0030319246445865674,
    "h100_sem_state_mse": 0.0001568384395425864,
    "h10_mean_ratio_to_baseline": 1.0,
    "h10_mean_state_mse": 0.0028162212828924975,
    "h10_sem_state_mse": 0.00019331342101770418,
    "h125_mean_ratio_to_baseline": 1.0,
    "h125_mean_state_mse": 0.003728928270526961,
    "h125_sem_state_mse": 8.527241735283463e-05,
    "h20_mean_ratio_to_baseline": 1.0,
    "h20_mean_state_mse": 0.0023213270183222484,
    "h20_sem_state_mse": 0.00020141555644296862,
    "h30_mean_ratio_to_baseline": 1.0,
    "h30_mean_state_mse": 0.0021833907094829397,
    "h30_sem_state_mse": 0.00018765043000399287,
    "h40_mean_ratio_to_baseline": 1.0,
    "h40_mean_state_mse": 0.0021163624200426154,
    "h40_sem_state_mse": 0.00016789201118365762,
    "h50_mean_ratio_to_baseline": 1.0,
    "h50_mean_state_mse": 0.0021630811504289218,
    "h50_sem_state_mse": 0.0001539051623563521,
    "h75_mean_ratio_to_baseline": 1.0,
    "h75_mean_state_mse": 0.002528057821435866,
    "h75_sem_state_mse": 0.00011588669256882385,
    "hidden_dim": "256",
    "latent_weight": "0.1",
    "lista_alpha": "0.05",
    "lista_loops": "2",
    "lr": 0.0003,
    "num_hidden_layers": "2",
    "num_steps": 5000,
    "prediction_weight": "1.0",
    "primary_beats_baseline_count": 0,
    "primary_mean_ratio_to_baseline": 1.0,
    "primary_mean_state_mse": 0.0023200765162338446,
    "primary_sem_state_mse": 0.00017299794078610807,
    "reconstruction_weight": "0.1",
    "seed_count": 3,
    "sequence_length": 10,
    "setting": "dense_tanh_sp0",
    "sparsity_weight": "0.0",
    "z_dim": "320"
  },
  "baseline_setting": "dense_tanh_sp0",
  "best_lista": {
    "activation": "relu",
    "batch_size": 512,
    "encoder_kind": "lista",
    "h100_mean_ratio_to_baseline": 0.8011570492345511,
    "h100_mean_state_mse": 0.0024071711787471066,
    "h100_sem_state_mse": 9.468519774481555e-05,
    "h10_mean_ratio_to_baseline": 1.0587039694763773,
    "h10_mean_state_mse": 0.00297075076300594,
    "h10_sem_state_mse": 0.00016633900094719552,
    "h125_mean_ratio_to_baseline": 0.7410939882969445,
    "h125_mean_state_mse": 0.002763712245966095,
    "h125_sem_state_mse": 0.00013012877893271845,
    "h20_mean_ratio_to_baseline": 1.0092888325035907,
    "h20_mean_state_mse": 0.002324078296004817,
    "h20_sem_state_mse": 0.00016077642966009101,
    "h30_mean_ratio_to_baseline": 0.9675223655285798,
    "h30_mean_state_mse": 0.002087255739698223,
    "h30_sem_state_mse": 0.00015599159730311522,
    "h40_mean_ratio_to_baseline": 0.9620747031058645,
    "h40_mean_state_mse": 0.0020163848976683775,
    "h40_sem_state_mse": 0.00014950147398315266,
    "h50_mean_ratio_to_baseline": 0.954522446034179,
    "h50_mean_state_mse": 0.0020501335991753473,
    "h50_sem_state_mse": 0.00013713771168425839,
    "h75_mean_ratio_to_baseline": 0.8855741728519545,
    "h75_mean_state_mse": 0.0022132063500675155,
    "h75_sem_state_mse": 0.00016514064314290827,
    "hidden_dim": "256",
    "latent_weight": "0.1",
    "lista_alpha": "0.01",
    "lista_loops": "2",
    "lr": 0.0003,
    "num_hidden_layers": "2",
    "num_steps": 5000,
    "prediction_weight": "1.0",
    "primary_beats_baseline_count": 1,
    "primary_mean_ratio_to_baseline": 0.9934785739636508,
    "primary_mean_state_mse": 0.0022897206591105407,
    "primary_sem_state_mse": 0.00015351081935632117,
    "reconstruction_weight": "0.1",
    "seed_count": 3,
    "sequence_length": 10,
    "setting": "lista_relu_a0p01_sp1em4",
    "sparsity_weight": "0.0001",
    "z_dim": "320"
  },
  "best_lista_beats_baseline": true,
  "eval_dir_name": "eval_test_periodic",
  "gpu_telemetry": {
    "active_fraction_ge_10_percent": 0.8034188034188035,
    "log_count": 5,
    "memory_used_max_mib": 2693.0,
    "sample_count": 117,
    "status": "ok",
    "utilization_max_percent": 100.0,
    "utilization_mean_percent": 76.55555555555556,
    "utilization_median_percent": 100.0,
    "utilization_p90_percent": 100.0
  },
  "horizons": [
    10,
    20,
    30,
    40,
    50,
    75,
    100,
    125
  ],
  "output_dir": "runs/maniskill_insertion/perturbation_e20_5k_forecast_compare_20260603_233342/summary_checkpoint",
  "per_run_csv": "runs/maniskill_insertion/perturbation_e20_5k_forecast_compare_20260603_233342/summary_checkpoint/per_run.csv",
  "primary_horizons": [
    10,
    20,
    30,
    40,
    50
  ],
  "rollout_key": "best_periodic_rollout",
  "run_count": 18,
  "run_root": "runs/maniskill_insertion/perturbation_e20_5k_forecast_compare_20260603_233342",
  "setting_count": 6
}
