date=Tue May 19 13:21:03 EDT 2026
host=cn-a008.server.mila.quebec
commit=b5ea99e
Tue May 19 13:21:03 2026       
+-----------------------------------------------------------------------------------------+
| NVIDIA-SMI 580.95.05              Driver Version: 580.95.05      CUDA Version: 13.0     |
+-----------------------------------------+------------------------+----------------------+
| GPU  Name                 Persistence-M | Bus-Id          Disp.A | Volatile Uncorr. ECC |
| Fan  Temp   Perf          Pwr:Usage/Cap |           Memory-Usage | GPU-Util  Compute M. |
|                                         |                        |               MIG M. |
|=========================================+========================+======================|
|   0  Quadro RTX 8000                On  |   00000000:88:00.0 Off |                    0 |
| 33%   29C    P8             39W /  260W |       1MiB /  46080MiB |      0%      Default |
|                                         |                        |                  N/A |
+-----------------------------------------+------------------------+----------------------+

+-----------------------------------------------------------------------------------------+
| Processes:                                                                              |
|  GPU   GI   CI              PID   Type   Process name                        GPU Memory |
|        ID   ID                                                               Usage      |
|=========================================================================================|
|  No running processes found                                                             |
+-----------------------------------------------------------------------------------------+
step=0 loss=1.068401 pred=0.687174 val_mse=0.633524
step=100 loss=0.228017 pred=0.177878 val_mse=0.156964
step=200 loss=0.115340 pred=0.084823 val_mse=0.096466
step=300 loss=0.083783 pred=0.059853 val_mse=0.094148
step=400 loss=0.072409 pred=0.051198 val_mse=0.051049
step=500 loss=0.068604 pred=0.050487 val_mse=0.050685
step=600 loss=0.071394 pred=0.053039 val_mse=0.040453
step=700 loss=0.057078 pred=0.041084 val_mse=0.030168
step=800 loss=0.046809 pred=0.033081 val_mse=0.047479
step=900 loss=0.070396 pred=0.054846 val_mse=0.047560
step=1000 loss=0.039938 pred=0.028218 val_mse=0.031233
step=1100 loss=0.056027 pred=0.043561 val_mse=0.038480
step=1200 loss=0.042205 pred=0.030797 val_mse=0.036499
step=1300 loss=0.039307 pred=0.028707 val_mse=0.030073
step=1400 loss=0.036901 pred=0.026508 val_mse=0.027491
step=1500 loss=0.045285 pred=0.035310 val_mse=0.028029
step=1600 loss=0.038535 pred=0.028687 val_mse=0.035762
step=1700 loss=0.036793 pred=0.027711 val_mse=0.033439
step=1800 loss=0.044955 pred=0.035577 val_mse=0.025121
step=1900 loss=0.036021 pred=0.027044 val_mse=0.042492
step=1999 loss=0.038009 pred=0.029220 val_mse=0.020557
run_dir=runs/maniskill_insertion/sparse_mlp_controlled_seed0
{
  "checkpoint": "runs/maniskill_insertion/sparse_mlp_controlled_seed0/checkpoint.pt",
  "checkpoint_step": 1999,
  "dataset": "data/maniskill/PegInsertionSide-v1_state_compact_seed0.npz",
  "device": "cuda",
  "family_jaccard": 0.4,
  "horizons": [
    10,
    25,
    50,
    100
  ],
  "labels_used_for_training": false,
  "rollout": {
    "episode_count": 150,
    "h10/episode_count": 150,
    "h10/final_state_mse": 0.00032340109857738526,
    "h10/state_mse": 0.0003145938408680451,
    "h100/episode_count": 150,
    "h100/final_state_mse": 229.84736645299145,
    "h100/state_mse": 15.604444444444445,
    "h25/episode_count": 150,
    "h25/final_state_mse": 0.002979377192309779,
    "h25/state_mse": 0.0008809445373013489,
    "h50/episode_count": 150,
    "h50/final_state_mse": 0.09511867425380609,
    "h50/state_mse": 0.014371122754740919,
    "max_requested_horizon": 100
  },
  "split": "test",
  "support_alignment": {
    "contact_phase": {
      "contact_phase_family_ari": 0.0009600196883778172,
      "contact_phase_family_nmi": 0.1359556009881931,
      "contact_phase_family_purity": 0.9763282482903735,
      "contact_phase_sample_count": 20911.0,
      "h_contact_phase_given_family": 0.06295432533293824,
      "h_family_given_contact_phase": 4.7007757974738436,
      "unique_contact_phase_count": 2.0,
      "unique_family_count": 194.0
    },
    "contact_phase_alignment_available": true,
    "evaluated_state_count": 20911,
    "family_count": 196,
    "mean_family_similarity": 0.5220285654067993,
    "mean_support_size": 41.81048252116111,
    "outcome_alignment_available": true,
    "outcome_state": {
      "h_family_given_outcome": 3.5420384506603853,
      "h_outcome_given_family": 0.2697013867446169,
      "outcome_family_ari": 0.009184109626137455,
      "outcome_family_nmi": 0.23625223431291714,
      "outcome_family_purity": 0.8533333333333334,
      "outcome_sample_count": 150.0,
      "unique_family_count": 63.0,
      "unique_outcome_count": 2.0
    },
    "status": "ok",
    "unassigned_state_fraction": 0.0,
    "validation_state_count": 20967
  },
  "support_threshold": 0.2
}
run_dir=runs/maniskill_insertion/sparse_mlp_controlled_seed0
summary=runs/maniskill_insertion/sparse_mlp_controlled_seed0/eval_test/metrics_summary.json

======== GPU REPORT ========

==============NVSMI LOG==============

Timestamp                                 : Tue May 19 13:22:13 2026
Driver Version                            : 580.95.05
CUDA Version                              : 13.0

Attached GPUs                             : 1
GPU 00000000:88:00.0
    Accounting Mode                       : Enabled
    Accounting Mode Buffer Size           : 4000
    Accounted Processes
        Process ID                        : 1763177
            GPU Utilization               : 19 %
            Memory Utilization            : 2 %
            Max memory usage              : 262 MiB
            Time                          : 23228 ms
            Is Running                    : 0
        Process ID                        : 1763228
            GPU Utilization               : 0 %
            Memory Utilization            : 0 %
            Max memory usage              : 266 MiB
            Time                          : 31155 ms
            Is Running                    : 0

Tue May 19 13:22:13 2026       
+-----------------------------------------------------------------------------------------+
| NVIDIA-SMI 580.95.05              Driver Version: 580.95.05      CUDA Version: 13.0     |
+-----------------------------------------+------------------------+----------------------+
| GPU  Name                 Persistence-M | Bus-Id          Disp.A | Volatile Uncorr. ECC |
| Fan  Temp   Perf          Pwr:Usage/Cap |           Memory-Usage | GPU-Util  Compute M. |
|                                         |                        |               MIG M. |
|=========================================+========================+======================|
|   0  Quadro RTX 8000                On  |   00000000:88:00.0 Off |                    0 |
| 33%   32C    P8             40W /  260W |       1MiB /  46080MiB |      9%      Default |
|                                         |                        |                  N/A |
+-----------------------------------------+------------------------+----------------------+

+-----------------------------------------------------------------------------------------+
| Processes:                                                                              |
|  GPU   GI   CI              PID   Type   Process name                        GPU Memory |
|        ID   ID                                                               Usage      |
|=========================================================================================|
|  No running processes found                                                             |
+-----------------------------------------------------------------------------------------+
