date=Wed Jun  3 20:16:28 EDT 2026
host=cn-f001.server.mila.quebec
commit=b5ea99e
run_root=runs/maniskill_insertion/perturbation_e20_5k_lista_tuning_weights_seeds12_20260603_200326
output_dir=runs/maniskill_insertion/perturbation_e20_5k_lista_tuning_weights_seeds12_20260603_200326/summary
rollout_key=best_periodic_rollout
horizons=10,20,30,40,50,75,100,125
primary_horizons=10,20,30,40,50
baseline_setting=dense_tanh_sp0
{
  "aggregate_csv": "runs/maniskill_insertion/perturbation_e20_5k_lista_tuning_weights_seeds12_20260603_200326/summary/aggregate.csv",
  "baseline": {
    "activation": "tanh",
    "batch_size": 512,
    "encoder_kind": "dense",
    "h100_mean_ratio_to_baseline": 1.0,
    "h100_mean_state_mse": 0.0030478194492315155,
    "h100_sem_state_mse": 0.00027025349934895826,
    "h10_mean_ratio_to_baseline": 1.0,
    "h10_mean_state_mse": 0.0027296847923129215,
    "h10_sem_state_mse": 0.000299406986610562,
    "h125_mean_ratio_to_baseline": 1.0,
    "h125_mean_state_mse": 0.0036617519403594773,
    "h125_sem_state_mse": 9.097349877450981e-05,
    "h20_mean_ratio_to_baseline": 1.0,
    "h20_mean_state_mse": 0.0021519467098261016,
    "h20_sem_state_mse": 0.0001887739717570786,
    "h30_mean_ratio_to_baseline": 1.0,
    "h30_mean_state_mse": 0.002005548165514578,
    "h30_sem_state_mse": 0.00010370217117608763,
    "h40_mean_ratio_to_baseline": 1.0,
    "h40_mean_state_mse": 0.001958800359489092,
    "h40_sem_state_mse": 0.00010042795168808082,
    "h50_mean_ratio_to_baseline": 1.0,
    "h50_mean_state_mse": 0.002020695405847886,
    "h50_sem_state_mse": 0.0001011894076478249,
    "h75_mean_ratio_to_baseline": 1.0,
    "h75_mean_state_mse": 0.002467974627459491,
    "h75_sem_state_mse": 0.0001716368432138481,
    "hidden_dim": "256",
    "latent_weight": "0.1",
    "lista_alpha": "0.05",
    "lista_loops": "2",
    "lr": 0.0003,
    "num_hidden_layers": "2",
    "num_steps": 5000,
    "prediction_weight": "1.0",
    "primary_beats_baseline_count": 0,
    "primary_mean_ratio_to_baseline": 1.0,
    "primary_mean_state_mse": 0.002173335086598116,
    "primary_sem_state_mse": 0.0001587000977759268,
    "reconstruction_weight": "0.1",
    "seed_count": 2,
    "sequence_length": 10,
    "setting": "dense_tanh_sp0",
    "sparsity_weight": "0.0",
    "z_dim": "320"
  },
  "baseline_setting": "dense_tanh_sp0",
  "best_lista": {
    "activation": "relu",
    "batch_size": 512,
    "encoder_kind": "lista",
    "h100_mean_ratio_to_baseline": 0.8281718426585177,
    "h100_mean_state_mse": 0.0024788639841516035,
    "h100_sem_state_mse": 0.0002865446003433925,
    "h10_mean_ratio_to_baseline": 1.0510719863972258,
    "h10_mean_state_mse": 0.002892238392549403,
    "h10_sem_state_mse": 0.000525693955764272,
    "h125_mean_ratio_to_baseline": 0.7354024494039402,
    "h125_mean_state_mse": 0.0026852612464256537,
    "h125_sem_state_mse": 0.00023900760825163402,
    "h20_mean_ratio_to_baseline": 1.0461829254394504,
    "h20_mean_state_mse": 0.0022640354181426804,
    "h20_sem_state_mse": 0.00034232981064740353,
    "h30_mean_ratio_to_baseline": 1.0854948196643037,
    "h30_mean_state_mse": 0.0021864134345958436,
    "h30_sem_state_mse": 0.00029438442654079874,
    "h40_mean_ratio_to_baseline": 1.0951212733020455,
    "h40_mean_state_mse": 0.002153292761908637,
    "h40_sem_state_mse": 0.00026930977316463693,
    "h50_mean_ratio_to_baseline": 1.0759914629056109,
    "h50_mean_state_mse": 0.002181391797034569,
    "h50_sem_state_mse": 0.00025147651223575375,
    "h75_mean_ratio_to_baseline": 0.951143686583464,
    "h75_mean_state_mse": 0.002317205890331393,
    "h75_sem_state_mse": 0.0002708895149314066,
    "hidden_dim": "256",
    "latent_weight": "0.03",
    "lista_alpha": "0.001",
    "lista_loops": "2",
    "lr": 0.0003,
    "num_hidden_layers": "2",
    "num_steps": 5000,
    "prediction_weight": "2.0",
    "primary_beats_baseline_count": 1,
    "primary_mean_ratio_to_baseline": 1.0689932508743958,
    "primary_mean_state_mse": 0.0023354743608462267,
    "primary_sem_state_mse": 0.00033663889567057286,
    "reconstruction_weight": "0.03",
    "seed_count": 2,
    "sequence_length": 10,
    "setting": "lista_relu_a0p001_sp0_pred2_rec0p03_lat0p03",
    "sparsity_weight": "0.0",
    "z_dim": "320"
  },
  "best_lista_beats_baseline": false,
  "gpu_telemetry": {
    "active_fraction_ge_10_percent": 0.8846153846153846,
    "log_count": 4,
    "memory_used_max_mib": 1524.0,
    "sample_count": 104,
    "status": "ok",
    "utilization_max_percent": 100.0,
    "utilization_mean_percent": 87.76923076923077,
    "utilization_median_percent": 100.0,
    "utilization_p90_percent": 100.0
  },
  "horizons": [
    10,
    20,
    30,
    40,
    50,
    75,
    100,
    125
  ],
  "output_dir": "runs/maniskill_insertion/perturbation_e20_5k_lista_tuning_weights_seeds12_20260603_200326/summary",
  "per_run_csv": "runs/maniskill_insertion/perturbation_e20_5k_lista_tuning_weights_seeds12_20260603_200326/summary/per_run.csv",
  "primary_horizons": [
    10,
    20,
    30,
    40,
    50
  ],
  "rollout_key": "best_periodic_rollout",
  "run_count": 16,
  "run_root": "runs/maniskill_insertion/perturbation_e20_5k_lista_tuning_weights_seeds12_20260603_200326",
  "setting_count": 8
}
