date=Tue Jun  2 21:45:59 EDT 2026
host=cn-f004.server.mila.quebec
commit=b5ea99e
slurm_job_id=9725899
slurm_array_task_id=3
dataset=data/maniskill/perturbation_assessment_seed0_e20/all_setups.npz
run_dir=runs/maniskill_insertion/perturbation_e20_50k_cpu_20260603/sparse_mlp_sp0p03/seed0
model_family=sparse_mlp
encoder_kind=dense
seed=0
num_steps=50000
batch_size=128
sequence_length=10
z_dim=320
hidden_dim=256
num_hidden_layers=2
lista_alpha=0.05
sparsity_weight=0.03
support_threshold=0.2
family_jaccard=0.4
horizons=10,25,50,100
cuda_visible_devices=
step=0 loss=1.445647 pred=0.938610 val_mse=0.766541
step=500 loss=0.074153 pred=0.054676 val_mse=0.129810
step=1000 loss=0.054930 pred=0.041473 val_mse=0.187144
step=1500 loss=0.035292 pred=0.024644 val_mse=0.193941
step=2000 loss=0.038320 pred=0.029348 val_mse=0.185287
step=2500 loss=0.043945 pred=0.036313 val_mse=0.106150
step=3000 loss=0.036193 pred=0.028906 val_mse=0.121307
step=3500 loss=0.024073 pred=0.017766 val_mse=0.115709
step=4000 loss=0.025126 pred=0.019014 val_mse=0.193309
step=4500 loss=0.018302 pred=0.012823 val_mse=0.203139
step=5000 loss=0.015155 pred=0.010288 val_mse=0.183541
step=5500 loss=0.017861 pred=0.012752 val_mse=0.141113
step=6000 loss=0.017015 pred=0.012518 val_mse=0.136268
step=6500 loss=0.016616 pred=0.012489 val_mse=0.120125
step=7000 loss=0.011759 pred=0.007888 val_mse=0.234812
step=7500 loss=0.014539 pred=0.010743 val_mse=0.073301
step=8000 loss=0.013148 pred=0.009211 val_mse=0.179338
step=8500 loss=0.017813 pred=0.013810 val_mse=0.287534
step=9000 loss=0.011180 pred=0.007829 val_mse=0.213550
step=9500 loss=0.011277 pred=0.008054 val_mse=0.392945
step=10000 loss=0.011284 pred=0.008206 val_mse=0.125894
step=10500 loss=0.016947 pred=0.013671 val_mse=0.163301
step=11000 loss=0.018526 pred=0.015233 val_mse=0.159204
step=11500 loss=0.009557 pred=0.006691 val_mse=0.258492
step=12000 loss=0.009766 pred=0.007026 val_mse=0.161124
step=12500 loss=0.009314 pred=0.006550 val_mse=0.155435
step=13000 loss=0.008717 pred=0.006287 val_mse=0.123937
step=13500 loss=0.011280 pred=0.008583 val_mse=0.314111
step=14000 loss=0.008957 pred=0.006542 val_mse=0.125165
step=14500 loss=0.007743 pred=0.005371 val_mse=0.173159
step=15000 loss=0.009171 pred=0.006706 val_mse=0.252960
step=15500 loss=0.009861 pred=0.007343 val_mse=0.128344
step=16000 loss=0.011263 pred=0.008937 val_mse=0.114693
step=16500 loss=0.006613 pred=0.004433 val_mse=0.253359
step=17000 loss=0.006311 pred=0.004153 val_mse=0.183483
step=17500 loss=0.011686 pred=0.009391 val_mse=0.151134
step=18000 loss=0.006181 pred=0.004163 val_mse=0.249437
step=18500 loss=0.006904 pred=0.004864 val_mse=0.338114
step=19000 loss=0.007796 pred=0.005750 val_mse=0.207706
step=19500 loss=0.006193 pred=0.004204 val_mse=0.171912
step=20000 loss=0.006631 pred=0.004664 val_mse=0.351728
step=20500 loss=0.007646 pred=0.005641 val_mse=0.222976
step=21000 loss=0.006249 pred=0.004250 val_mse=0.128060
step=21500 loss=0.006249 pred=0.004364 val_mse=0.133878
step=22000 loss=0.007003 pred=0.005118 val_mse=0.107010
step=22500 loss=0.007420 pred=0.005528 val_mse=0.115835
step=23000 loss=0.006555 pred=0.004713 val_mse=0.193729
step=23500 loss=0.005054 pred=0.003346 val_mse=0.127580
step=24000 loss=0.007598 pred=0.005866 val_mse=0.284689
step=24500 loss=0.010277 pred=0.008596 val_mse=0.147532
step=25000 loss=0.009072 pred=0.007349 val_mse=0.136948
step=25500 loss=0.005410 pred=0.003754 val_mse=0.218734
step=26000 loss=0.004534 pred=0.002978 val_mse=0.223324
step=26500 loss=0.004416 pred=0.002884 val_mse=0.222300
step=27000 loss=0.005420 pred=0.003841 val_mse=0.126522
step=27500 loss=0.006250 pred=0.004699 val_mse=0.137782
step=28000 loss=0.005533 pred=0.003910 val_mse=0.151004
step=28500 loss=0.005133 pred=0.003653 val_mse=0.170330
step=29000 loss=0.004803 pred=0.003312 val_mse=0.180974
step=29500 loss=0.007650 pred=0.006064 val_mse=0.261039
step=30000 loss=0.004527 pred=0.003100 val_mse=0.127128
step=30500 loss=0.005195 pred=0.003677 val_mse=0.146234
step=31000 loss=0.004848 pred=0.003451 val_mse=0.181219
step=31500 loss=0.004364 pred=0.002975 val_mse=0.151573
step=32000 loss=0.007358 pred=0.005909 val_mse=0.256443
step=32500 loss=0.004989 pred=0.003586 val_mse=0.146587
step=33000 loss=0.004431 pred=0.003077 val_mse=0.138491
step=33500 loss=0.005643 pred=0.004234 val_mse=0.250282
step=34000 loss=0.007729 pred=0.006296 val_mse=0.139662
step=34500 loss=0.004564 pred=0.003205 val_mse=0.134328
step=35000 loss=0.003877 pred=0.002562 val_mse=0.198565
step=35500 loss=0.007547 pred=0.006156 val_mse=0.180747
step=36000 loss=0.005232 pred=0.003901 val_mse=0.133607
step=36500 loss=0.004698 pred=0.003389 val_mse=0.136839
step=37000 loss=0.004815 pred=0.003450 val_mse=0.098092
step=37500 loss=0.006439 pred=0.005117 val_mse=0.198768
step=38000 loss=0.003851 pred=0.002600 val_mse=0.282823
step=38500 loss=0.004568 pred=0.003323 val_mse=0.093195
step=39000 loss=0.003937 pred=0.002679 val_mse=0.237583
step=39500 loss=0.003912 pred=0.002658 val_mse=0.098713
step=40000 loss=0.004802 pred=0.003558 val_mse=0.271812
step=40500 loss=0.007173 pred=0.005779 val_mse=0.166196
step=41000 loss=0.003580 pred=0.002396 val_mse=0.167133
step=41500 loss=0.003819 pred=0.002665 val_mse=0.213098
step=42000 loss=0.003718 pred=0.002507 val_mse=0.165752
step=42500 loss=0.004093 pred=0.002882 val_mse=0.167223
step=43000 loss=0.003997 pred=0.002799 val_mse=0.126565
step=43500 loss=0.003692 pred=0.002554 val_mse=0.195625
step=44000 loss=0.003626 pred=0.002469 val_mse=0.136464
step=44500 loss=0.003540 pred=0.002360 val_mse=0.221071
step=45000 loss=0.003576 pred=0.002471 val_mse=0.179340
step=45500 loss=0.004005 pred=0.002840 val_mse=0.137896
step=46000 loss=0.003865 pred=0.002748 val_mse=0.221023
step=46500 loss=0.003154 pred=0.002024 val_mse=0.114296
step=47000 loss=0.004747 pred=0.003560 val_mse=0.155652
step=47500 loss=0.006299 pred=0.005123 val_mse=0.140918
step=48000 loss=0.004264 pred=0.003118 val_mse=0.242368
step=48500 loss=0.003454 pred=0.002363 val_mse=0.197375
step=49000 loss=0.003875 pred=0.002758 val_mse=0.198217
step=49500 loss=0.004750 pred=0.003648 val_mse=0.166491
step=49999 loss=0.002976 pred=0.001902 val_mse=0.149518
run_dir=runs/maniskill_insertion/perturbation_e20_50k_cpu_20260603/sparse_mlp_sp0p03/seed0
{
  "checkpoint": "runs/maniskill_insertion/perturbation_e20_50k_cpu_20260603/sparse_mlp_sp0p03/seed0/checkpoint.pt",
  "checkpoint_step": 7500,
  "dataset": "data/maniskill/perturbation_assessment_seed0_e20/all_setups.npz",
  "device": "cpu",
  "family_jaccard": 0.4,
  "horizons": [
    10,
    25,
    50,
    100
  ],
  "labels_used_for_training": false,
  "rollout": {
    "episode_count": 15,
    "h10/episode_count": 15,
    "h10/final_state_mse": 0.001415037018021727,
    "h10/outcome_drop_episode_count": 3,
    "h10/outcome_drop_final_state_mse": 0.0010904950497586743,
    "h10/outcome_drop_state_mse": 0.0011446534029019425,
    "h10/outcome_jam_episode_count": 3,
    "h10/outcome_jam_final_state_mse": 0.0016151142787504819,
    "h10/outcome_jam_state_mse": 0.0013541910578222837,
    "h10/outcome_miss_episode_count": 3,
    "h10/outcome_miss_final_state_mse": 0.0020530553035486756,
    "h10/outcome_miss_state_mse": 0.006907697401794733,
    "h10/outcome_partial_episode_count": 3,
    "h10/outcome_partial_final_state_mse": 0.001155710639127719,
    "h10/outcome_partial_state_mse": 0.0011236903908985114,
    "h10/outcome_success_episode_count": 3,
    "h10/outcome_success_final_state_mse": 0.0011608102206700768,
    "h10/outcome_success_state_mse": 0.0011287928601495581,
    "h10/state_mse": 0.0023318050110262205,
    "h100/episode_count": 15,
    "h100/final_state_mse": 70.9062602124183,
    "h100/outcome_drop_episode_count": 3,
    "h100/outcome_drop_final_state_mse": 81.47929751327614,
    "h100/outcome_drop_state_mse": 5.683343737234477,
    "h100/outcome_jam_episode_count": 3,
    "h100/outcome_jam_final_state_mse": 73.82626522288604,
    "h100/outcome_jam_state_mse": 5.38361226000817,
    "h100/outcome_miss_episode_count": 3,
    "h100/outcome_miss_final_state_mse": 48.3434428296058,
    "h100/outcome_miss_state_mse": 3.448411458333333,
    "h100/outcome_partial_episode_count": 3,
    "h100/outcome_partial_final_state_mse": 75.43616360932394,
    "h100/outcome_partial_state_mse": 5.43876953125,
    "h100/outcome_success_episode_count": 3,
    "h100/outcome_success_final_state_mse": 75.44611114302492,
    "h100/outcome_success_state_mse": 5.427387982536764,
    "h100/state_mse": 5.076305147058823,
    "h25/episode_count": 15,
    "h25/final_state_mse": 0.003435513552497415,
    "h25/outcome_drop_episode_count": 3,
    "h25/outcome_drop_final_state_mse": 0.0034299366224824993,
    "h25/outcome_drop_state_mse": 0.0017464273427826127,
    "h25/outcome_jam_episode_count": 3,
    "h25/outcome_jam_final_state_mse": 0.0028148803348634756,
    "h25/outcome_jam_state_mse": 0.0017712536045149262,
    "h25/outcome_miss_episode_count": 3,
    "h25/outcome_miss_final_state_mse": 0.004626991312488232,
    "h25/outcome_miss_state_mse": 0.004314134385850694,
    "h25/outcome_partial_episode_count": 3,
    "h25/outcome_partial_final_state_mse": 0.0032012980260880163,
    "h25/outcome_partial_state_mse": 0.001685919138341168,
    "h25/outcome_success_episode_count": 3,
    "h25/outcome_success_final_state_mse": 0.003104461612654667,
    "h25/outcome_success_state_mse": 0.0017017888087852329,
    "h25/state_mse": 0.0022439048617493873,
    "h50/episode_count": 15,
    "h50/final_state_mse": 0.08390784170113358,
    "h50/outcome_drop_episode_count": 3,
    "h50/outcome_drop_final_state_mse": 0.07559383928386215,
    "h50/outcome_drop_state_mse": 0.014351766748366013,
    "h50/outcome_jam_episode_count": 3,
    "h50/outcome_jam_final_state_mse": 0.08606544195436965,
    "h50/outcome_jam_state_mse": 0.014906970753389247,
    "h50/outcome_miss_episode_count": 3,
    "h50/outcome_miss_final_state_mse": 0.08993860319548962,
    "h50/outcome_miss_state_mse": 0.018651906431110855,
    "h50/outcome_partial_episode_count": 3,
    "h50/outcome_partial_final_state_mse": 0.0835892780154359,
    "h50/outcome_partial_state_mse": 0.014777211207969517,
    "h50/outcome_success_episode_count": 3,
    "h50/outcome_success_final_state_mse": 0.08435201177410051,
    "h50/outcome_success_state_mse": 0.014945026971156301,
    "h50/state_mse": 0.015526576222937091,
    "max_requested_horizon": 100
  },
  "split": "test",
  "support_alignment": {
    "contact_phase": {
      "contact_phase_family_ari": 3.115373789155473e-05,
      "contact_phase_family_nmi": 0.011226636427258508,
      "contact_phase_family_purity": 0.9996668887408394,
      "contact_phase_sample_count": 3002.0,
      "h_contact_phase_given_family": 0.0018786035053465254,
      "h_family_given_contact_phase": 3.3260849366282406,
      "unique_contact_phase_count": 2.0,
      "unique_family_count": 53.0
    },
    "contact_phase_alignment_available": true,
    "evaluated_state_count": 3017,
    "family_count": 72,
    "mean_family_similarity": 0.31799864768981934,
    "mean_support_size": 48.23201856148492,
    "outcome_alignment_available": true,
    "outcome_state": {
      "h_family_given_outcome": 1.0986122886681096,
      "h_outcome_given_family": 0.7213185522940189,
      "outcome_family_ari": -0.14545454545454545,
      "outcome_family_nmi": 0.49666621474670647,
      "outcome_family_purity": 0.6,
      "outcome_sample_count": 15.0,
      "unique_family_count": 9.0,
      "unique_outcome_count": 5.0
    },
    "status": "ok",
    "unassigned_state_fraction": 0.0,
    "validation_state_count": 2346
  },
  "support_threshold": 0.2
}
summary=runs/maniskill_insertion/perturbation_e20_50k_cpu_20260603/sparse_mlp_sp0p03/seed0/eval_test/metrics_summary.json
