date=Thu Jun  4 16:29:59 EDT 2026
host=cn-h002.server.mila.quebec
commit=b5ea99e
run_root=runs/maniskill_insertion/perturbation_e20_5k_lista_optimizer_refine_20260604_155050
output_dir=runs/maniskill_insertion/perturbation_e20_5k_lista_optimizer_refine_20260604_155050/summary_last
rollout_key=best_periodic_rollout
eval_dir_name=eval_test_periodic_last
horizons=10,20,30,40,50,75,100,125
primary_horizons=10,20,30,40,50
baseline_setting=dense_tanh_sp0
{
  "aggregate_csv": "runs/maniskill_insertion/perturbation_e20_5k_lista_optimizer_refine_20260604_155050/summary_last/aggregate.csv",
  "baseline": {
    "activation": "tanh",
    "batch_size": 512,
    "encoder_kind": "dense",
    "h100_mean_ratio_to_baseline": 1.0,
    "h100_mean_state_mse": 0.0027193852177372687,
    "h100_sem_state_mse": 0.00013402524707843615,
    "h10_mean_ratio_to_baseline": 1.0,
    "h10_mean_state_mse": 0.002676231533873315,
    "h10_sem_state_mse": 0.0001725321044995319,
    "h125_mean_ratio_to_baseline": 1.0,
    "h125_mean_state_mse": 0.003233802572678377,
    "h125_sem_state_mse": 3.868422525418963e-05,
    "h20_mean_ratio_to_baseline": 1.0,
    "h20_mean_state_mse": 0.002071522897624762,
    "h20_sem_state_mse": 0.00010108755787296401,
    "h30_mean_ratio_to_baseline": 1.0,
    "h30_mean_state_mse": 0.0018842591041226965,
    "h30_sem_state_mse": 2.6516700108499076e-05,
    "h40_mean_ratio_to_baseline": 1.0,
    "h40_mean_state_mse": 0.0018478629999430871,
    "h40_sem_state_mse": 3.5815922329719715e-05,
    "h50_mean_ratio_to_baseline": 1.0,
    "h50_mean_state_mse": 0.0019159496033113767,
    "h50_sem_state_mse": 4.32442082182855e-05,
    "h75_mean_ratio_to_baseline": 1.0,
    "h75_mean_state_mse": 0.002278977338005515,
    "h75_sem_state_mse": 0.00011070112762387582,
    "hidden_dim": "256",
    "latent_weight": "0.1",
    "lista_alpha": "0.05",
    "lista_loops": "2",
    "lr": 0.0003,
    "num_hidden_layers": "2",
    "num_steps": 5000,
    "prediction_weight": "1.0",
    "primary_beats_baseline_count": 0,
    "primary_mean_ratio_to_baseline": 1.0,
    "primary_mean_state_mse": 0.002079165227775047,
    "primary_sem_state_mse": 6.260349839299474e-05,
    "reconstruction_weight": "0.1",
    "seed_count": 3,
    "sequence_length": 10,
    "setting": "dense_tanh_sp0",
    "sparsity_weight": "0.0",
    "z_dim": "320"
  },
  "baseline_setting": "dense_tanh_sp0",
  "best_lista": {
    "activation": "relu",
    "batch_size": 512,
    "encoder_kind": "lista",
    "h100_mean_ratio_to_baseline": 0.6823899445803386,
    "h100_mean_state_mse": 0.0018511302673738766,
    "h100_sem_state_mse": 4.662817898107176e-05,
    "h10_mean_ratio_to_baseline": 0.9010349477849826,
    "h10_mean_state_mse": 0.002383661041592201,
    "h10_sem_state_mse": 0.0001468692377394346,
    "h125_mean_ratio_to_baseline": 0.6389685137462625,
    "h125_mean_state_mse": 0.0020663429010927287,
    "h125_sem_state_mse": 2.660945901529061e-05,
    "h20_mean_ratio_to_baseline": 0.8988771519552768,
    "h20_mean_state_mse": 0.0018492811697500722,
    "h20_sem_state_mse": 7.62683428369857e-05,
    "h30_mean_ratio_to_baseline": 0.90944488575358,
    "h30_mean_state_mse": 0.0017123952185492976,
    "h30_sem_state_mse": 3.185288489563385e-05,
    "h40_mean_ratio_to_baseline": 0.9017819529486054,
    "h40_mean_state_mse": 0.0016642190272512,
    "h40_sem_state_mse": 4.4010766630743466e-05,
    "h50_mean_ratio_to_baseline": 0.8725489864846468,
    "h50_mean_state_mse": 0.00166810617883221,
    "h50_sem_state_mse": 5.078670815022943e-05,
    "h75_mean_ratio_to_baseline": 0.7521614504095852,
    "h75_mean_state_mse": 0.0017109682170394199,
    "h75_sem_state_mse": 6.209729450912694e-05,
    "hidden_dim": "256",
    "latent_weight": "0.1",
    "lista_alpha": "0.01",
    "lista_loops": "2",
    "lr": 0.0005,
    "num_hidden_layers": "2",
    "num_steps": 5000,
    "prediction_weight": "1.0",
    "primary_beats_baseline_count": 3,
    "primary_mean_ratio_to_baseline": 0.8949931871560022,
    "primary_mean_state_mse": 0.0018555325271949962,
    "primary_sem_state_mse": 4.886298884147377e-05,
    "reconstruction_weight": "0.1",
    "seed_count": 3,
    "sequence_length": 10,
    "setting": "lista_relu_a0p01_sp1em4_loops2_lr5em4_wd0_k1em4",
    "sparsity_weight": "0.0001",
    "z_dim": "320"
  },
  "best_lista_beats_baseline": true,
  "eval_dir_name": "eval_test_periodic_last",
  "gpu_telemetry": {
    "active_fraction_ge_10_percent": 0.8353080568720379,
    "log_count": 36,
    "memory_used_max_mib": 2757.0,
    "sample_count": 844,
    "status": "ok",
    "utilization_max_percent": 100.0,
    "utilization_mean_percent": 82.14454976303317,
    "utilization_median_percent": 100.0,
    "utilization_p90_percent": 100.0
  },
  "horizons": [
    10,
    20,
    30,
    40,
    50,
    75,
    100,
    125
  ],
  "output_dir": "runs/maniskill_insertion/perturbation_e20_5k_lista_optimizer_refine_20260604_155050/summary_last",
  "per_run_csv": "runs/maniskill_insertion/perturbation_e20_5k_lista_optimizer_refine_20260604_155050/summary_last/per_run.csv",
  "primary_horizons": [
    10,
    20,
    30,
    40,
    50
  ],
  "rollout_key": "best_periodic_rollout",
  "run_count": 141,
  "run_root": "runs/maniskill_insertion/perturbation_e20_5k_lista_optimizer_refine_20260604_155050",
  "setting_count": 47
}
