date=Wed Jun  3 19:32:28 EDT 2026
host=cn-f001.server.mila.quebec
commit=b5ea99e
run_root=runs/maniskill_insertion/perturbation_e20_5k_lista_tuning_confirm_best_20260603_192706
output_dir=runs/maniskill_insertion/perturbation_e20_5k_lista_tuning_confirm_best_20260603_192706/summary
rollout_key=best_periodic_rollout
horizons=10,20,30,40,50,75,100,125
primary_horizons=10,20,30,40,50
baseline_setting=dense_tanh_sp0
{
  "aggregate_csv": "runs/maniskill_insertion/perturbation_e20_5k_lista_tuning_confirm_best_20260603_192706/summary/aggregate.csv",
  "baseline": {
    "activation": "tanh",
    "batch_size": 512,
    "encoder_kind": "dense",
    "h100_mean_ratio_to_baseline": 1.0,
    "h100_mean_state_mse": 0.003047809276705474,
    "h100_sem_state_mse": 0.00027025429719413794,
    "h10_mean_ratio_to_baseline": 1.0,
    "h10_mean_state_mse": 0.002729685166302849,
    "h10_sem_state_mse": 0.00029940686194725283,
    "h125_mean_ratio_to_baseline": 1.0,
    "h125_mean_state_mse": 0.0036617355047487746,
    "h125_sem_state_mse": 9.0979083690768e-05,
    "h20_mean_ratio_to_baseline": 1.0,
    "h20_mean_state_mse": 0.002151947270810994,
    "h20_sem_state_mse": 0.0001887744080786612,
    "h30_mean_ratio_to_baseline": 1.0,
    "h30_mean_state_mse": 0.002005549245929926,
    "h30_sem_state_mse": 0.0001037022542849605,
    "h40_mean_ratio_to_baseline": 1.0,
    "h40_mean_state_mse": 0.0019588013567955666,
    "h40_sem_state_mse": 0.00010042795168808093,
    "h50_mean_ratio_to_baseline": 1.0,
    "h50_mean_state_mse": 0.0020206957050398285,
    "h50_sem_state_mse": 0.00010118970683976717,
    "h75_mean_ratio_to_baseline": 1.0,
    "h75_mean_state_mse": 0.002467971037156182,
    "h75_sem_state_mse": 0.0001716348486008987,
    "hidden_dim": "256",
    "latent_weight": "0.1",
    "lista_alpha": "0.05",
    "lista_loops": "2",
    "lr": 0.0003,
    "num_hidden_layers": "2",
    "num_steps": 5000,
    "prediction_weight": "1.0",
    "primary_beats_baseline_count": 0,
    "primary_mean_ratio_to_baseline": 1.0,
    "primary_mean_state_mse": 0.002173335748975833,
    "primary_sem_state_mse": 0.00015870023656774468,
    "reconstruction_weight": "0.1",
    "seed_count": 2,
    "sequence_length": 10,
    "setting": "dense_tanh_sp0",
    "sparsity_weight": "0.0",
    "z_dim": "320"
  },
  "baseline_setting": "dense_tanh_sp0",
  "best_lista": {
    "activation": "relu",
    "batch_size": 512,
    "encoder_kind": "lista",
    "h100_mean_ratio_to_baseline": 0.8183656041811451,
    "h100_mean_state_mse": 0.0024571927139182496,
    "h100_sem_state_mse": 0.00019643636466630922,
    "h10_mean_ratio_to_baseline": 1.1890808137736577,
    "h10_mean_state_mse": 0.0032597711351182723,
    "h10_sem_state_mse": 0.0004832452262928282,
    "h125_mean_ratio_to_baseline": 0.719509579503748,
    "h125_mean_state_mse": 0.002630011504927492,
    "h125_sem_state_mse": 0.00012138217103247547,
    "h20_mean_ratio_to_baseline": 1.2239899601838085,
    "h20_mean_state_mse": 0.002666717915753134,
    "h20_sem_state_mse": 0.0006044630287519467,
    "h30_mean_ratio_to_baseline": 1.192629114253866,
    "h30_mean_state_mse": 0.0024141217732481447,
    "h30_sem_state_mse": 0.0005538922145735464,
    "h40_mean_ratio_to_baseline": 1.1500236089018214,
    "h40_mean_state_mse": 0.0022716386333789702,
    "h40_sem_state_mse": 0.0004855118545831419,
    "h50_mean_ratio_to_baseline": 1.0992207482379275,
    "h50_mean_state_mse": 0.0022362024643841913,
    "h50_sem_state_mse": 0.00041100655350030635,
    "h75_mean_ratio_to_baseline": 0.9574613102340989,
    "h75_mean_state_mse": 0.0023292381269999322,
    "h75_sem_state_mse": 0.0003209447923049429,
    "hidden_dim": "256",
    "latent_weight": "0.1",
    "lista_alpha": "0.01",
    "lista_loops": "2",
    "lr": 0.0003,
    "num_hidden_layers": "2",
    "num_steps": 5000,
    "prediction_weight": "1.0",
    "primary_beats_baseline_count": 0,
    "primary_mean_ratio_to_baseline": 1.1715629430686643,
    "primary_mean_state_mse": 0.0025696903843765422,
    "primary_sem_state_mse": 0.000507623775540354,
    "reconstruction_weight": "0.1",
    "seed_count": 2,
    "sequence_length": 10,
    "setting": "lista_relu_a0p01_sp1em4",
    "sparsity_weight": "0.0001",
    "z_dim": "320"
  },
  "best_lista_beats_baseline": false,
  "gpu_telemetry": {
    "active_fraction_ge_10_percent": 0.8863636363636364,
    "log_count": 1,
    "memory_used_max_mib": 2132.0,
    "sample_count": 44,
    "status": "ok",
    "utilization_max_percent": 99.0,
    "utilization_mean_percent": 77.06818181818181,
    "utilization_median_percent": 89.0,
    "utilization_p90_percent": 99.0
  },
  "horizons": [
    10,
    20,
    30,
    40,
    50,
    75,
    100,
    125
  ],
  "output_dir": "runs/maniskill_insertion/perturbation_e20_5k_lista_tuning_confirm_best_20260603_192706/summary",
  "per_run_csv": "runs/maniskill_insertion/perturbation_e20_5k_lista_tuning_confirm_best_20260603_192706/summary/per_run.csv",
  "primary_horizons": [
    10,
    20,
    30,
    40,
    50
  ],
  "rollout_key": "best_periodic_rollout",
  "run_count": 6,
  "run_root": "runs/maniskill_insertion/perturbation_e20_5k_lista_tuning_confirm_best_20260603_192706",
  "setting_count": 3
}
