=============================================
ManiSkill 5k packed tuning GPU context
date=2026-06-04T16:23:56-0400
host=cn-b004.server.mila.quebec
slurm_job_id=9737286
slurm_array_task_id=35
slurm_nodelist=cn-b004
slurm_job_gpus=4
slurm_step_gpus=
slurm_gpus=
slurm_gpus_on_node=1
slurm_cpus_per_task=8
cuda_visible_devices=0
cuda_device_order=
GPU 0: Tesla V100-SXM2-32GB (UUID: GPU-59855e07-1b46-7f7e-7f0a-22fcfd253fbf)
index, uuid, name, driver_version, memory.total [MiB]
0, GPU-59855e07-1b46-7f7e-7f0a-22fcfd253fbf, Tesla V100-SXM2-32GB, 580.95.05, 32768 MiB
=============================================
date=Thu Jun  4 16:23:56 EDT 2026
host=cn-b004.server.mila.quebec
commit=b5ea99e
slurm_job_id=9737286
slurm_array_task_id=35
task_set=lista_forecast_optimizer_refine
task_count=141
start_task=140
pack_size=4
pack_concurrency=4
packed_task_threads=2
dataset=data/maniskill/perturbation_assessment_seed0_e20/all_setups.npz
run_root=runs/maniskill_insertion/perturbation_e20_5k_lista_optimizer_refine_20260604_155050
num_steps=5000
batch_size=512
sequence_length=10
z_dim=320
hidden_dim=256
horizons=10,20,30,40,50,75,100,125
periodic_reencode_periods=1,2,5,10,20,50,100
cuda_visible_devices=0
No task for global task 141; stopping pack.
----- task 140/141: lista_relu_a0p01_sp1em4_loops2_lr7em4_wd1em4_k1em4 seed2 -----
encoder_kind=lista activation=relu alpha=0.01 sparsity=1e-4 loops=2
weights pred=1.0 rec=0.1 latent=0.1 k=1e-4
optimizer lr=7e-4 weight_decay=1e-4
run_dir=runs/maniskill_insertion/perturbation_e20_5k_lista_optimizer_refine_20260604_155050/lista_relu_a0p01_sp1em4_loops2_lr7em4_wd1em4_k1em4/seed2
step=0 loss=1.466395 pred=0.979076 val_mse=0.722865
step=500 loss=0.041466 pred=0.035935 val_mse=0.188706
step=1000 loss=0.024549 pred=0.021660 val_mse=0.177171
step=1500 loss=0.016859 pred=0.014670 val_mse=0.102907
step=2000 loss=0.014576 pred=0.012626 val_mse=0.224135
step=2500 loss=0.014519 pred=0.012866 val_mse=0.138350
step=3000 loss=0.012022 pred=0.010471 val_mse=0.227119
step=3500 loss=0.010974 pred=0.009501 val_mse=0.324286
step=4000 loss=0.008946 pred=0.007781 val_mse=0.323352
step=4500 loss=0.011203 pred=0.009905 val_mse=0.209724
step=4999 loss=0.007701 pred=0.006553 val_mse=0.216034
run_dir=runs/maniskill_insertion/perturbation_e20_5k_lista_optimizer_refine_20260604_155050/lista_relu_a0p01_sp1em4_loops2_lr7em4_wd1em4_k1em4/seed2
{
  "best_periodic_rollout": {
    "episode_count": 15,
    "h10/episode_count": 15,
    "h10/final_state_mse": 0.0015950580048405267,
    "h10/outcome_drop_episode_count": 3,
    "h10/outcome_drop_final_state_mse": 0.0010892404791186837,
    "h10/outcome_drop_state_mse": 0.0015630623094396653,
    "h10/outcome_jam_episode_count": 3,
    "h10/outcome_jam_final_state_mse": 0.0016080412307595895,
    "h10/outcome_jam_state_mse": 0.0019288943483938578,
    "h10/outcome_miss_episode_count": 3,
    "h10/outcome_miss_final_state_mse": 0.0031736739028513043,
    "h10/outcome_miss_state_mse": 0.00886989341062658,
    "h10/outcome_partial_episode_count": 3,
    "h10/outcome_partial_final_state_mse": 0.001050511606378493,
    "h10/outcome_partial_state_mse": 0.0014860353828255648,
    "h10/outcome_success_episode_count": 3,
    "h10/outcome_success_final_state_mse": 0.0010538225859598397,
    "h10/outcome_success_state_mse": 0.0014939611643747567,
    "h10/selected_mode": "periodic_5",
    "h10/selected_period": 5,
    "h10/state_mse": 0.0030683691984687757,
    "h100/episode_count": 15,
    "h100/final_state_mse": 0.0026077582166085835,
    "h100/outcome_drop_episode_count": 3,
    "h100/outcome_drop_final_state_mse": 0.00272697054482753,
    "h100/outcome_drop_state_mse": 0.0020427764630785174,
    "h100/outcome_jam_episode_count": 3,
    "h100/outcome_jam_final_state_mse": 0.0022550573438600775,
    "h100/outcome_jam_state_mse": 0.002293148477093067,
    "h100/outcome_miss_episode_count": 3,
    "h100/outcome_miss_final_state_mse": 0.003282913585114323,
    "h100/outcome_miss_state_mse": 0.002796897077872083,
    "h100/outcome_partial_episode_count": 3,
    "h100/outcome_partial_final_state_mse": 0.0023843674780496585,
    "h100/outcome_partial_state_mse": 0.0016619083304810368,
    "h100/outcome_success_episode_count": 3,
    "h100/outcome_success_final_state_mse": 0.0023894814007422503,
    "h100/outcome_success_state_mse": 0.0018288142073388193,
    "h100/selected_mode": "periodic_10",
    "h100/selected_period": 10,
    "h100/state_mse": 0.0021247087865093953,
    "h125/episode_count": 15,
    "h125/final_state_mse": 0.003910051919276418,
    "h125/outcome_drop_episode_count": 3,
    "h125/outcome_drop_final_state_mse": 0.004483910411401512,
    "h125/outcome_drop_state_mse": 0.002434463226717282,
    "h125/outcome_jam_episode_count": 3,
    "h125/outcome_jam_final_state_mse": 0.00455077158080207,
    "h125/outcome_jam_state_mse": 0.002601531433903314,
    "h125/outcome_miss_episode_count": 3,
    "h125/outcome_miss_final_state_mse": 0.00568787008523941,
    "h125/outcome_miss_state_mse": 0.0032029955496195874,
    "h125/outcome_partial_episode_count": 3,
    "h125/outcome_partial_final_state_mse": 0.0020643762172826755,
    "h125/outcome_partial_state_mse": 0.0017729655745761846,
    "h125/outcome_success_episode_count": 3,
    "h125/outcome_success_final_state_mse": 0.002763329743365057,
    "h125/outcome_success_state_mse": 0.002016750759548611,
    "h125/selected_mode": "periodic_10",
    "h125/selected_period": 10,
    "h125/state_mse": 0.0024057412939133987,
    "h20/episode_count": 15,
    "h20/final_state_mse": 0.0016043803271125344,
    "h20/outcome_drop_episode_count": 3,
    "h20/outcome_drop_final_state_mse": 0.0016974099223909815,
    "h20/outcome_drop_state_mse": 0.0015299928733725954,
    "h20/outcome_jam_episode_count": 3,
    "h20/outcome_jam_final_state_mse": 0.001656749523153492,
    "h20/outcome_jam_state_mse": 0.001914020223555222,
    "h20/outcome_miss_episode_count": 3,
    "h20/outcome_miss_final_state_mse": 0.001687120281013788,
    "h20/outcome_miss_state_mse": 0.0054648896447973315,
    "h20/outcome_partial_episode_count": 3,
    "h20/outcome_partial_final_state_mse": 0.0014899242547602436,
    "h20/outcome_partial_state_mse": 0.0014493480227351968,
    "h20/outcome_success_episode_count": 3,
    "h20/outcome_success_final_state_mse": 0.0014906974959802005,
    "h20/outcome_success_state_mse": 0.001462650143243129,
    "h20/selected_mode": "periodic_10",
    "h20/selected_period": 10,
    "h20/state_mse": 0.002364180072460299,
    "h30/episode_count": 15,
    "h30/final_state_mse": 0.001557819204392776,
    "h30/outcome_drop_episode_count": 3,
    "h30/outcome_drop_final_state_mse": 0.0014250390231609344,
    "h30/outcome_drop_state_mse": 0.0016206963908958019,
    "h30/outcome_jam_episode_count": 3,
    "h30/outcome_jam_final_state_mse": 0.0019186601967982996,
    "h30/outcome_jam_state_mse": 0.0020253606091916953,
    "h30/outcome_miss_episode_count": 3,
    "h30/outcome_miss_final_state_mse": 0.0014266328630494136,
    "h30/outcome_miss_state_mse": 0.004239952070780569,
    "h30/outcome_partial_episode_count": 3,
    "h30/outcome_partial_final_state_mse": 0.001467405227956429,
    "h30/outcome_partial_state_mse": 0.0015561026425662903,
    "h30/outcome_success_episode_count": 3,
    "h30/outcome_success_final_state_mse": 0.001551358905785224,
    "h30/outcome_success_state_mse": 0.0015665815286906456,
    "h30/selected_mode": "periodic_10",
    "h30/selected_period": 10,
    "h30/state_mse": 0.002201738710756655,
    "h40/episode_count": 15,
    "h40/final_state_mse": 0.0013518531338062162,
    "h40/outcome_drop_episode_count": 3,
    "h40/outcome_drop_final_state_mse": 0.0014907220755916795,
    "h40/outcome_drop_state_mse": 0.0016076576086430769,
    "h40/outcome_jam_episode_count": 3,
    "h40/outcome_jam_final_state_mse": 0.0014084841496025036,
    "h40/outcome_jam_state_mse": 0.002013211624295104,
    "h40/outcome_miss_episode_count": 3,
    "h40/outcome_miss_final_state_mse": 0.0012287622427239137,
    "h40/outcome_miss_state_mse": 0.003494168652428521,
    "h40/outcome_partial_episode_count": 3,
    "h40/outcome_partial_final_state_mse": 0.001334203151511211,
    "h40/outcome_partial_state_mse": 0.0015401221763074787,
    "h40/outcome_success_episode_count": 3,
    "h40/outcome_success_final_state_mse": 0.00129709392786026,
    "h40/outcome_success_state_mse": 0.0015556666001774906,
    "h40/selected_mode": "periodic_10",
    "h40/selected_period": 10,
    "h40/state_mse": 0.002042165394701989,
    "h50/episode_count": 15,
    "h50/final_state_mse": 0.0015136354109820198,
    "h50/outcome_drop_episode_count": 3,
    "h50/outcome_drop_final_state_mse": 0.001787488026167053,
    "h50/outcome_drop_state_mse": 0.0016787423651202832,
    "h50/outcome_jam_episode_count": 3,
    "h50/outcome_jam_final_state_mse": 0.001831468584295971,
    "h50/outcome_jam_state_mse": 0.0020021985247244242,
    "h50/outcome_miss_episode_count": 3,
    "h50/outcome_miss_final_state_mse": 0.0013103706981329357,
    "h50/outcome_miss_state_mse": 0.003047078201194215,
    "h50/outcome_partial_episode_count": 3,
    "h50/outcome_partial_final_state_mse": 0.0012733084119223301,
    "h50/outcome_partial_state_mse": 0.001508369087393767,
    "h50/outcome_success_episode_count": 3,
    "h50/outcome_success_final_state_mse": 0.0013655418639673905,
    "h50/outcome_success_state_mse": 0.001524651471306296,
    "h50/selected_mode": "periodic_10",
    "h50/selected_period": 10,
    "h50/state_mse": 0.0019522078769658906,
    "h75/episode_count": 15,
    "h75/final_state_mse": 0.0026287805021198746,
    "h75/outcome_drop_episode_count": 3,
    "h75/outcome_drop_final_state_mse": 0.003012754607434366,
    "h75/outcome_drop_state_mse": 0.001804403666577308,
    "h75/outcome_jam_episode_count": 3,
    "h75/outcome_jam_final_state_mse": 0.0024130904158346012,
    "h75/outcome_jam_state_mse": 0.0020966798703395202,
    "h75/outcome_miss_episode_count": 3,
    "h75/outcome_miss_final_state_mse": 0.0030705531438191733,
    "h75/outcome_miss_state_mse": 0.0026712202766102644,
    "h75/outcome_partial_episode_count": 3,
    "h75/outcome_partial_final_state_mse": 0.0018506682922247969,
    "h75/outcome_partial_state_mse": 0.0015676776827810118,
    "h75/outcome_success_episode_count": 3,
    "h75/outcome_success_final_state_mse": 0.002796836440859277,
    "h75/outcome_success_state_mse": 0.001620440306486907,
    "h75/selected_mode": "periodic_10",
    "h75/selected_period": 10,
    "h75/state_mse": 0.0019520843439372276,
    "max_requested_horizon": 125,
    "periodic_reencode_periods": [
      1,
      2,
      5,
      10,
      20,
      50,
      100
    ],
    "rollout_mode": "best_periodic"
  },
  "checkpoint": "runs/maniskill_insertion/perturbation_e20_5k_lista_optimizer_refine_20260604_155050/lista_relu_a0p01_sp1em4_loops2_lr7em4_wd1em4_k1em4/seed2/checkpoint.pt",
  "checkpoint_step": 1500,
  "dataset": "data/maniskill/perturbation_assessment_seed0_e20/all_setups.npz",
  "device": "cuda",
  "family_jaccard": 0.4,
  "horizons": [
    10,
    20,
    30,
    40,
    50,
    75,
    100,
    125
  ],
  "labels_used_for_training": false,
  "periodic_reencode_periods": [
    1,
    2,
    5,
    10,
    20,
    50,
    100
  ],
  "rollout": {
    "episode_count": 15,
    "h10/episode_count": 15,
    "h10/final_state_mse": 0.001974134819180358,
    "h10/outcome_drop_episode_count": 3,
    "h10/outcome_drop_final_state_mse": 0.0014255965505939683,
    "h10/outcome_drop_state_mse": 0.001625622331706527,
    "h10/outcome_jam_episode_count": 3,
    "h10/outcome_jam_final_state_mse": 0.0022500525502597585,
    "h10/outcome_jam_state_mse": 0.002038401793810277,
    "h10/outcome_miss_episode_count": 3,
    "h10/outcome_miss_final_state_mse": 0.0033545945497120127,
    "h10/outcome_miss_state_mse": 0.00876733446432874,
    "h10/outcome_partial_episode_count": 3,
    "h10/outcome_partial_final_state_mse": 0.0014156475176219068,
    "h10/outcome_partial_state_mse": 0.0015422405760272657,
    "h10/outcome_success_episode_count": 3,
    "h10/outcome_success_final_state_mse": 0.001424782635534511,
    "h10/outcome_success_state_mse": 0.001557370611265594,
    "h10/state_mse": 0.003106194041133706,
    "h100/episode_count": 15,
    "h100/final_state_mse": 1473.6071895424836,
    "h100/outcome_drop_episode_count": 3,
    "h100/outcome_drop_final_state_mse": 1505.1067835988563,
    "h100/outcome_drop_state_mse": 83.79077410130719,
    "h100/outcome_jam_episode_count": 3,
    "h100/outcome_jam_final_state_mse": 1421.8222911560458,
    "h100/outcome_jam_state_mse": 80.6798508986928,
    "h100/outcome_miss_episode_count": 3,
    "h100/outcome_miss_final_state_mse": 1425.5942095588234,
    "h100/outcome_miss_state_mse": 70.24806985294117,
    "h100/outcome_partial_episode_count": 3,
    "h100/outcome_partial_final_state_mse": 1501.358660130719,
    "h100/outcome_partial_state_mse": 84.41475081699346,
    "h100/outcome_success_episode_count": 3,
    "h100/outcome_success_final_state_mse": 1514.1536330678105,
    "h100/outcome_success_state_mse": 84.65092524509804,
    "h100/state_mse": 80.75686928104575,
    "h125/episode_count": 15,
    "h125/final_state_mse": 93952.8366013072,
    "h125/outcome_drop_episode_count": 3,
    "h125/outcome_drop_final_state_mse": 92926.52777777778,
    "h125/outcome_drop_state_mse": 4930.812758169935,
    "h125/outcome_jam_episode_count": 3,
    "h125/outcome_jam_final_state_mse": 92064.77614379085,
    "h125/outcome_jam_state_mse": 4736.52091503268,
    "h125/outcome_miss_episode_count": 3,
    "h125/outcome_miss_final_state_mse": 95077.67647058824,
    "h125/outcome_miss_state_mse": 5212.706928104575,
    "h125/outcome_partial_episode_count": 3,
    "h125/outcome_partial_final_state_mse": 94426.20751633987,
    "h125/outcome_partial_state_mse": 4943.718849673202,
    "h125/outcome_success_episode_count": 3,
    "h125/outcome_success_final_state_mse": 95268.99346405228,
    "h125/outcome_success_state_mse": 5002.956522875817,
    "h125/state_mse": 4965.342870588235,
    "h20/episode_count": 15,
    "h20/final_state_mse": 0.0027915767594879747,
    "h20/outcome_drop_episode_count": 3,
    "h20/outcome_drop_final_state_mse": 0.002372100900590809,
    "h20/outcome_drop_state_mse": 0.001711502612805834,
    "h20/outcome_jam_episode_count": 3,
    "h20/outcome_jam_final_state_mse": 0.002244178765739491,
    "h20/outcome_jam_state_mse": 0.0020894812992195678,
    "h20/outcome_miss_episode_count": 3,
    "h20/outcome_miss_final_state_mse": 0.004973179472038169,
    "h20/outcome_miss_state_mse": 0.006191182915681328,
    "h20/outcome_partial_episode_count": 3,
    "h20/outcome_partial_final_state_mse": 0.00217178220452826,
    "h20/outcome_partial_state_mse": 0.0016365029843024958,
    "h20/outcome_success_episode_count": 3,
    "h20/outcome_success_final_state_mse": 0.002196641821487277,
    "h20/outcome_success_state_mse": 0.0016535193701974708,
    "h20/state_mse": 0.002656437992270476,
    "h30/episode_count": 15,
    "h30/final_state_mse": 0.005385964212853924,
    "h30/outcome_drop_episode_count": 3,
    "h30/outcome_drop_final_state_mse": 0.004137485537653655,
    "h30/outcome_drop_state_mse": 0.002173394263439968,
    "h30/outcome_jam_episode_count": 3,
    "h30/outcome_jam_final_state_mse": 0.004654768148278878,
    "h30/outcome_jam_state_mse": 0.0025492120152724855,
    "h30/outcome_miss_episode_count": 3,
    "h30/outcome_miss_final_state_mse": 0.010049487786744934,
    "h30/outcome_miss_state_mse": 0.006715333020245588,
    "h30/outcome_partial_episode_count": 3,
    "h30/outcome_partial_final_state_mse": 0.004028933548849392,
    "h30/outcome_partial_state_mse": 0.00209099420535019,
    "h30/outcome_success_episode_count": 3,
    "h30/outcome_success_final_state_mse": 0.004059146432315602,
    "h30/outcome_success_state_mse": 0.0021039737335736973,
    "h30/state_mse": 0.00312658139563334,
    "h40/episode_count": 15,
    "h40/final_state_mse": 0.01747097813226039,
    "h40/outcome_drop_episode_count": 3,
    "h40/outcome_drop_final_state_mse": 0.01872615681754218,
    "h40/outcome_drop_state_mse": 0.00440309359357248,
    "h40/outcome_jam_episode_count": 3,
    "h40/outcome_jam_final_state_mse": 0.01810554273767409,
    "h40/outcome_jam_state_mse": 0.0044114874079336525,
    "h40/outcome_miss_episode_count": 3,
    "h40/outcome_miss_final_state_mse": 0.014192149335262822,
    "h40/outcome_miss_state_mse": 0.008020516002879422,
    "h40/outcome_partial_episode_count": 3,
    "h40/outcome_partial_final_state_mse": 0.01802367751115288,
    "h40/outcome_partial_state_mse": 0.004071968676997166,
    "h40/outcome_success_episode_count": 3,
    "h40/outcome_success_final_state_mse": 0.018307369908476187,
    "h40/outcome_success_state_mse": 0.004095994257459453,
    "h40/state_mse": 0.005000612346175449,
    "h50/episode_count": 15,
    "h50/final_state_mse": 0.061481435937819136,
    "h50/outcome_drop_episode_count": 3,
    "h50/outcome_drop_final_state_mse": 0.06789523168326983,
    "h50/outcome_drop_state_mse": 0.011967379002789267,
    "h50/outcome_jam_episode_count": 3,
    "h50/outcome_jam_final_state_mse": 0.05798049066580978,
    "h50/outcome_jam_state_mse": 0.011026286954194112,
    "h50/outcome_miss_episode_count": 3,
    "h50/outcome_miss_final_state_mse": 0.06036075657489253,
    "h50/outcome_miss_state_mse": 0.012725321950476154,
    "h50/outcome_partial_episode_count": 3,
    "h50/outcome_partial_final_state_mse": 0.0607404880274355,
    "h50/outcome_partial_state_mse": 0.010770464878456265,
    "h50/outcome_success_episode_count": 3,
    "h50/outcome_success_final_state_mse": 0.06043020260879417,
    "h50/outcome_success_state_mse": 0.01084732529384638,
    "h50/state_mse": 0.011467356164470997,
    "h75/episode_count": 15,
    "h75/final_state_mse": 7.8100809334150325,
    "h75/outcome_drop_episode_count": 3,
    "h75/outcome_drop_final_state_mse": 8.305505490770527,
    "h75/outcome_drop_state_mse": 0.5443040343307461,
    "h75/outcome_jam_episode_count": 3,
    "h75/outcome_jam_final_state_mse": 8.21929303337546,
    "h75/outcome_jam_state_mse": 0.5350268288739106,
    "h75/outcome_miss_episode_count": 3,
    "h75/outcome_miss_final_state_mse": 5.468131071601817,
    "h75/outcome_miss_state_mse": 0.4892995876736111,
    "h75/outcome_partial_episode_count": 3,
    "h75/outcome_partial_final_state_mse": 8.565183053608813,
    "h75/outcome_partial_state_mse": 0.5493609898386438,
    "h75/outcome_success_episode_count": 3,
    "h75/outcome_success_final_state_mse": 8.492291020412072,
    "h75/outcome_success_state_mse": 0.5460069657203159,
    "h75/state_mse": 0.5327996663943355,
    "max_requested_horizon": 125,
    "reencode_period": null,
    "rollout_mode": "no_reencode"
  },
  "rollout_modes": {
    "no_reencode": {
      "episode_count": 15,
      "h10/episode_count": 15,
      "h10/final_state_mse": 0.001974134819180358,
      "h10/outcome_drop_episode_count": 3,
      "h10/outcome_drop_final_state_mse": 0.0014255965505939683,
      "h10/outcome_drop_state_mse": 0.001625622331706527,
      "h10/outcome_jam_episode_count": 3,
      "h10/outcome_jam_final_state_mse": 0.0022500525502597585,
      "h10/outcome_jam_state_mse": 0.002038401793810277,
      "h10/outcome_miss_episode_count": 3,
      "h10/outcome_miss_final_state_mse": 0.0033545945497120127,
      "h10/outcome_miss_state_mse": 0.00876733446432874,
      "h10/outcome_partial_episode_count": 3,
      "h10/outcome_partial_final_state_mse": 0.0014156475176219068,
      "h10/outcome_partial_state_mse": 0.0015422405760272657,
      "h10/outcome_success_episode_count": 3,
      "h10/outcome_success_final_state_mse": 0.001424782635534511,
      "h10/outcome_success_state_mse": 0.001557370611265594,
      "h10/state_mse": 0.003106194041133706,
      "h100/episode_count": 15,
      "h100/final_state_mse": 1473.6071895424836,
      "h100/outcome_drop_episode_count": 3,
      "h100/outcome_drop_final_state_mse": 1505.1067835988563,
      "h100/outcome_drop_state_mse": 83.79077410130719,
      "h100/outcome_jam_episode_count": 3,
      "h100/outcome_jam_final_state_mse": 1421.8222911560458,
      "h100/outcome_jam_state_mse": 80.6798508986928,
      "h100/outcome_miss_episode_count": 3,
      "h100/outcome_miss_final_state_mse": 1425.5942095588234,
      "h100/outcome_miss_state_mse": 70.24806985294117,
      "h100/outcome_partial_episode_count": 3,
      "h100/outcome_partial_final_state_mse": 1501.358660130719,
      "h100/outcome_partial_state_mse": 84.41475081699346,
      "h100/outcome_success_episode_count": 3,
      "h100/outcome_success_final_state_mse": 1514.1536330678105,
      "h100/outcome_success_state_mse": 84.65092524509804,
      "h100/state_mse": 80.75686928104575,
      "h125/episode_count": 15,
      "h125/final_state_mse": 93952.8366013072,
      "h125/outcome_drop_episode_count": 3,
      "h125/outcome_drop_final_state_mse": 92926.52777777778,
      "h125/outcome_drop_state_mse": 4930.812758169935,
      "h125/outcome_jam_episode_count": 3,
      "h125/outcome_jam_final_state_mse": 92064.77614379085,
      "h125/outcome_jam_state_mse": 4736.52091503268,
      "h125/outcome_miss_episode_count": 3,
      "h125/outcome_miss_final_state_mse": 95077.67647058824,
      "h125/outcome_miss_state_mse": 5212.706928104575,
      "h125/outcome_partial_episode_count": 3,
      "h125/outcome_partial_final_state_mse": 94426.20751633987,
      "h125/outcome_partial_state_mse": 4943.718849673202,
      "h125/outcome_success_episode_count": 3,
      "h125/outcome_success_final_state_mse": 95268.99346405228,
      "h125/outcome_success_state_mse": 5002.956522875817,
      "h125/state_mse": 4965.342870588235,
      "h20/episode_count": 15,
      "h20/final_state_mse": 0.0027915767594879747,
      "h20/outcome_drop_episode_count": 3,
      "h20/outcome_drop_final_state_mse": 0.002372100900590809,
      "h20/outcome_drop_state_mse": 0.001711502612805834,
      "h20/outcome_jam_episode_count": 3,
      "h20/outcome_jam_final_state_mse": 0.002244178765739491,
      "h20/outcome_jam_state_mse": 0.0020894812992195678,
      "h20/outcome_miss_episode_count": 3,
      "h20/outcome_miss_final_state_mse": 0.004973179472038169,
      "h20/outcome_miss_state_mse": 0.006191182915681328,
      "h20/outcome_partial_episode_count": 3,
      "h20/outcome_partial_final_state_mse": 0.00217178220452826,
      "h20/outcome_partial_state_mse": 0.0016365029843024958,
      "h20/outcome_success_episode_count": 3,
      "h20/outcome_success_final_state_mse": 0.002196641821487277,
      "h20/outcome_success_state_mse": 0.0016535193701974708,
      "h20/state_mse": 0.002656437992270476,
      "h30/episode_count": 15,
      "h30/final_state_mse": 0.005385964212853924,
      "h30/outcome_drop_episode_count": 3,
      "h30/outcome_drop_final_state_mse": 0.004137485537653655,
      "h30/outcome_drop_state_mse": 0.002173394263439968,
      "h30/outcome_jam_episode_count": 3,
      "h30/outcome_jam_final_state_mse": 0.004654768148278878,
      "h30/outcome_jam_state_mse": 0.0025492120152724855,
      "h30/outcome_miss_episode_count": 3,
      "h30/outcome_miss_final_state_mse": 0.010049487786744934,
      "h30/outcome_miss_state_mse": 0.006715333020245588,
      "h30/outcome_partial_episode_count": 3,
      "h30/outcome_partial_final_state_mse": 0.004028933548849392,
      "h30/outcome_partial_state_mse": 0.00209099420535019,
      "h30/outcome_success_episode_count": 3,
      "h30/outcome_success_final_state_mse": 0.004059146432315602,
      "h30/outcome_success_state_mse": 0.0021039737335736973,
      "h30/state_mse": 0.00312658139563334,
      "h40/episode_count": 15,
      "h40/final_state_mse": 0.01747097813226039,
      "h40/outcome_drop_episode_count": 3,
      "h40/outcome_drop_final_state_mse": 0.01872615681754218,
      "h40/outcome_drop_state_mse": 0.00440309359357248,
      "h40/outcome_jam_episode_count": 3,
      "h40/outcome_jam_final_state_mse": 0.01810554273767409,
      "h40/outcome_jam_state_mse": 0.0044114874079336525,
      "h40/outcome_miss_episode_count": 3,
      "h40/outcome_miss_final_state_mse": 0.014192149335262822,
      "h40/outcome_miss_state_mse": 0.008020516002879422,
      "h40/outcome_partial_episode_count": 3,
      "h40/outcome_partial_final_state_mse": 0.01802367751115288,
      "h40/outcome_partial_state_mse": 0.004071968676997166,
      "h40/outcome_success_episode_count": 3,
      "h40/outcome_success_final_state_mse": 0.018307369908476187,
      "h40/outcome_success_state_mse": 0.004095994257459453,
      "h40/state_mse": 0.005000612346175449,
      "h50/episode_count": 15,
      "h50/final_state_mse": 0.061481435937819136,
      "h50/outcome_drop_episode_count": 3,
      "h50/outcome_drop_final_state_mse": 0.06789523168326983,
      "h50/outcome_drop_state_mse": 0.011967379002789267,
      "h50/outcome_jam_episode_count": 3,
      "h50/outcome_jam_final_state_mse": 0.05798049066580978,
      "h50/outcome_jam_state_mse": 0.011026286954194112,
      "h50/outcome_miss_episode_count": 3,
      "h50/outcome_miss_final_state_mse": 0.06036075657489253,
      "h50/outcome_miss_state_mse": 0.012725321950476154,
      "h50/outcome_partial_episode_count": 3,
      "h50/outcome_partial_final_state_mse": 0.0607404880274355,
      "h50/outcome_partial_state_mse": 0.010770464878456265,
      "h50/outcome_success_episode_count": 3,
      "h50/outcome_success_final_state_mse": 0.06043020260879417,
      "h50/outcome_success_state_mse": 0.01084732529384638,
      "h50/state_mse": 0.011467356164470997,
      "h75/episode_count": 15,
      "h75/final_state_mse": 7.8100809334150325,
      "h75/outcome_drop_episode_count": 3,
      "h75/outcome_drop_final_state_mse": 8.305505490770527,
      "h75/outcome_drop_state_mse": 0.5443040343307461,
      "h75/outcome_jam_episode_count": 3,
      "h75/outcome_jam_final_state_mse": 8.21929303337546,
      "h75/outcome_jam_state_mse": 0.5350268288739106,
      "h75/outcome_miss_episode_count": 3,
      "h75/outcome_miss_final_state_mse": 5.468131071601817,
      "h75/outcome_miss_state_mse": 0.4892995876736111,
      "h75/outcome_partial_episode_count": 3,
      "h75/outcome_partial_final_state_mse": 8.565183053608813,
      "h75/outcome_partial_state_mse": 0.5493609898386438,
      "h75/outcome_success_episode_count": 3,
      "h75/outcome_success_final_state_mse": 8.492291020412072,
      "h75/outcome_success_state_mse": 0.5460069657203159,
      "h75/state_mse": 0.5327996663943355,
      "max_requested_horizon": 125,
      "reencode_period": null,
      "rollout_mode": "no_reencode"
    },
    "periodic_1": {
      "episode_count": 15,
      "h10/episode_count": 15,
      "h10/final_state_mse": 0.0037165074566610497,
      "h10/outcome_drop_episode_count": 3,
      "h10/outcome_drop_final_state_mse": 0.003055981536901075,
      "h10/outcome_drop_state_mse": 0.0029011281876782187,
      "h10/outcome_jam_episode_count": 3,
      "h10/outcome_jam_final_state_mse": 0.0036513604272424786,
      "h10/outcome_jam_state_mse": 0.003332702279870027,
      "h10/outcome_miss_episode_count": 3,
      "h10/outcome_miss_final_state_mse": 0.0054632250000448785,
      "h10/outcome_miss_state_mse": 0.009813717299816655,
      "h10/outcome_partial_episode_count": 3,
      "h10/outcome_partial_final_state_mse": 0.0032335235645958023,
      "h10/outcome_partial_state_mse": 0.0029404873551886067,
      "h10/outcome_success_episode_count": 3,
      "h10/outcome_success_final_state_mse": 0.003178445999723634,
      "h10/outcome_success_state_mse": 0.002919015970105439,
      "h10/state_mse": 0.004381410187365962,
      "h100/episode_count": 15,
      "h100/final_state_mse": 0.006851009917415046,
      "h100/outcome_drop_episode_count": 3,
      "h100/outcome_drop_final_state_mse": 0.009704229294085036,
      "h100/outcome_drop_state_mse": 0.004163698994256312,
      "h100/outcome_jam_episode_count": 3,
      "h100/outcome_jam_final_state_mse": 0.006394349476870368,
      "h100/outcome_jam_state_mse": 0.0037430215972700928,
      "h100/outcome_miss_episode_count": 3,
      "h100/outcome_miss_final_state_mse": 0.008697363481022954,
      "h100/outcome_miss_state_mse": 0.004916633655822355,
      "h100/outcome_partial_episode_count": 3,
      "h100/outcome_partial_final_state_mse": 0.004689055135826659,
      "h100/outcome_partial_state_mse": 0.0031882554097892413,
      "h100/outcome_success_episode_count": 3,
      "h100/outcome_success_final_state_mse": 0.004770051322731317,
      "h100/outcome_success_state_mse": 0.0032450533848182826,
      "h100/state_mse": 0.003851332720588235,
      "h125/episode_count": 15,
      "h125/final_state_mse": 0.00802574656368081,
      "h125/outcome_drop_episode_count": 3,
      "h125/outcome_drop_final_state_mse": 0.01130560274217643,
      "h125/outcome_drop_state_mse": 0.005629992715673509,
      "h125/outcome_jam_episode_count": 3,
      "h125/outcome_jam_final_state_mse": 0.007162539105789334,
      "h125/outcome_jam_state_mse": 0.004412629470326542,
      "h125/outcome_miss_episode_count": 3,
      "h125/outcome_miss_final_state_mse": 0.009638520481150135,
      "h125/outcome_miss_state_mse": 0.00577090314478656,
      "h125/outcome_partial_episode_count": 3,
      "h125/outcome_partial_final_state_mse": 0.004235991319410162,
      "h125/outcome_partial_state_mse": 0.0034076579972809437,
      "h125/outcome_success_episode_count": 3,
      "h125/outcome_success_final_state_mse": 0.007786083844752094,
      "h125/outcome_success_state_mse": 0.004198450624553206,
      "h125/state_mse": 0.004683926930147059,
      "h20/episode_count": 15,
      "h20/final_state_mse": 0.0037025099486307383,
      "h20/outcome_drop_episode_count": 3,
      "h20/outcome_drop_final_state_mse": 0.0036961264129168067,
      "h20/outcome_drop_state_mse": 0.003313126517277138,
      "h20/outcome_jam_episode_count": 3,
      "h20/outcome_jam_final_state_mse": 0.00391566816693038,
      "h20/outcome_jam_state_mse": 0.003812689952601015,
      "h20/outcome_miss_episode_count": 3,
      "h20/outcome_miss_final_state_mse": 0.004084751642996969,
      "h20/outcome_miss_state_mse": 0.006981821776994693,
      "h20/outcome_partial_episode_count": 3,
      "h20/outcome_partial_final_state_mse": 0.0034389798985976798,
      "h20/outcome_partial_state_mse": 0.003329024595372817,
      "h20/outcome_success_episode_count": 3,
      "h20/outcome_success_final_state_mse": 0.003377025009565104,
      "h20/outcome_success_state_mse": 0.0033154941462223827,
      "h20/state_mse": 0.004150431514565462,
      "h30/episode_count": 15,
      "h30/final_state_mse": 0.0032802104949951174,
      "h30/outcome_drop_episode_count": 3,
      "h30/outcome_drop_final_state_mse": 0.0032031338881043825,
      "h30/outcome_drop_state_mse": 0.003249708240068556,
      "h30/outcome_jam_episode_count": 3,
      "h30/outcome_jam_final_state_mse": 0.003376766065366907,
      "h30/outcome_jam_state_mse": 0.0036673426368397564,
      "h30/outcome_miss_episode_count": 3,
      "h30/outcome_miss_final_state_mse": 0.003436497467405656,
      "h30/outcome_miss_state_mse": 0.0059516306276674626,
      "h30/outcome_partial_episode_count": 3,
      "h30/outcome_partial_final_state_mse": 0.003171349029525433,
      "h30/outcome_partial_state_mse": 0.003255799860736124,
      "h30/outcome_success_episode_count": 3,
      "h30/outcome_success_final_state_mse": 0.0032133054402139452,
      "h30/outcome_success_state_mse": 0.0032525416812605847,
      "h30/state_mse": 0.003875404640480324,
      "h40/episode_count": 15,
      "h40/final_state_mse": 0.0035009225209554034,
      "h40/outcome_drop_episode_count": 3,
      "h40/outcome_drop_final_state_mse": 0.003397279266828026,
      "h40/outcome_drop_state_mse": 0.003269163767496745,
      "h40/outcome_jam_episode_count": 3,
      "h40/outcome_jam_final_state_mse": 0.003400888610509486,
      "h40/outcome_jam_state_mse": 0.0036596157971550435,
      "h40/outcome_miss_episode_count": 3,
      "h40/outcome_miss_final_state_mse": 0.004222639051138186,
      "h40/outcome_miss_state_mse": 0.00552726976232591,
      "h40/outcome_partial_episode_count": 3,
      "h40/outcome_partial_final_state_mse": 0.0032139585590830037,
      "h40/outcome_partial_state_mse": 0.0032403649847491892,
      "h40/outcome_success_episode_count": 3,
      "h40/outcome_success_final_state_mse": 0.003269847312004738,
      "h40/outcome_success_state_mse": 0.003244188213660047,
      "h40/state_mse": 0.0037881207933612897,
      "h50/episode_count": 15,
      "h50/final_state_mse": 0.0027065806918674046,
      "h50/outcome_drop_episode_count": 3,
      "h50/outcome_drop_final_state_mse": 0.0026707063410796373,
      "h50/outcome_drop_state_mse": 0.003278694589153614,
      "h50/outcome_jam_episode_count": 3,
      "h50/outcome_jam_final_state_mse": 0.003407134777969784,
      "h50/outcome_jam_state_mse": 0.003559197569205091,
      "h50/outcome_miss_episode_count": 3,
      "h50/outcome_miss_final_state_mse": 0.0029302894874335896,
      "h50/outcome_miss_state_mse": 0.005104614706600414,
      "h50/outcome_partial_episode_count": 3,
      "h50/outcome_partial_final_state_mse": 0.0022553297039730096,
      "h50/outcome_partial_state_mse": 0.0031042641907735587,
      "h50/outcome_success_episode_count": 3,
      "h50/outcome_success_final_state_mse": 0.0022694430027911864,
      "h50/outcome_success_state_mse": 0.003111011156069687,
      "h50/state_mse": 0.0036315566916870915,
      "h75/episode_count": 15,
      "h75/final_state_mse": 0.004747046053020004,
      "h75/outcome_drop_episode_count": 3,
      "h75/outcome_drop_final_state_mse": 0.0061286022655325,
      "h75/outcome_drop_state_mse": 0.0035237997549551502,
      "h75/outcome_jam_episode_count": 3,
      "h75/outcome_jam_final_state_mse": 0.004124393211860282,
      "h75/outcome_jam_state_mse": 0.0035118235170451644,
      "h75/outcome_miss_episode_count": 3,
      "h75/outcome_miss_final_state_mse": 0.006095229435005998,
      "h75/outcome_miss_state_mse": 0.004541268275973584,
      "h75/outcome_partial_episode_count": 3,
      "h75/outcome_partial_final_state_mse": 0.0032920684495003393,
      "h75/outcome_partial_state_mse": 0.0029661501466838364,
      "h75/outcome_success_episode_count": 3,
      "h75/outcome_success_final_state_mse": 0.004094935515347649,
      "h75/outcome_success_state_mse": 0.0030110470142239837,
      "h75/state_mse": 0.003510817716843682,
      "max_requested_horizon": 125,
      "reencode_period": 1,
      "rollout_mode": "periodic_1"
    },
    "periodic_10": {
      "episode_count": 15,
      "h10/episode_count": 15,
      "h10/final_state_mse": 0.001974134195863811,
      "h10/outcome_drop_episode_count": 3,
      "h10/outcome_drop_final_state_mse": 0.0014255961610211267,
      "h10/outcome_drop_state_mse": 0.001625622331706527,
      "h10/outcome_jam_episode_count": 3,
      "h10/outcome_jam_final_state_mse": 0.0022500523067767323,
      "h10/outcome_jam_state_mse": 0.002038401715895709,
      "h10/outcome_miss_episode_count": 3,
      "h10/outcome_miss_final_state_mse": 0.003354594501015408,
      "h10/outcome_miss_state_mse": 0.008767334386414173,
      "h10/outcome_partial_episode_count": 3,
      "h10/outcome_partial_final_state_mse": 0.001415646641083013,
      "h10/outcome_partial_state_mse": 0.001542240420198129,
      "h10/outcome_success_episode_count": 3,
      "h10/outcome_success_final_state_mse": 0.0014247821729167615,
      "h10/outcome_success_state_mse": 0.0015573706891801621,
      "h10/state_mse": 0.0031061937918070875,
      "h100/episode_count": 15,
      "h100/final_state_mse": 0.0026077582166085835,
      "h100/outcome_drop_episode_count": 3,
      "h100/outcome_drop_final_state_mse": 0.00272697054482753,
      "h100/outcome_drop_state_mse": 0.0020427764630785174,
      "h100/outcome_jam_episode_count": 3,
      "h100/outcome_jam_final_state_mse": 0.0022550573438600775,
      "h100/outcome_jam_state_mse": 0.002293148477093067,
      "h100/outcome_miss_episode_count": 3,
      "h100/outcome_miss_final_state_mse": 0.003282913585114323,
      "h100/outcome_miss_state_mse": 0.002796897077872083,
      "h100/outcome_partial_episode_count": 3,
      "h100/outcome_partial_final_state_mse": 0.0023843674780496585,
      "h100/outcome_partial_state_mse": 0.0016619083304810368,
      "h100/outcome_success_episode_count": 3,
      "h100/outcome_success_final_state_mse": 0.0023894814007422503,
      "h100/outcome_success_state_mse": 0.0018288142073388193,
      "h100/state_mse": 0.0021247087865093953,
      "h125/episode_count": 15,
      "h125/final_state_mse": 0.003910051919276418,
      "h125/outcome_drop_episode_count": 3,
      "h125/outcome_drop_final_state_mse": 0.004483910411401512,
      "h125/outcome_drop_state_mse": 0.002434463226717282,
      "h125/outcome_jam_episode_count": 3,
      "h125/outcome_jam_final_state_mse": 0.00455077158080207,
      "h125/outcome_jam_state_mse": 0.002601531433903314,
      "h125/outcome_miss_episode_count": 3,
      "h125/outcome_miss_final_state_mse": 0.00568787008523941,
      "h125/outcome_miss_state_mse": 0.0032029955496195874,
      "h125/outcome_partial_episode_count": 3,
      "h125/outcome_partial_final_state_mse": 0.0020643762172826755,
      "h125/outcome_partial_state_mse": 0.0017729655745761846,
      "h125/outcome_success_episode_count": 3,
      "h125/outcome_success_final_state_mse": 0.002763329743365057,
      "h125/outcome_success_state_mse": 0.002016750759548611,
      "h125/state_mse": 0.0024057412939133987,
      "h20/episode_count": 15,
      "h20/final_state_mse": 0.0016043803271125344,
      "h20/outcome_drop_episode_count": 3,
      "h20/outcome_drop_final_state_mse": 0.0016974099223909815,
      "h20/outcome_drop_state_mse": 0.0015299928733725954,
      "h20/outcome_jam_episode_count": 3,
      "h20/outcome_jam_final_state_mse": 0.001656749523153492,
      "h20/outcome_jam_state_mse": 0.001914020223555222,
      "h20/outcome_miss_episode_count": 3,
      "h20/outcome_miss_final_state_mse": 0.001687120281013788,
      "h20/outcome_miss_state_mse": 0.0054648896447973315,
      "h20/outcome_partial_episode_count": 3,
      "h20/outcome_partial_final_state_mse": 0.0014899242547602436,
      "h20/outcome_partial_state_mse": 0.0014493480227351968,
      "h20/outcome_success_episode_count": 3,
      "h20/outcome_success_final_state_mse": 0.0014906974959802005,
      "h20/outcome_success_state_mse": 0.001462650143243129,
      "h20/state_mse": 0.002364180072460299,
      "h30/episode_count": 15,
      "h30/final_state_mse": 0.001557819204392776,
      "h30/outcome_drop_episode_count": 3,
      "h30/outcome_drop_final_state_mse": 0.0014250390231609344,
      "h30/outcome_drop_state_mse": 0.0016206963908958019,
      "h30/outcome_jam_episode_count": 3,
      "h30/outcome_jam_final_state_mse": 0.0019186601967982996,
      "h30/outcome_jam_state_mse": 0.0020253606091916953,
      "h30/outcome_miss_episode_count": 3,
      "h30/outcome_miss_final_state_mse": 0.0014266328630494136,
      "h30/outcome_miss_state_mse": 0.004239952070780569,
      "h30/outcome_partial_episode_count": 3,
      "h30/outcome_partial_final_state_mse": 0.001467405227956429,
      "h30/outcome_partial_state_mse": 0.0015561026425662903,
      "h30/outcome_success_episode_count": 3,
      "h30/outcome_success_final_state_mse": 0.001551358905785224,
      "h30/outcome_success_state_mse": 0.0015665815286906456,
      "h30/state_mse": 0.002201738710756655,
      "h40/episode_count": 15,
      "h40/final_state_mse": 0.0013518531338062162,
      "h40/outcome_drop_episode_count": 3,
      "h40/outcome_drop_final_state_mse": 0.0014907220755916795,
      "h40/outcome_drop_state_mse": 0.0016076576086430769,
      "h40/outcome_jam_episode_count": 3,
      "h40/outcome_jam_final_state_mse": 0.0014084841496025036,
      "h40/outcome_jam_state_mse": 0.002013211624295104,
      "h40/outcome_miss_episode_count": 3,
      "h40/outcome_miss_final_state_mse": 0.0012287622427239137,
      "h40/outcome_miss_state_mse": 0.003494168652428521,
      "h40/outcome_partial_episode_count": 3,
      "h40/outcome_partial_final_state_mse": 0.001334203151511211,
      "h40/outcome_partial_state_mse": 0.0015401221763074787,
      "h40/outcome_success_episode_count": 3,
      "h40/outcome_success_final_state_mse": 0.00129709392786026,
      "h40/outcome_success_state_mse": 0.0015556666001774906,
      "h40/state_mse": 0.002042165394701989,
      "h50/episode_count": 15,
      "h50/final_state_mse": 0.0015136354109820198,
      "h50/outcome_drop_episode_count": 3,
      "h50/outcome_drop_final_state_mse": 0.001787488026167053,
      "h50/outcome_drop_state_mse": 0.0016787423651202832,
      "h50/outcome_jam_episode_count": 3,
      "h50/outcome_jam_final_state_mse": 0.001831468584295971,
      "h50/outcome_jam_state_mse": 0.0020021985247244242,
      "h50/outcome_miss_episode_count": 3,
      "h50/outcome_miss_final_state_mse": 0.0013103706981329357,
      "h50/outcome_miss_state_mse": 0.003047078201194215,
      "h50/outcome_partial_episode_count": 3,
      "h50/outcome_partial_final_state_mse": 0.0012733084119223301,
      "h50/outcome_partial_state_mse": 0.001508369087393767,
      "h50/outcome_success_episode_count": 3,
      "h50/outcome_success_final_state_mse": 0.0013655418639673905,
      "h50/outcome_success_state_mse": 0.001524651471306296,
      "h50/state_mse": 0.0019522078769658906,
      "h75/episode_count": 15,
      "h75/final_state_mse": 0.0026287805021198746,
      "h75/outcome_drop_episode_count": 3,
      "h75/outcome_drop_final_state_mse": 0.003012754607434366,
      "h75/outcome_drop_state_mse": 0.001804403666577308,
      "h75/outcome_jam_episode_count": 3,
      "h75/outcome_jam_final_state_mse": 0.0024130904158346012,
      "h75/outcome_jam_state_mse": 0.0020966798703395202,
      "h75/outcome_miss_episode_count": 3,
      "h75/outcome_miss_final_state_mse": 0.0030705531438191733,
      "h75/outcome_miss_state_mse": 0.0026712202766102644,
      "h75/outcome_partial_episode_count": 3,
      "h75/outcome_partial_final_state_mse": 0.0018506682922247969,
      "h75/outcome_partial_state_mse": 0.0015676776827810118,
      "h75/outcome_success_episode_count": 3,
      "h75/outcome_success_final_state_mse": 0.002796836440859277,
      "h75/outcome_success_state_mse": 0.001620440306486907,
      "h75/state_mse": 0.0019520843439372276,
      "max_requested_horizon": 125,
      "reencode_period": 10,
      "rollout_mode": "periodic_10"
    },
    "periodic_100": {
      "episode_count": 15,
      "h10/episode_count": 15,
      "h10/final_state_mse": 0.001974134195863811,
      "h10/outcome_drop_episode_count": 3,
      "h10/outcome_drop_final_state_mse": 0.0014255961610211267,
      "h10/outcome_drop_state_mse": 0.001625622331706527,
      "h10/outcome_jam_episode_count": 3,
      "h10/outcome_jam_final_state_mse": 0.0022500523067767323,
      "h10/outcome_jam_state_mse": 0.002038401715895709,
      "h10/outcome_miss_episode_count": 3,
      "h10/outcome_miss_final_state_mse": 0.003354594501015408,
      "h10/outcome_miss_state_mse": 0.008767334386414173,
      "h10/outcome_partial_episode_count": 3,
      "h10/outcome_partial_final_state_mse": 0.001415646641083013,
      "h10/outcome_partial_state_mse": 0.001542240420198129,
      "h10/outcome_success_episode_count": 3,
      "h10/outcome_success_final_state_mse": 0.0014247821729167615,
      "h10/outcome_success_state_mse": 0.0015573706891801621,
      "h10/state_mse": 0.0031061937918070875,
      "h100/episode_count": 15,
      "h100/final_state_mse": 1473.6071895424836,
      "h100/outcome_drop_episode_count": 3,
      "h100/outcome_drop_final_state_mse": 1505.1070006127452,
      "h100/outcome_drop_state_mse": 83.79077920751634,
      "h100/outcome_jam_episode_count": 3,
      "h100/outcome_jam_final_state_mse": 1421.82235498366,
      "h100/outcome_jam_state_mse": 80.67985294117648,
      "h100/outcome_miss_episode_count": 3,
      "h100/outcome_miss_final_state_mse": 1425.594566993464,
      "h100/outcome_miss_state_mse": 70.24808210784313,
      "h100/outcome_partial_episode_count": 3,
      "h100/outcome_partial_final_state_mse": 1501.358775020425,
      "h100/outcome_partial_state_mse": 84.4147385620915,
      "h100/outcome_success_episode_count": 3,
      "h100/outcome_success_final_state_mse": 1514.1537479575163,
      "h100/outcome_success_state_mse": 84.65094566993464,
      "h100/state_mse": 80.75688235294118,
      "h125/episode_count": 15,
      "h125/final_state_mse": 121.23193423202615,
      "h125/outcome_drop_episode_count": 3,
      "h125/outcome_drop_final_state_mse": 120.43442350898692,
      "h125/outcome_drop_state_mse": 87.54073937908497,
      "h125/outcome_jam_episode_count": 3,
      "h125/outcome_jam_final_state_mse": 124.74872663909314,
      "h125/outcome_jam_state_mse": 85.72109640522876,
      "h125/outcome_miss_episode_count": 3,
      "h125/outcome_miss_final_state_mse": 124.36648220486111,
      "h125/outcome_miss_state_mse": 76.45819117647059,
      "h125/outcome_partial_episode_count": 3,
      "h125/outcome_partial_final_state_mse": 118.02333218443627,
      "h125/outcome_partial_state_mse": 87.94651879084968,
      "h125/outcome_success_episode_count": 3,
      "h125/outcome_success_final_state_mse": 118.58674172794117,
      "h125/outcome_success_state_mse": 88.25518709150327,
      "h125/state_mse": 85.18435555555556,
      "h20/episode_count": 15,
      "h20/final_state_mse": 0.002791577071146248,
      "h20/outcome_drop_episode_count": 3,
      "h20/outcome_drop_final_state_mse": 0.002372100900590809,
      "h20/outcome_drop_state_mse": 0.0017115028075922547,
      "h20/outcome_jam_episode_count": 3,
      "h20/outcome_jam_final_state_mse": 0.0022441789118293064,
      "h20/outcome_jam_state_mse": 0.0020894811433904313,
      "h20/outcome_miss_episode_count": 3,
      "h20/outcome_miss_final_state_mse": 0.00497317956943138,
      "h20/outcome_miss_state_mse": 0.006191183538997874,
      "h20/outcome_partial_episode_count": 3,
      "h20/outcome_partial_final_state_mse": 0.002171782228876563,
      "h20/outcome_partial_state_mse": 0.0016365029453452116,
      "h20/outcome_success_episode_count": 3,
      "h20/outcome_success_final_state_mse": 0.002196641894532185,
      "h20/outcome_success_state_mse": 0.0016535190974964816,
      "h20/state_mse": 0.002656437992270476,
      "h30/episode_count": 15,
      "h30/final_state_mse": 0.005385964212853924,
      "h30/outcome_drop_episode_count": 3,
      "h30/outcome_drop_final_state_mse": 0.004137484855901182,
      "h30/outcome_drop_state_mse": 0.0021733943673260593,
      "h30/outcome_jam_episode_count": 3,
      "h30/outcome_jam_final_state_mse": 0.004654768878727957,
      "h30/outcome_jam_state_mse": 0.002549212067215531,
      "h30/outcome_miss_episode_count": 3,
      "h30/outcome_miss_final_state_mse": 0.010049486569329804,
      "h30/outcome_miss_state_mse": 0.0067153328124734055,
      "h30/outcome_partial_episode_count": 3,
      "h30/outcome_partial_final_state_mse": 0.004028934620174707,
      "h30/outcome_partial_state_mse": 0.0020909941793786674,
      "h30/outcome_success_episode_count": 3,
      "h30/outcome_success_final_state_mse": 0.0040591470166748645,
      "h30/outcome_success_state_mse": 0.0021039737335736973,
      "h30/state_mse": 0.00312658139563334,
      "h40/episode_count": 15,
      "h40/final_state_mse": 0.017470979378893484,
      "h40/outcome_drop_episode_count": 3,
      "h40/outcome_drop_final_state_mse": 0.018726150973949557,
      "h40/outcome_drop_state_mse": 0.0044030939831453215,
      "h40/outcome_jam_episode_count": 3,
      "h40/outcome_jam_final_state_mse": 0.018105541958528405,
      "h40/outcome_jam_state_mse": 0.0044114870183608115,
      "h40/outcome_miss_episode_count": 3,
      "h40/outcome_miss_final_state_mse": 0.01419215089355419,
      "h40/outcome_miss_state_mse": 0.00802051615870856,
      "h40/outcome_partial_episode_count": 3,
      "h40/outcome_partial_final_state_mse": 0.018023679069444246,
      "h40/outcome_partial_state_mse": 0.004071968521168029,
      "h40/outcome_success_episode_count": 3,
      "h40/outcome_success_final_state_mse": 0.018307374583350286,
      "h40/outcome_success_state_mse": 0.004095994569117727,
      "h40/state_mse": 0.005000612346175449,
      "h50/episode_count": 15,
      "h50/final_state_mse": 0.06148143095128676,
      "h50/outcome_drop_episode_count": 3,
      "h50/outcome_drop_final_state_mse": 0.06789523012497846,
      "h50/outcome_drop_state_mse": 0.011967379501442504,
      "h50/outcome_jam_episode_count": 3,
      "h50/outcome_jam_final_state_mse": 0.057980475862041796,
      "h50/outcome_jam_state_mse": 0.011026286206214257,
      "h50/outcome_miss_episode_count": 3,
      "h50/outcome_miss_final_state_mse": 0.06036074722514433,
      "h50/outcome_miss_state_mse": 0.012725322199802772,
      "h50/outcome_partial_episode_count": 3,
      "h50/outcome_partial_final_state_mse": 0.06074050828522327,
      "h50/outcome_partial_state_mse": 0.010770465626436122,
      "h50/outcome_success_episode_count": 3,
      "h50/outcome_success_final_state_mse": 0.06043020728366827,
      "h50/outcome_success_state_mse": 0.01084732529384638,
      "h50/state_mse": 0.011467356164470997,
      "h75/episode_count": 15,
      "h75/final_state_mse": 7.8100809334150325,
      "h75/outcome_drop_episode_count": 3,
      "h75/outcome_drop_final_state_mse": 8.305506089154411,
      "h75/outcome_drop_state_mse": 0.5443039917790032,
      "h75/outcome_jam_episode_count": 3,
      "h75/outcome_jam_final_state_mse": 8.21928984199474,
      "h75/outcome_jam_state_mse": 0.535026818235975,
      "h75/outcome_miss_episode_count": 3,
      "h75/outcome_miss_final_state_mse": 5.4681305729485805,
      "h75/outcome_miss_state_mse": 0.48929956639773964,
      "h75/outcome_partial_episode_count": 3,
      "h75/outcome_partial_final_state_mse": 8.565184150645935,
      "h75/outcome_partial_state_mse": 0.5493609898386438,
      "h75/outcome_success_episode_count": 3,
      "h75/outcome_success_final_state_mse": 8.492293214486315,
      "h75/outcome_success_state_mse": 0.5460069550823802,
      "h75/state_mse": 0.5327996663943355,
      "max_requested_horizon": 125,
      "reencode_period": 100,
      "rollout_mode": "periodic_100"
    },
    "periodic_2": {
      "episode_count": 15,
      "h10/episode_count": 15,
      "h10/final_state_mse": 0.002131542972489899,
      "h10/outcome_drop_episode_count": 3,
      "h10/outcome_drop_final_state_mse": 0.0016080190007593117,
      "h10/outcome_drop_state_mse": 0.0017968297394272549,
      "h10/outcome_jam_episode_count": 3,
      "h10/outcome_jam_final_state_mse": 0.0018346724556941613,
      "h10/outcome_jam_state_mse": 0.002170350426941915,
      "h10/outcome_miss_episode_count": 3,
      "h10/outcome_miss_final_state_mse": 0.00399246519687129,
      "h10/outcome_miss_state_mse": 0.008888211593129277,
      "h10/outcome_partial_episode_count": 3,
      "h10/outcome_partial_final_state_mse": 0.0016082861990320916,
      "h10/outcome_partial_state_mse": 0.001784797821169585,
      "h10/outcome_success_episode_count": 3,
      "h10/outcome_success_final_state_mse": 0.0016142724970586938,
      "h10/outcome_success_state_mse": 0.0018003314149145986,
      "h10/state_mse": 0.0032881039887471914,
      "h100/episode_count": 15,
      "h100/final_state_mse": 0.00454763680501701,
      "h100/outcome_drop_episode_count": 3,
      "h100/outcome_drop_final_state_mse": 0.0047336580609184465,
      "h100/outcome_drop_state_mse": 0.002871615715276182,
      "h100/outcome_jam_episode_count": 3,
      "h100/outcome_jam_final_state_mse": 0.004866977727491092,
      "h100/outcome_jam_state_mse": 0.002960313098882538,
      "h100/outcome_miss_episode_count": 3,
      "h100/outcome_miss_final_state_mse": 0.005633192806462057,
      "h100/outcome_miss_state_mse": 0.003670463936001647,
      "h100/outcome_partial_episode_count": 3,
      "h100/outcome_partial_final_state_mse": 0.00335951948087979,
      "h100/outcome_partial_state_mse": 0.0023759792053621577,
      "h100/outcome_success_episode_count": 3,
      "h100/outcome_success_final_state_mse": 0.0041448361441200855,
      "h100/outcome_success_state_mse": 0.0025333524217792587,
      "h100/state_mse": 0.002882344962724673,
      "h125/episode_count": 15,
      "h125/final_state_mse": 0.006605228723264208,
      "h125/outcome_drop_episode_count": 3,
      "h125/outcome_drop_final_state_mse": 0.007899386625663907,
      "h125/outcome_drop_state_mse": 0.00353074675915288,
      "h125/outcome_jam_episode_count": 3,
      "h125/outcome_jam_final_state_mse": 0.007415597540101195,
      "h125/outcome_jam_state_mse": 0.0035822783326791004,
      "h125/outcome_miss_episode_count": 3,
      "h125/outcome_miss_final_state_mse": 0.007524510468143264,
      "h125/outcome_miss_state_mse": 0.004223408618004494,
      "h125/outcome_partial_episode_count": 3,
      "h125/outcome_partial_final_state_mse": 0.0033398442992977066,
      "h125/outcome_partial_state_mse": 0.00252345993939568,
      "h125/outcome_success_episode_count": 3,
      "h125/outcome_success_final_state_mse": 0.006846803611789654,
      "h125/outcome_success_state_mse": 0.003290464214250153,
      "h125/state_mse": 0.003430071742238562,
      "h20/episode_count": 15,
      "h20/final_state_mse": 0.0025476884218602397,
      "h20/outcome_drop_episode_count": 3,
      "h20/outcome_drop_final_state_mse": 0.002747052610894434,
      "h20/outcome_drop_state_mse": 0.002001131554834204,
      "h20/outcome_jam_episode_count": 3,
      "h20/outcome_jam_final_state_mse": 0.0027312220993384816,
      "h20/outcome_jam_state_mse": 0.0023768181115194085,
      "h20/outcome_miss_episode_count": 3,
      "h20/outcome_miss_final_state_mse": 0.002470035276381798,
      "h20/outcome_miss_state_mse": 0.006057923759510315,
      "h20/outcome_partial_episode_count": 3,
      "h20/outcome_partial_final_state_mse": 0.0024175064431296456,
      "h20/outcome_partial_state_mse": 0.001971327050838595,
      "h20/outcome_success_episode_count": 3,
      "h20/outcome_success_final_state_mse": 0.00237262670218555,
      "h20/outcome_success_state_mse": 0.001989491391026117,
      "h20/state_mse": 0.0028793382332995047,
      "h30/episode_count": 15,
      "h30/final_state_mse": 0.002387753031612222,
      "h30/outcome_drop_episode_count": 3,
      "h30/outcome_drop_final_state_mse": 0.0023450315777772393,
      "h30/outcome_drop_state_mse": 0.0021884253861337963,
      "h30/outcome_jam_episode_count": 3,
      "h30/outcome_jam_final_state_mse": 0.0027783015876813653,
      "h30/outcome_jam_state_mse": 0.0025641673011198023,
      "h30/outcome_miss_episode_count": 3,
      "h30/outcome_miss_final_state_mse": 0.00231733699055279,
      "h30/outcome_miss_state_mse": 0.004938269077043388,
      "h30/outcome_partial_episode_count": 3,
      "h30/outcome_partial_final_state_mse": 0.0022430682396577073,
      "h30/outcome_partial_state_mse": 0.002152872293343471,
      "h30/outcome_success_episode_count": 3,
      "h30/outcome_success_final_state_mse": 0.002255027103268243,
      "h30/outcome_success_state_mse": 0.0021686958591403006,
      "h30/state_mse": 0.0028024860456878063,
      "h40/episode_count": 15,
      "h40/final_state_mse": 0.002461036669662575,
      "h40/outcome_drop_episode_count": 3,
      "h40/outcome_drop_final_state_mse": 0.002775805740574606,
      "h40/outcome_drop_state_mse": 0.0022517924604852214,
      "h40/outcome_jam_episode_count": 3,
      "h40/outcome_jam_final_state_mse": 0.002748579371209238,
      "h40/outcome_jam_state_mse": 0.0026086392745473027,
      "h40/outcome_miss_episode_count": 3,
      "h40/outcome_miss_final_state_mse": 0.0022167834921989565,
      "h40/outcome_miss_state_mse": 0.004289720806421018,
      "h40/outcome_partial_episode_count": 3,
      "h40/outcome_partial_final_state_mse": 0.002261016542225881,
      "h40/outcome_partial_state_mse": 0.002176320630740496,
      "h40/outcome_success_episode_count": 3,
      "h40/outcome_success_final_state_mse": 0.002302997544700024,
      "h40/outcome_success_state_mse": 0.0022001410621443605,
      "h40/state_mse": 0.002705322963739532,
      "h50/episode_count": 15,
      "h50/final_state_mse": 0.002104487606123382,
      "h50/outcome_drop_episode_count": 3,
      "h50/outcome_drop_final_state_mse": 0.0020675592952304417,
      "h50/outcome_drop_state_mse": 0.002323971449160108,
      "h50/outcome_jam_episode_count": 3,
      "h50/outcome_jam_final_state_mse": 0.0027054279945255104,
      "h50/outcome_jam_state_mse": 0.0026289168214486316,
      "h50/outcome_miss_episode_count": 3,
      "h50/outcome_miss_final_state_mse": 0.00195331749768039,
      "h50/outcome_miss_state_mse": 0.0038731263353933695,
      "h50/outcome_partial_episode_count": 3,
      "h50/outcome_partial_final_state_mse": 0.0018883061175252876,
      "h50/outcome_partial_state_mse": 0.0021726679022795233,
      "h50/outcome_success_episode_count": 3,
      "h50/outcome_success_final_state_mse": 0.0019078275152281218,
      "h50/outcome_success_state_mse": 0.002195946687187245,
      "h50/state_mse": 0.002638925789228452,
      "h75/episode_count": 15,
      "h75/final_state_mse": 0.0037141912123736212,
      "h75/outcome_drop_episode_count": 3,
      "h75/outcome_drop_final_state_mse": 0.004224297657511593,
      "h75/outcome_drop_state_mse": 0.0024088181805247055,
      "h75/outcome_jam_episode_count": 3,
      "h75/outcome_jam_final_state_mse": 0.0033007251963116766,
      "h75/outcome_jam_state_mse": 0.0027009888360183484,
      "h75/outcome_miss_episode_count": 3,
      "h75/outcome_miss_final_state_mse": 0.004518645261627397,
      "h75/outcome_miss_state_mse": 0.003479196885052849,
      "h75/outcome_partial_episode_count": 3,
      "h75/outcome_partial_final_state_mse": 0.0027597502263542874,
      "h75/outcome_partial_state_mse": 0.002182521030534067,
      "h75/outcome_success_episode_count": 3,
      "h75/outcome_success_final_state_mse": 0.0037675389861748887,
      "h75/outcome_success_state_mse": 0.002244461450182015,
      "h75/state_mse": 0.002603197284773284,
      "max_requested_horizon": 125,
      "reencode_period": 2,
      "rollout_mode": "periodic_2"
    },
    "periodic_20": {
      "episode_count": 15,
      "h10/episode_count": 15,
      "h10/final_state_mse": 0.001974134195863811,
      "h10/outcome_drop_episode_count": 3,
      "h10/outcome_drop_final_state_mse": 0.0014255961610211267,
      "h10/outcome_drop_state_mse": 0.001625622331706527,
      "h10/outcome_jam_episode_count": 3,
      "h10/outcome_jam_final_state_mse": 0.0022500523067767323,
      "h10/outcome_jam_state_mse": 0.002038401715895709,
      "h10/outcome_miss_episode_count": 3,
      "h10/outcome_miss_final_state_mse": 0.003354594501015408,
      "h10/outcome_miss_state_mse": 0.008767334386414173,
      "h10/outcome_partial_episode_count": 3,
      "h10/outcome_partial_final_state_mse": 0.001415646641083013,
      "h10/outcome_partial_state_mse": 0.001542240420198129,
      "h10/outcome_success_episode_count": 3,
      "h10/outcome_success_final_state_mse": 0.0014247821729167615,
      "h10/outcome_success_state_mse": 0.0015573706891801621,
      "h10/state_mse": 0.0031061937918070875,
      "h100/episode_count": 15,
      "h100/final_state_mse": 0.0035211940216862297,
      "h100/outcome_drop_episode_count": 3,
      "h100/outcome_drop_final_state_mse": 0.003689757992629132,
      "h100/outcome_drop_state_mse": 0.002117522682239807,
      "h100/outcome_jam_episode_count": 3,
      "h100/outcome_jam_final_state_mse": 0.0038393467567325416,
      "h100/outcome_jam_state_mse": 0.0023885682673236122,
      "h100/outcome_miss_episode_count": 3,
      "h100/outcome_miss_final_state_mse": 0.004270735324597826,
      "h100/outcome_miss_state_mse": 0.0030696450027765014,
      "h100/outcome_partial_episode_count": 3,
      "h100/outcome_partial_final_state_mse": 0.002001044870007272,
      "h100/outcome_partial_state_mse": 0.0016826109481013678,
      "h100/outcome_success_episode_count": 3,
      "h100/outcome_success_final_state_mse": 0.003805084847936443,
      "h100/outcome_success_state_mse": 0.0019346850214440837,
      "h100/state_mse": 0.0022386063719107433,
      "h125/episode_count": 15,
      "h125/final_state_mse": 0.0040568199033051535,
      "h125/outcome_drop_episode_count": 3,
      "h125/outcome_drop_final_state_mse": 0.004879535023683037,
      "h125/outcome_drop_state_mse": 0.0025847449209175856,
      "h125/outcome_jam_episode_count": 3,
      "h125/outcome_jam_final_state_mse": 0.004549192155108732,
      "h125/outcome_jam_state_mse": 0.002750316545075061,
      "h125/outcome_miss_episode_count": 3,
      "h125/outcome_miss_final_state_mse": 0.00562732613164615,
      "h125/outcome_miss_state_mse": 0.0033653454749412786,
      "h125/outcome_partial_episode_count": 3,
      "h125/outcome_partial_final_state_mse": 0.00204525420478746,
      "h125/outcome_partial_state_mse": 0.001770159602944368,
      "h125/outcome_success_episode_count": 3,
      "h125/outcome_success_final_state_mse": 0.003182791514334336,
      "h125/outcome_success_state_mse": 0.0022360726150811886,
      "h125/state_mse": 0.0025413279016033496,
      "h20/episode_count": 15,
      "h20/final_state_mse": 0.002791577071146248,
      "h20/outcome_drop_episode_count": 3,
      "h20/outcome_drop_final_state_mse": 0.002372100900590809,
      "h20/outcome_drop_state_mse": 0.0017115028075922547,
      "h20/outcome_jam_episode_count": 3,
      "h20/outcome_jam_final_state_mse": 0.0022441789118293064,
      "h20/outcome_jam_state_mse": 0.0020894811433904313,
      "h20/outcome_miss_episode_count": 3,
      "h20/outcome_miss_final_state_mse": 0.00497317956943138,
      "h20/outcome_miss_state_mse": 0.006191183538997874,
      "h20/outcome_partial_episode_count": 3,
      "h20/outcome_partial_final_state_mse": 0.002171782228876563,
      "h20/outcome_partial_state_mse": 0.0016365029453452116,
      "h20/outcome_success_episode_count": 3,
      "h20/outcome_success_final_state_mse": 0.002196641894532185,
      "h20/outcome_success_state_mse": 0.0016535190974964816,
      "h20/state_mse": 0.002656437992270476,
      "h30/episode_count": 15,
      "h30/final_state_mse": 0.00169779023313834,
      "h30/outcome_drop_episode_count": 3,
      "h30/outcome_drop_final_state_mse": 0.001539786449737019,
      "h30/outcome_drop_state_mse": 0.0017708157661953264,
      "h30/outcome_jam_episode_count": 3,
      "h30/outcome_jam_final_state_mse": 0.0020884855169486377,
      "h30/outcome_jam_state_mse": 0.0021691369594831612,
      "h30/outcome_miss_episode_count": 3,
      "h30/outcome_miss_final_state_mse": 0.0015567306648282444,
      "h30/outcome_miss_state_mse": 0.004764548262220063,
      "h30/outcome_partial_episode_count": 3,
      "h30/outcome_partial_final_state_mse": 0.0015994367354056414,
      "h30/outcome_partial_state_mse": 0.0017067361241592041,
      "h30/outcome_success_episode_count": 3,
      "h30/outcome_success_final_state_mse": 0.0017045118718170653,
      "h30/outcome_success_state_mse": 0.0017242283343229937,
      "h30/state_mse": 0.002427093073693236,
      "h40/episode_count": 15,
      "h40/final_state_mse": 0.0021620759776994295,
      "h40/outcome_drop_episode_count": 3,
      "h40/outcome_drop_final_state_mse": 0.001975307521087671,
      "h40/outcome_drop_state_mse": 0.0017485177594851824,
      "h40/outcome_jam_episode_count": 3,
      "h40/outcome_jam_final_state_mse": 0.002225726550700618,
      "h40/outcome_jam_state_mse": 0.002139889999152788,
      "h40/outcome_miss_episode_count": 3,
      "h40/outcome_miss_final_state_mse": 0.0023881045772748835,
      "h40/outcome_miss_state_mse": 0.004015198875876034,
      "h40/outcome_partial_episode_count": 3,
      "h40/outcome_partial_final_state_mse": 0.002146943819289114,
      "h40/outcome_partial_state_mse": 0.0016897723565693775,
      "h40/outcome_success_episode_count": 3,
      "h40/outcome_success_final_state_mse": 0.0020742973957965575,
      "h40/outcome_success_state_mse": 0.0017102097763734706,
      "h40/state_mse": 0.002260717504164752,
      "h50/episode_count": 15,
      "h50/final_state_mse": 0.0014405608956330742,
      "h50/outcome_drop_episode_count": 3,
      "h50/outcome_drop_final_state_mse": 0.001673915514758989,
      "h50/outcome_drop_state_mse": 0.0017716766494551516,
      "h50/outcome_jam_episode_count": 3,
      "h50/outcome_jam_final_state_mse": 0.0017157309487754223,
      "h50/outcome_jam_state_mse": 0.0020894625607658836,
      "h50/outcome_miss_episode_count": 3,
      "h50/outcome_miss_final_state_mse": 0.0013051929889745962,
      "h50/outcome_miss_state_mse": 0.003472803340238683,
      "h50/outcome_partial_episode_count": 3,
      "h50/outcome_partial_final_state_mse": 0.001211369349286447,
      "h50/outcome_partial_state_mse": 0.0016186057196723091,
      "h50/outcome_success_episode_count": 3,
      "h50/outcome_success_final_state_mse": 0.0012965961998584225,
      "h50/outcome_success_state_mse": 0.0016392352222617155,
      "h50/state_mse": 0.002118356542649612,
      "h75/episode_count": 15,
      "h75/final_state_mse": 0.002409263218150419,
      "h75/outcome_drop_episode_count": 3,
      "h75/outcome_drop_final_state_mse": 0.002786164019816841,
      "h75/outcome_drop_state_mse": 0.0018788603240368414,
      "h75/outcome_jam_episode_count": 3,
      "h75/outcome_jam_final_state_mse": 0.0025242930339052787,
      "h75/outcome_jam_state_mse": 0.0021815124212526808,
      "h75/outcome_miss_episode_count": 3,
      "h75/outcome_miss_final_state_mse": 0.0029614394640221317,
      "h75/outcome_miss_state_mse": 0.0029736541714803326,
      "h75/outcome_partial_episode_count": 3,
      "h75/outcome_partial_final_state_mse": 0.0014895951631022435,
      "h75/outcome_partial_state_mse": 0.001649952662017091,
      "h75/outcome_success_episode_count": 3,
      "h75/outcome_success_final_state_mse": 0.0022848246290403254,
      "h75/outcome_success_state_mse": 0.0017072377381501375,
      "h75/state_mse": 0.0020782436129833876,
      "max_requested_horizon": 125,
      "reencode_period": 20,
      "rollout_mode": "periodic_20"
    },
    "periodic_5": {
      "episode_count": 15,
      "h10/episode_count": 15,
      "h10/final_state_mse": 0.0015950580048405267,
      "h10/outcome_drop_episode_count": 3,
      "h10/outcome_drop_final_state_mse": 0.0010892404791186837,
      "h10/outcome_drop_state_mse": 0.0015630623094396653,
      "h10/outcome_jam_episode_count": 3,
      "h10/outcome_jam_final_state_mse": 0.0016080412307595895,
      "h10/outcome_jam_state_mse": 0.0019288943483938578,
      "h10/outcome_miss_episode_count": 3,
      "h10/outcome_miss_final_state_mse": 0.0031736739028513043,
      "h10/outcome_miss_state_mse": 0.00886989341062658,
      "h10/outcome_partial_episode_count": 3,
      "h10/outcome_partial_final_state_mse": 0.001050511606378493,
      "h10/outcome_partial_state_mse": 0.0014860353828255648,
      "h10/outcome_success_episode_count": 3,
      "h10/outcome_success_final_state_mse": 0.0010538225859598397,
      "h10/outcome_success_state_mse": 0.0014939611643747567,
      "h10/state_mse": 0.0030683691984687757,
      "h100/episode_count": 15,
      "h100/final_state_mse": 0.002825290081547756,
      "h100/outcome_drop_episode_count": 3,
      "h100/outcome_drop_final_state_mse": 0.0033928189012739393,
      "h100/outcome_drop_state_mse": 0.0022541173299153645,
      "h100/outcome_jam_episode_count": 3,
      "h100/outcome_jam_final_state_mse": 0.0023896668374148848,
      "h100/outcome_jam_state_mse": 0.0024711090599010195,
      "h100/outcome_miss_episode_count": 3,
      "h100/outcome_miss_final_state_mse": 0.003459026635277505,
      "h100/outcome_miss_state_mse": 0.003085186029571334,
      "h100/outcome_partial_episode_count": 3,
      "h100/outcome_partial_final_state_mse": 0.0025182322057244045,
      "h100/outcome_partial_state_mse": 0.0018574538573720098,
      "h100/outcome_success_episode_count": 3,
      "h100/outcome_success_final_state_mse": 0.0023667059984861637,
      "h100/outcome_success_state_mse": 0.001995195937312506,
      "h100/state_mse": 0.0023326124802134397,
      "h125/episode_count": 15,
      "h125/final_state_mse": 0.004080265955208173,
      "h125/outcome_drop_episode_count": 3,
      "h125/outcome_drop_final_state_mse": 0.004735049858591915,
      "h125/outcome_drop_state_mse": 0.0027314601972991343,
      "h125/outcome_jam_episode_count": 3,
      "h125/outcome_jam_final_state_mse": 0.005034958517629337,
      "h125/outcome_jam_state_mse": 0.0027941144556781045,
      "h125/outcome_miss_episode_count": 3,
      "h125/outcome_miss_final_state_mse": 0.004886133121509178,
      "h125/outcome_miss_state_mse": 0.0033896963082107844,
      "h125/outcome_partial_episode_count": 3,
      "h125/outcome_partial_final_state_mse": 0.002232822206090478,
      "h125/outcome_partial_state_mse": 0.0019893206428079043,
      "h125/outcome_success_episode_count": 3,
      "h125/outcome_success_final_state_mse": 0.003512364952198041,
      "h125/outcome_success_state_mse": 0.002300165114059947,
      "h125/state_mse": 0.002640951478247549,
      "h20/episode_count": 15,
      "h20/final_state_mse": 0.0016591964983472638,
      "h20/outcome_drop_episode_count": 3,
      "h20/outcome_drop_final_state_mse": 0.0018197387408197315,
      "h20/outcome_drop_state_mse": 0.0015337127096512737,
      "h20/outcome_jam_episode_count": 3,
      "h20/outcome_jam_final_state_mse": 0.0018554072267089794,
      "h20/outcome_jam_state_mse": 0.0018949611514222388,
      "h20/outcome_miss_episode_count": 3,
      "h20/outcome_miss_final_state_mse": 0.0016701927810323005,
      "h20/outcome_miss_state_mse": 0.005626724124733919,
      "h20/outcome_partial_episode_count": 3,
      "h20/outcome_partial_final_state_mse": 0.001495991096971861,
      "h20/outcome_partial_state_mse": 0.0014328785971099256,
      "h20/outcome_success_episode_count": 3,
      "h20/outcome_success_final_state_mse": 0.0014546522079339993,
      "h20/outcome_success_state_mse": 0.0014389171709422192,
      "h20/state_mse": 0.0023854389066010518,
      "h30/episode_count": 15,
      "h30/final_state_mse": 0.0017384474573571697,
      "h30/outcome_drop_episode_count": 3,
      "h30/outcome_drop_final_state_mse": 0.0016544076790607053,
      "h30/outcome_drop_state_mse": 0.001652270230852181,
      "h30/outcome_jam_episode_count": 3,
      "h30/outcome_jam_final_state_mse": 0.0019973877306077993,
      "h30/outcome_jam_state_mse": 0.0019979816636228873,
      "h30/outcome_miss_episode_count": 3,
      "h30/outcome_miss_final_state_mse": 0.0016664042338436725,
      "h30/outcome_miss_state_mse": 0.004424071987210276,
      "h30/outcome_partial_episode_count": 3,
      "h30/outcome_partial_final_state_mse": 0.00165194889007051,
      "h30/outcome_partial_state_mse": 0.0015746669571903536,
      "h30/outcome_success_episode_count": 3,
      "h30/outcome_success_final_state_mse": 0.0017220883879786224,
      "h30/outcome_success_state_mse": 0.0015825949463189816,
      "h30/state_mse": 0.0022463171466503267,
      "h40/episode_count": 15,
      "h40/final_state_mse": 0.0014987975164176591,
      "h40/outcome_drop_episode_count": 3,
      "h40/outcome_drop_final_state_mse": 0.0017687270989994598,
      "h40/outcome_drop_state_mse": 0.0016860908542583191,
      "h40/outcome_jam_episode_count": 3,
      "h40/outcome_jam_final_state_mse": 0.0016186464261385351,
      "h40/outcome_jam_state_mse": 0.0020268336620206146,
      "h40/outcome_miss_episode_count": 3,
      "h40/outcome_miss_final_state_mse": 0.001311247888343786,
      "h40/outcome_miss_state_mse": 0.0037040592798220566,
      "h40/outcome_partial_episode_count": 3,
      "h40/outcome_partial_final_state_mse": 0.0014039294830724305,
      "h40/outcome_partial_state_mse": 0.001589636280645732,
      "h40/outcome_success_episode_count": 3,
      "h40/outcome_success_final_state_mse": 0.0013914370751069262,
      "h40/outcome_success_state_mse": 0.0015992572884154475,
      "h40/state_mse": 0.002121175379534952,
      "h50/episode_count": 15,
      "h50/final_state_mse": 0.0017444105709300323,
      "h50/outcome_drop_episode_count": 3,
      "h50/outcome_drop_final_state_mse": 0.0018881440673973046,
      "h50/outcome_drop_state_mse": 0.0017783346051484152,
      "h50/outcome_jam_episode_count": 3,
      "h50/outcome_jam_final_state_mse": 0.0023366954981112013,
      "h50/outcome_jam_state_mse": 0.002063478208055683,
      "h50/outcome_miss_episode_count": 3,
      "h50/outcome_miss_final_state_mse": 0.0013655168095640109,
      "h50/outcome_miss_state_mse": 0.003259727378296696,
      "h50/outcome_partial_episode_count": 3,
      "h50/outcome_partial_final_state_mse": 0.0015212723291387746,
      "h50/outcome_partial_state_mse": 0.0016084706861209247,
      "h50/outcome_success_episode_count": 3,
      "h50/outcome_success_final_state_mse": 0.0016104243695735931,
      "h50/outcome_success_state_mse": 0.0016210769204532398,
      "h50/state_mse": 0.002066217559614992,
      "h75/episode_count": 15,
      "h75/final_state_mse": 0.0028859531178193933,
      "h75/outcome_drop_episode_count": 3,
      "h75/outcome_drop_final_state_mse": 0.0030587094720282587,
      "h75/outcome_drop_state_mse": 0.0019250893852549701,
      "h75/outcome_jam_episode_count": 3,
      "h75/outcome_jam_final_state_mse": 0.002631198298307805,
      "h75/outcome_jam_state_mse": 0.0022126329958049302,
      "h75/outcome_miss_episode_count": 3,
      "h75/outcome_miss_final_state_mse": 0.0035665633729080747,
      "h75/outcome_miss_state_mse": 0.0029168755192642377,
      "h75/outcome_partial_episode_count": 3,
      "h75/outcome_partial_final_state_mse": 0.0020328806165386647,
      "h75/outcome_partial_state_mse": 0.0017141813805939584,
      "h75/outcome_success_episode_count": 3,
      "h75/outcome_success_final_state_mse": 0.0031404149249877806,
      "h75/outcome_success_state_mse": 0.001768160344209027,
      "h75/state_mse": 0.002107387966579861,
      "max_requested_horizon": 125,
      "reencode_period": 5,
      "rollout_mode": "periodic_5"
    },
    "periodic_50": {
      "episode_count": 15,
      "h10/episode_count": 15,
      "h10/final_state_mse": 0.001974134195863811,
      "h10/outcome_drop_episode_count": 3,
      "h10/outcome_drop_final_state_mse": 0.0014255961610211267,
      "h10/outcome_drop_state_mse": 0.001625622331706527,
      "h10/outcome_jam_episode_count": 3,
      "h10/outcome_jam_final_state_mse": 0.0022500523067767323,
      "h10/outcome_jam_state_mse": 0.002038401715895709,
      "h10/outcome_miss_episode_count": 3,
      "h10/outcome_miss_final_state_mse": 0.003354594501015408,
      "h10/outcome_miss_state_mse": 0.008767334386414173,
      "h10/outcome_partial_episode_count": 3,
      "h10/outcome_partial_final_state_mse": 0.001415646641083013,
      "h10/outcome_partial_state_mse": 0.001542240420198129,
      "h10/outcome_success_episode_count": 3,
      "h10/outcome_success_final_state_mse": 0.0014247821729167615,
      "h10/outcome_success_state_mse": 0.0015573706891801621,
      "h10/state_mse": 0.0031061937918070875,
      "h100/episode_count": 15,
      "h100/final_state_mse": 0.5321576685687296,
      "h100/outcome_drop_episode_count": 3,
      "h100/outcome_drop_final_state_mse": 0.7256438062081929,
      "h100/outcome_drop_state_mse": 0.050307372847413705,
      "h100/outcome_jam_episode_count": 3,
      "h100/outcome_jam_final_state_mse": 0.5503189049515069,
      "h100/outcome_jam_state_mse": 0.046053472780713846,
      "h100/outcome_miss_episode_count": 3,
      "h100/outcome_miss_final_state_mse": 0.36319807464001225,
      "h100/outcome_miss_state_mse": 0.03439800287383834,
      "h100/outcome_partial_episode_count": 3,
      "h100/outcome_partial_final_state_mse": 0.4933869729634204,
      "h100/outcome_partial_state_mse": 0.04233442817638123,
      "h100/outcome_success_episode_count": 3,
      "h100/outcome_success_final_state_mse": 0.5282405653810189,
      "h100/outcome_success_state_mse": 0.045424769781773386,
      "h100/state_mse": 0.04370361008986928,
      "h125/episode_count": 15,
      "h125/final_state_mse": 0.09153497234668607,
      "h125/outcome_drop_episode_count": 3,
      "h125/outcome_drop_final_state_mse": 0.0841824494156183,
      "h125/outcome_drop_state_mse": 0.06000989328022876,
      "h125/outcome_jam_episode_count": 3,
      "h125/outcome_jam_final_state_mse": 0.09844434027578317,
      "h125/outcome_jam_state_mse": 0.05695460978987949,
      "h125/outcome_miss_episode_count": 3,
      "h125/outcome_miss_final_state_mse": 0.06843702465880151,
      "h125/outcome_miss_state_mse": 0.0433875772314134,
      "h125/outcome_partial_episode_count": 3,
      "h125/outcome_partial_final_state_mse": 0.10096594243267783,
      "h125/outcome_partial_state_mse": 0.05641250829758987,
      "h125/outcome_success_episode_count": 3,
      "h125/outcome_success_final_state_mse": 0.1056450800178877,
      "h125/outcome_success_state_mse": 0.05877510978349673,
      "h125/state_mse": 0.05510794015522876,
      "h20/episode_count": 15,
      "h20/final_state_mse": 0.002791577071146248,
      "h20/outcome_drop_episode_count": 3,
      "h20/outcome_drop_final_state_mse": 0.002372100900590809,
      "h20/outcome_drop_state_mse": 0.0017115028075922547,
      "h20/outcome_jam_episode_count": 3,
      "h20/outcome_jam_final_state_mse": 0.0022441789118293064,
      "h20/outcome_jam_state_mse": 0.0020894811433904313,
      "h20/outcome_miss_episode_count": 3,
      "h20/outcome_miss_final_state_mse": 0.00497317956943138,
      "h20/outcome_miss_state_mse": 0.006191183538997874,
      "h20/outcome_partial_episode_count": 3,
      "h20/outcome_partial_final_state_mse": 0.002171782228876563,
      "h20/outcome_partial_state_mse": 0.0016365029453452116,
      "h20/outcome_success_episode_count": 3,
      "h20/outcome_success_final_state_mse": 0.002196641894532185,
      "h20/outcome_success_state_mse": 0.0016535190974964816,
      "h20/state_mse": 0.002656437992270476,
      "h30/episode_count": 15,
      "h30/final_state_mse": 0.005385964212853924,
      "h30/outcome_drop_episode_count": 3,
      "h30/outcome_drop_final_state_mse": 0.004137484855901182,
      "h30/outcome_drop_state_mse": 0.0021733943673260593,
      "h30/outcome_jam_episode_count": 3,
      "h30/outcome_jam_final_state_mse": 0.004654768878727957,
      "h30/outcome_jam_state_mse": 0.002549212067215531,
      "h30/outcome_miss_episode_count": 3,
      "h30/outcome_miss_final_state_mse": 0.010049486569329804,
      "h30/outcome_miss_state_mse": 0.0067153328124734055,
      "h30/outcome_partial_episode_count": 3,
      "h30/outcome_partial_final_state_mse": 0.004028934620174707,
      "h30/outcome_partial_state_mse": 0.0020909941793786674,
      "h30/outcome_success_episode_count": 3,
      "h30/outcome_success_final_state_mse": 0.0040591470166748645,
      "h30/outcome_success_state_mse": 0.0021039737335736973,
      "h30/state_mse": 0.00312658139563334,
      "h40/episode_count": 15,
      "h40/final_state_mse": 0.017470979378893484,
      "h40/outcome_drop_episode_count": 3,
      "h40/outcome_drop_final_state_mse": 0.018726150973949557,
      "h40/outcome_drop_state_mse": 0.0044030939831453215,
      "h40/outcome_jam_episode_count": 3,
      "h40/outcome_jam_final_state_mse": 0.018105541958528405,
      "h40/outcome_jam_state_mse": 0.0044114870183608115,
      "h40/outcome_miss_episode_count": 3,
      "h40/outcome_miss_final_state_mse": 0.01419215089355419,
      "h40/outcome_miss_state_mse": 0.00802051615870856,
      "h40/outcome_partial_episode_count": 3,
      "h40/outcome_partial_final_state_mse": 0.018023679069444246,
      "h40/outcome_partial_state_mse": 0.004071968521168029,
      "h40/outcome_success_episode_count": 3,
      "h40/outcome_success_final_state_mse": 0.018307374583350286,
      "h40/outcome_success_state_mse": 0.004095994569117727,
      "h40/state_mse": 0.005000612346175449,
      "h50/episode_count": 15,
      "h50/final_state_mse": 0.06148143095128676,
      "h50/outcome_drop_episode_count": 3,
      "h50/outcome_drop_final_state_mse": 0.06789523012497846,
      "h50/outcome_drop_state_mse": 0.011967379501442504,
      "h50/outcome_jam_episode_count": 3,
      "h50/outcome_jam_final_state_mse": 0.057980475862041796,
      "h50/outcome_jam_state_mse": 0.011026286206214257,
      "h50/outcome_miss_episode_count": 3,
      "h50/outcome_miss_final_state_mse": 0.06036074722514433,
      "h50/outcome_miss_state_mse": 0.012725322199802772,
      "h50/outcome_partial_episode_count": 3,
      "h50/outcome_partial_final_state_mse": 0.06074050828522327,
      "h50/outcome_partial_state_mse": 0.010770465626436122,
      "h50/outcome_success_episode_count": 3,
      "h50/outcome_success_final_state_mse": 0.06043020728366827,
      "h50/outcome_success_state_mse": 0.01084732529384638,
      "h50/state_mse": 0.011467356164470997,
      "h75/episode_count": 15,
      "h75/final_state_mse": 0.0170603932898029,
      "h75/outcome_drop_episode_count": 3,
      "h75/outcome_drop_final_state_mse": 0.01615944952746622,
      "h75/outcome_drop_state_mse": 0.0135781604376234,
      "h75/outcome_jam_episode_count": 3,
      "h75/outcome_jam_final_state_mse": 0.021721739784564847,
      "h75/outcome_jam_state_mse": 0.01557075550353605,
      "h75/outcome_miss_episode_count": 3,
      "h75/outcome_miss_final_state_mse": 0.010499625618940864,
      "h75/outcome_miss_state_mse": 0.01255893748829827,
      "h75/outcome_partial_episode_count": 3,
      "h75/outcome_partial_final_state_mse": 0.01668454307356691,
      "h75/outcome_partial_state_mse": 0.014508728492753439,
      "h75/outcome_success_episode_count": 3,
      "h75/outcome_success_final_state_mse": 0.02023661058712629,
      "h75/outcome_success_state_mse": 0.014941646600860396,
      "h75/state_mse": 0.014231647433278868,
      "max_requested_horizon": 125,
      "reencode_period": 50,
      "rollout_mode": "periodic_50"
    }
  },
  "split": "test",
  "support_alignment": {
    "contact_phase": {
      "contact_phase_family_ari": 0.0006289224398135679,
      "contact_phase_family_nmi": 0.030946487768763166,
      "contact_phase_family_purity": 0.9996668887408394,
      "contact_phase_sample_count": 3002.0,
      "h_contact_phase_given_family": 0.0010828879859808402,
      "h_family_given_contact_phase": 1.277581945450952,
      "unique_contact_phase_count": 2.0,
      "unique_family_count": 6.0
    },
    "contact_phase_alignment_available": true,
    "evaluated_state_count": 3017,
    "family_count": 6,
    "mean_family_similarity": 0.5001125335693359,
    "mean_support_size": 214.9376864434869,
    "outcome_alignment_available": true,
    "outcome_state": {
      "h_family_given_outcome": 0.5092113346358502,
      "h_outcome_given_family": 1.2267818517526996,
      "outcome_family_ari": 0.044444444444444446,
      "outcome_family_nmi": 0.3193900179794513,
      "outcome_family_purity": 0.4,
      "outcome_sample_count": 15.0,
      "unique_family_count": 3.0,
      "unique_outcome_count": 5.0
    },
    "status": "ok",
    "unassigned_state_fraction": 0.0,
    "validation_state_count": 2346
  },
  "support_threshold": 0.2
}
summary=runs/maniskill_insertion/perturbation_e20_5k_lista_optimizer_refine_20260604_155050/lista_relu_a0p01_sp1em4_loops2_lr7em4_wd1em4_k1em4/seed2/eval_test_periodic/metrics_summary.json
end_time=Thu Jun  4 16:24:59 EDT 2026
