date=Wed Jun  3 20:49:27 EDT 2026
host=cn-f001.server.mila.quebec
commit=b5ea99e
run_root=runs/maniskill_insertion/perturbation_e20_5k_lista_tuning_ultralow_seeds12_20260603_201831
output_dir=runs/maniskill_insertion/perturbation_e20_5k_lista_tuning_ultralow_seeds12_20260603_201831/summary
rollout_key=best_periodic_rollout
horizons=10,20,30,40,50,75,100,125
primary_horizons=10,20,30,40,50
baseline_setting=dense_tanh_sp0
{
  "aggregate_csv": "runs/maniskill_insertion/perturbation_e20_5k_lista_tuning_ultralow_seeds12_20260603_201831/summary/aggregate.csv",
  "baseline": {
    "activation": "tanh",
    "batch_size": 512,
    "encoder_kind": "dense",
    "h100_mean_ratio_to_baseline": 1.0,
    "h100_mean_state_mse": 0.0030478144626991423,
    "h100_sem_state_mse": 0.00027024851281658505,
    "h10_mean_ratio_to_baseline": 1.0,
    "h10_mean_state_mse": 0.0027296847923129215,
    "h10_sem_state_mse": 0.000299406986610562,
    "h125_mean_ratio_to_baseline": 1.0,
    "h125_mean_state_mse": 0.003661746195874183,
    "h125_sem_state_mse": 9.096775428921568e-05,
    "h20_mean_ratio_to_baseline": 1.0,
    "h20_mean_state_mse": 0.0021519465851627924,
    "h20_sem_state_mse": 0.0001887740964203878,
    "h30_mean_ratio_to_baseline": 1.0,
    "h30_mean_state_mse": 0.002005547749970214,
    "h30_sem_state_mse": 0.00010370258672045207,
    "h40_mean_ratio_to_baseline": 1.0,
    "h40_mean_state_mse": 0.0019587998608358546,
    "h40_sem_state_mse": 0.00010042845034131823,
    "h50_mean_ratio_to_baseline": 1.0,
    "h50_mean_state_mse": 0.002020694508272059,
    "h50_sem_state_mse": 0.00010119030522365204,
    "h75_mean_ratio_to_baseline": 1.0,
    "h75_mean_state_mse": 0.002467971037156182,
    "h75_sem_state_mse": 0.00017163325291053933,
    "hidden_dim": "256",
    "latent_weight": "0.1",
    "lista_alpha": "0.05",
    "lista_loops": "2",
    "lr": 0.0003,
    "num_hidden_layers": "2",
    "num_steps": 5000,
    "prediction_weight": "1.0",
    "primary_beats_baseline_count": 0,
    "primary_mean_ratio_to_baseline": 1.0,
    "primary_mean_state_mse": 0.002173334699310768,
    "primary_sem_state_mse": 0.00015870048506327439,
    "reconstruction_weight": "0.1",
    "seed_count": 2,
    "sequence_length": 10,
    "setting": "dense_tanh_sp0",
    "sparsity_weight": "0.0",
    "z_dim": "320"
  },
  "baseline_setting": "dense_tanh_sp0",
  "best_lista": {
    "activation": "relu",
    "batch_size": 512,
    "encoder_kind": "lista",
    "h100_mean_ratio_to_baseline": 0.8147143215313762,
    "h100_mean_state_mse": 0.002438297047334559,
    "h100_sem_state_mse": 0.00028508284824346405,
    "h10_mean_ratio_to_baseline": 1.0377420536363031,
    "h10_mean_state_mse": 0.0028585228265500537,
    "h10_sem_state_mse": 0.000546053842781416,
    "h125_mean_ratio_to_baseline": 0.7226908010043673,
    "h125_mean_state_mse": 0.0026386152279922383,
    "h125_sem_state_mse": 0.00024400961882148678,
    "h20_mean_ratio_to_baseline": 1.0422808533157075,
    "h20_mean_state_mse": 0.0022543955784217985,
    "h20_sem_state_mse": 0.00032742743398628976,
    "h30_mean_ratio_to_baseline": 1.0785613512387486,
    "h30_mean_state_mse": 0.0021718547546785644,
    "h30_sem_state_mse": 0.00028103980103868814,
    "h40_mean_ratio_to_baseline": 1.0891001410810786,
    "h40_mean_state_mse": 0.002140863518309749,
    "h40_sem_state_mse": 0.00025632914374856385,
    "h50_mean_ratio_to_baseline": 1.0690099205641228,
    "h50_mean_state_mse": 0.002166658987406812,
    "h50_sem_state_mse": 0.00023830329047309028,
    "h75_mean_ratio_to_baseline": 0.9378784740458666,
    "h75_mean_state_mse": 0.0022854248578771785,
    "h75_sem_state_mse": 0.00025936617051334414,
    "hidden_dim": "256",
    "latent_weight": "0.03",
    "lista_alpha": "0.0001",
    "lista_loops": "2",
    "lr": 0.0003,
    "num_hidden_layers": "2",
    "num_steps": 5000,
    "prediction_weight": "2.0",
    "primary_beats_baseline_count": 1,
    "primary_mean_ratio_to_baseline": 1.0613523582894735,
    "primary_mean_state_mse": 0.0023184591330733953,
    "primary_sem_state_mse": 0.0003298307024056095,
    "reconstruction_weight": "0.03",
    "seed_count": 2,
    "sequence_length": 10,
    "setting": "lista_relu_a1em4_sp0_pred2_rec0p03_lat0p03",
    "sparsity_weight": "0.0",
    "z_dim": "320"
  },
  "best_lista_beats_baseline": false,
  "gpu_telemetry": {
    "active_fraction_ge_10_percent": 0.8342857142857143,
    "log_count": 7,
    "memory_used_max_mib": 2722.0,
    "sample_count": 175,
    "status": "ok",
    "utilization_max_percent": 100.0,
    "utilization_mean_percent": 82.69714285714285,
    "utilization_median_percent": 100.0,
    "utilization_p90_percent": 100.0
  },
  "horizons": [
    10,
    20,
    30,
    40,
    50,
    75,
    100,
    125
  ],
  "output_dir": "runs/maniskill_insertion/perturbation_e20_5k_lista_tuning_ultralow_seeds12_20260603_201831/summary",
  "per_run_csv": "runs/maniskill_insertion/perturbation_e20_5k_lista_tuning_ultralow_seeds12_20260603_201831/summary/per_run.csv",
  "primary_horizons": [
    10,
    20,
    30,
    40,
    50
  ],
  "rollout_key": "best_periodic_rollout",
  "run_count": 28,
  "run_root": "runs/maniskill_insertion/perturbation_e20_5k_lista_tuning_ultralow_seeds12_20260603_201831",
  "setting_count": 14
}
